   1              		.cpu arm926ej-s
   2              		.fpu softvfp
   3              		.eabi_attribute 20, 1
   4              		.eabi_attribute 21, 1
   5              		.eabi_attribute 23, 3
   6              		.eabi_attribute 24, 1
   7              		.eabi_attribute 25, 1
   8              		.eabi_attribute 26, 1
   9              		.eabi_attribute 30, 6
  10              		.eabi_attribute 34, 0
  11              		.eabi_attribute 18, 4
  12              		.file	"ar0234.c"
  13              		.text
  14              	.Ltext0:
  15              		.cfi_sections	.debug_frame
  16              		.comm	glAr0234Buffer,64,32
  17              		.comm	AR0234ContextConfig,56,4
  18              		.data
  19              		.align	2
  22              	glLastTempSensor1:
  23 0000 00005E42 		.word	1113456640
  24              		.align	2
  27              	glLastTempSensor2:
  28 0004 00005E42 		.word	1113456640
  29              		.bss
  30              		.align	2
  31              	glIsTempMonitorActive:
  32 0000 00000000 		.space	4
  33              		.align	2
  34              	glAr0234TxnMutex:
  35 0004 00000000 		.space	56
  35      00000000 
  35      00000000 
  35      00000000 
  35      00000000 
  36              		.align	2
  37              	glAr0234TxnMutexReady:
  38 003c 00000000 		.space	4
  39              		.align	2
  40              	glTempSensorEnabled:
  41 0040 00000000 		.space	4
  42              		.align	2
  43              	glTempCalibrationValid:
  44 0044 00000000 		.space	4
  45              		.align	1
  46              	glTempCalibSensor1:
  47 0048 0000     		.space	2
  48              		.align	1
  49              	glTempCalibSensor2:
  50 004a 0000     		.space	2
  51              		.text
  52              		.align	2
  54              	AR0234_TxnInit:
  55              	.LFB0:
  56              		.file 1 "../ar0234.c"
   1:../ar0234.c   **** #include "ar0234.h"
   2:../ar0234.c   **** #include "cyfxslfifosync.h"
   3:../ar0234.c   **** #include "cyu3error.h"
   4:../ar0234.c   **** #include "cyu3system.h"
   5:../ar0234.c   **** #include "standalone_spi/cyfx_gpio_spi_standalone.h"
   6:../ar0234.c   **** 
   7:../ar0234.c   **** 
   8:../ar0234.c   **** uint8_t glAr0234Buffer[64]  __attribute__ ((aligned (32)));  // Reduced from 1024 to 64 bytes - onl
   9:../ar0234.c   **** AR0234ContextConfig_t AR0234ContextConfig;
  10:../ar0234.c   **** 
  11:../ar0234.c   **** // 温度监控相关变量（仅保留最近一次的温度值；去除10s定时器与触发标志）
  12:../ar0234.c   **** static float glLastTempSensor1 = 55.5f;  // 改成 55.5 用于调试区分：没启动时为55.5，传感器读错时为5
  13:../ar0234.c   **** static float glLastTempSensor2 = 55.5f;  // 改成 55.5 用于调试区分：没启动时为55.5，传感器读错时为5
  14:../ar0234.c   **** static CyBool_t glIsTempMonitorActive = CyFalse; // 是否启动了后台循环读取
  15:../ar0234.c   **** 
  16:../ar0234.c   **** /* AR0234寄存器访问事务锁，避免多线程下读写序列被交叉打断。 */
  17:../ar0234.c   **** static CyU3PMutex glAr0234TxnMutex;
  18:../ar0234.c   **** static CyBool_t glAr0234TxnMutexReady = CyFalse;
  19:../ar0234.c   **** 
  20:../ar0234.c   **** /* 温度链路优化：使能与校准值缓存，避免每次轮询重复做重操作。 */
  21:../ar0234.c   **** static CyBool_t glTempSensorEnabled = CyFalse;
  22:../ar0234.c   **** static CyBool_t glTempCalibrationValid = CyFalse;
  23:../ar0234.c   **** static uint16_t glTempCalibSensor1 = 0;
  24:../ar0234.c   **** static uint16_t glTempCalibSensor2 = 0;
  25:../ar0234.c   **** 
  26:../ar0234.c   **** static void AR0234_TxnInit(void)
  27:../ar0234.c   **** {
  57              		.loc 1 27 0
  58              		.cfi_startproc
  59              		@ args = 0, pretend = 0, frame = 0
  60              		@ frame_needed = 1, uses_anonymous_args = 0
  61 0000 00482DE9 		stmfd	sp!, {fp, lr}
  62              	.LCFI0:
  63              		.cfi_def_cfa_offset 8
  64              		.cfi_offset 11, -8
  65              		.cfi_offset 14, -4
  66 0004 04B08DE2 		add	fp, sp, #4
  67              	.LCFI1:
  68              		.cfi_def_cfa 11, 4
  28:../ar0234.c   **** 	if (!glAr0234TxnMutexReady)
  69              		.loc 1 28 0
  70 0008 38309FE5 		ldr	r3, .L3
  71 000c 003093E5 		ldr	r3, [r3]
  72 0010 000053E3 		cmp	r3, #0
  73 0014 0A00001A 		bne	.L1
  29:../ar0234.c   **** 	{
  30:../ar0234.c   **** 		if (CyU3PMutexCreate(&glAr0234TxnMutex, CYU3P_NO_INHERIT) == CY_U3P_SUCCESS)
  74              		.loc 1 30 0
  75 0018 2C009FE5 		ldr	r0, .L3+4
  76 001c 0010A0E3 		mov	r1, #0
  77 0020 0020A0E3 		mov	r2, #0
  78 0024 3830A0E3 		mov	r3, #56
  79 0028 FEFFFFEB 		bl	_txe_mutex_create
  80 002c 0030A0E1 		mov	r3, r0
  81 0030 000053E3 		cmp	r3, #0
  82 0034 0200001A 		bne	.L1
  31:../ar0234.c   **** 		{
  32:../ar0234.c   **** 			glAr0234TxnMutexReady = CyTrue;
  83              		.loc 1 32 0
  84 0038 08309FE5 		ldr	r3, .L3
  85 003c 0120A0E3 		mov	r2, #1
  86 0040 002083E5 		str	r2, [r3]
  87              	.L1:
  33:../ar0234.c   **** 		}
  34:../ar0234.c   **** 	}
  35:../ar0234.c   **** }
  88              		.loc 1 35 0
  89 0044 0088BDE8 		ldmfd	sp!, {fp, pc}
  90              	.L4:
  91              		.align	2
  92              	.L3:
  93 0048 3C000000 		.word	glAr0234TxnMutexReady
  94 004c 04000000 		.word	glAr0234TxnMutex
  95              		.cfi_endproc
  96              	.LFE0:
  98              		.align	2
 100              	AR0234_TxnLock:
 101              	.LFB1:
  36:../ar0234.c   **** 
  37:../ar0234.c   **** static void AR0234_TxnLock(void)
  38:../ar0234.c   **** {
 102              		.loc 1 38 0
 103              		.cfi_startproc
 104              		@ args = 0, pretend = 0, frame = 0
 105              		@ frame_needed = 1, uses_anonymous_args = 0
 106 0050 00482DE9 		stmfd	sp!, {fp, lr}
 107              	.LCFI2:
 108              		.cfi_def_cfa_offset 8
 109              		.cfi_offset 11, -8
 110              		.cfi_offset 14, -4
 111 0054 04B08DE2 		add	fp, sp, #4
 112              	.LCFI3:
 113              		.cfi_def_cfa 11, 4
  39:../ar0234.c   **** 	if (glAr0234TxnMutexReady)
 114              		.loc 1 39 0
 115 0058 18309FE5 		ldr	r3, .L7
 116 005c 003093E5 		ldr	r3, [r3]
 117 0060 000053E3 		cmp	r3, #0
 118 0064 0200000A 		beq	.L5
  40:../ar0234.c   **** 	{
  41:../ar0234.c   **** 		CyU3PMutexGet(&glAr0234TxnMutex, CYU3P_WAIT_FOREVER);
 119              		.loc 1 41 0
 120 0068 0C009FE5 		ldr	r0, .L7+4
 121 006c 0010E0E3 		mvn	r1, #0
 122 0070 FEFFFFEB 		bl	_txe_mutex_get
 123              	.L5:
  42:../ar0234.c   **** 	}
  43:../ar0234.c   **** }
 124              		.loc 1 43 0
 125 0074 0088BDE8 		ldmfd	sp!, {fp, pc}
 126              	.L8:
 127              		.align	2
 128              	.L7:
 129 0078 3C000000 		.word	glAr0234TxnMutexReady
 130 007c 04000000 		.word	glAr0234TxnMutex
 131              		.cfi_endproc
 132              	.LFE1:
 134              		.align	2
 136              	AR0234_TxnUnlock:
 137              	.LFB2:
  44:../ar0234.c   **** 
  45:../ar0234.c   **** static void AR0234_TxnUnlock(void)
  46:../ar0234.c   **** {
 138              		.loc 1 46 0
 139              		.cfi_startproc
 140              		@ args = 0, pretend = 0, frame = 0
 141              		@ frame_needed = 1, uses_anonymous_args = 0
 142 0080 00482DE9 		stmfd	sp!, {fp, lr}
 143              	.LCFI4:
 144              		.cfi_def_cfa_offset 8
 145              		.cfi_offset 11, -8
 146              		.cfi_offset 14, -4
 147 0084 04B08DE2 		add	fp, sp, #4
 148              	.LCFI5:
 149              		.cfi_def_cfa 11, 4
  47:../ar0234.c   **** 	if (glAr0234TxnMutexReady)
 150              		.loc 1 47 0
 151 0088 14309FE5 		ldr	r3, .L11
 152 008c 003093E5 		ldr	r3, [r3]
 153 0090 000053E3 		cmp	r3, #0
 154 0094 0100000A 		beq	.L9
  48:../ar0234.c   **** 	{
  49:../ar0234.c   **** 		CyU3PMutexPut(&glAr0234TxnMutex);
 155              		.loc 1 49 0
 156 0098 08009FE5 		ldr	r0, .L11+4
 157 009c FEFFFFEB 		bl	_txe_mutex_put
 158              	.L9:
  50:../ar0234.c   **** 	}
  51:../ar0234.c   **** }
 159              		.loc 1 51 0
 160 00a0 0088BDE8 		ldmfd	sp!, {fp, pc}
 161              	.L12:
 162              		.align	2
 163              	.L11:
 164 00a4 3C000000 		.word	glAr0234TxnMutexReady
 165 00a8 04000000 		.word	glAr0234TxnMutex
 166              		.cfi_endproc
 167              	.LFE2:
 169              		.align	2
 170              		.global	TemperatureMonitor_Start
 172              	TemperatureMonitor_Start:
 173              	.LFB3:
  52:../ar0234.c   **** 
  53:../ar0234.c   **** void TemperatureMonitor_Start(void)
  54:../ar0234.c   **** {
 174              		.loc 1 54 0
 175              		.cfi_startproc
 176              		@ args = 0, pretend = 0, frame = 0
 177              		@ frame_needed = 1, uses_anonymous_args = 0
 178 00ac 00482DE9 		stmfd	sp!, {fp, lr}
 179              	.LCFI6:
 180              		.cfi_def_cfa_offset 8
 181              		.cfi_offset 11, -8
 182              		.cfi_offset 14, -4
 183 00b0 04B08DE2 		add	fp, sp, #4
 184              	.LCFI7:
 185              		.cfi_def_cfa 11, 4
  55:../ar0234.c   **** 	AR0234_TxnInit();
 186              		.loc 1 55 0
 187 00b4 D1FFFFEB 		bl	AR0234_TxnInit
  56:../ar0234.c   ****     glIsTempMonitorActive = CyTrue;
 188              		.loc 1 56 0
 189 00b8 08309FE5 		ldr	r3, .L14
 190 00bc 0120A0E3 		mov	r2, #1
 191 00c0 002083E5 		str	r2, [r3]
  57:../ar0234.c   **** }
 192              		.loc 1 57 0
 193 00c4 0088BDE8 		ldmfd	sp!, {fp, pc}
 194              	.L15:
 195              		.align	2
 196              	.L14:
 197 00c8 00000000 		.word	glIsTempMonitorActive
 198              		.cfi_endproc
 199              	.LFE3:
 201              		.align	2
 202              		.global	CyFxUsbI2cTransfer_AR0234_WR
 204              	CyFxUsbI2cTransfer_AR0234_WR:
 205              	.LFB4:
  58:../ar0234.c   **** 
  59:../ar0234.c   **** // I2C写操作：向AR0234传感器写入寄存器配置
  60:../ar0234.c   **** CyU3PReturnStatus_t CyFxUsbI2cTransfer_AR0234_WR (
  61:../ar0234.c   ****         uint8_t   devAddr,// RGB传感器：0x20, MONO传感器：0x30
  62:../ar0234.c   ****         uint16_t  regAddr,// 16位寄存器地址
  63:../ar0234.c   ****         uint16_t  byteCount,// 数据字节数（固定为2字节）
  64:../ar0234.c   ****         uint16_t  data1)// 16位配置数据
  65:../ar0234.c   **** {
 206              		.loc 1 65 0
 207              		.cfi_startproc
 208              		@ args = 0, pretend = 0, frame = 32
 209              		@ frame_needed = 1, uses_anonymous_args = 0
 210 00cc 00482DE9 		stmfd	sp!, {fp, lr}
 211              	.LCFI8:
 212              		.cfi_def_cfa_offset 8
 213              		.cfi_offset 11, -8
 214              		.cfi_offset 14, -4
 215 00d0 04B08DE2 		add	fp, sp, #4
 216              	.LCFI9:
 217              		.cfi_def_cfa 11, 4
 218 00d4 20D04DE2 		sub	sp, sp, #32
 219 00d8 1D004BE5 		strb	r0, [fp, #-29]
 220 00dc B0124BE1 		strh	r1, [fp, #-32]	@ movhi
 221 00e0 B2224BE1 		strh	r2, [fp, #-34]	@ movhi
 222 00e4 B4324BE1 		strh	r3, [fp, #-36]	@ movhi
  66:../ar0234.c   ****     CyU3PI2cPreamble_t preamble;
  67:../ar0234.c   ****     CyU3PReturnStatus_t status = CY_U3P_SUCCESS;
 223              		.loc 1 67 0
 224 00e8 0030A0E3 		mov	r3, #0
 225 00ec 08300BE5 		str	r3, [fp, #-8]
  68:../ar0234.c   ****     uint8_t  buffer[IIC_WR_AR0234_BYTES];
  69:../ar0234.c   **** 
  70:../ar0234.c   **** 	// 构造I2C数据包：[设备地址] [高位寄存器] [低位寄存器] [高位数据] [低位数据]
  71:../ar0234.c   **** 	preamble.length    = 3;
 226              		.loc 1 71 0
 227 00f0 0330A0E3 		mov	r3, #3
 228 00f4 0C304BE5 		strb	r3, [fp, #-12]
  72:../ar0234.c   **** 	preamble.buffer[0] = devAddr;
 229              		.loc 1 72 0
 230 00f8 1D305BE5 		ldrb	r3, [fp, #-29]
 231 00fc 14304BE5 		strb	r3, [fp, #-20]
  73:../ar0234.c   **** 	preamble.buffer[1] = (uint8_t)(regAddr >> 8);
 232              		.loc 1 73 0
 233 0100 B0325BE1 		ldrh	r3, [fp, #-32]
 234 0104 2334A0E1 		mov	r3, r3, lsr #8
 235 0108 0338A0E1 		mov	r3, r3, asl #16
 236 010c 2338A0E1 		mov	r3, r3, lsr #16
 237 0110 FF3003E2 		and	r3, r3, #255
 238 0114 13304BE5 		strb	r3, [fp, #-19]
  74:../ar0234.c   **** 	preamble.buffer[2] = (uint8_t)(regAddr);
 239              		.loc 1 74 0
 240 0118 B0325BE1 		ldrh	r3, [fp, #-32]	@ movhi
 241 011c FF3003E2 		and	r3, r3, #255
 242 0120 12304BE5 		strb	r3, [fp, #-18]
  75:../ar0234.c   **** 	preamble.ctrlMask  = 0x0000;
 243              		.loc 1 75 0
 244 0124 0030A0E3 		mov	r3, #0
 245 0128 BA304BE1 		strh	r3, [fp, #-10]	@ movhi
  76:../ar0234.c   **** 
  77:../ar0234.c   **** 	buffer[0] = (uint8_t)(data1 >> 8);
 246              		.loc 1 77 0
 247 012c B4325BE1 		ldrh	r3, [fp, #-36]
 248 0130 2334A0E1 		mov	r3, r3, lsr #8
 249 0134 0338A0E1 		mov	r3, r3, asl #16
 250 0138 2338A0E1 		mov	r3, r3, lsr #16
 251 013c FF3003E2 		and	r3, r3, #255
 252 0140 18304BE5 		strb	r3, [fp, #-24]
  78:../ar0234.c   **** 	buffer[1] = (uint8_t)data1;
 253              		.loc 1 78 0
 254 0144 B4325BE1 		ldrh	r3, [fp, #-36]	@ movhi
 255 0148 FF3003E2 		and	r3, r3, #255
 256 014c 17304BE5 		strb	r3, [fp, #-23]
  79:../ar0234.c   **** 	status = CyU3PI2cTransmitBytes (&preamble, buffer, byteCount, 0);
 257              		.loc 1 79 0
 258 0150 B2325BE1 		ldrh	r3, [fp, #-34]
 259 0154 14104BE2 		sub	r1, fp, #20
 260 0158 18204BE2 		sub	r2, fp, #24
 261 015c 0100A0E1 		mov	r0, r1
 262 0160 0210A0E1 		mov	r1, r2
 263 0164 0320A0E1 		mov	r2, r3
 264 0168 0030A0E3 		mov	r3, #0
 265 016c FEFFFFEB 		bl	CyU3PI2cTransmitBytes
 266 0170 08000BE5 		str	r0, [fp, #-8]
  80:../ar0234.c   **** 	if (status != CY_U3P_SUCCESS)
 267              		.loc 1 80 0
 268 0174 08301BE5 		ldr	r3, [fp, #-8]
 269 0178 000053E3 		cmp	r3, #0
 270 017c 0100000A 		beq	.L17
  81:../ar0234.c   **** 	{
  82:../ar0234.c   **** 		return status;
 271              		.loc 1 82 0
 272 0180 08301BE5 		ldr	r3, [fp, #-8]
 273 0184 000000EA 		b	.L19
 274              	.L17:
  83:../ar0234.c   **** 	}
  84:../ar0234.c   **** 
  85:../ar0234.c   ****     return CY_U3P_SUCCESS;
 275              		.loc 1 85 0
 276 0188 0030A0E3 		mov	r3, #0
 277              	.L19:
  86:../ar0234.c   **** }
 278              		.loc 1 86 0
 279 018c 0300A0E1 		mov	r0, r3
 280 0190 04D04BE2 		sub	sp, fp, #4
 281              		@ sp needed
 282 0194 0088BDE8 		ldmfd	sp!, {fp, pc}
 283              		.cfi_endproc
 284              	.LFE4:
 286              		.align	2
 287              		.global	CyFxUsbI2cTransfer_AR0234_RD
 289              	CyFxUsbI2cTransfer_AR0234_RD:
 290              	.LFB5:
  87:../ar0234.c   **** 
  88:../ar0234.c   **** /* I2C read mcu(ar0234) */
  89:../ar0234.c   **** CyU3PReturnStatus_t
  90:../ar0234.c   **** CyFxUsbI2cTransfer_AR0234_RD (
  91:../ar0234.c   ****         uint8_t   devAddr,
  92:../ar0234.c   ****         uint16_t  regAddr,
  93:../ar0234.c   ****         uint16_t  byteCount,
  94:../ar0234.c   ****         uint8_t   *buffer)
  95:../ar0234.c   **** {
 291              		.loc 1 95 0
 292              		.cfi_startproc
 293              		@ args = 0, pretend = 0, frame = 32
 294              		@ frame_needed = 1, uses_anonymous_args = 0
 295 0198 00482DE9 		stmfd	sp!, {fp, lr}
 296              	.LCFI10:
 297              		.cfi_def_cfa_offset 8
 298              		.cfi_offset 11, -8
 299              		.cfi_offset 14, -4
 300 019c 04B08DE2 		add	fp, sp, #4
 301              	.LCFI11:
 302              		.cfi_def_cfa 11, 4
 303 01a0 20D04DE2 		sub	sp, sp, #32
 304 01a4 20300BE5 		str	r3, [fp, #-32]
 305 01a8 0030A0E1 		mov	r3, r0
 306 01ac 15304BE5 		strb	r3, [fp, #-21]
 307 01b0 B8114BE1 		strh	r1, [fp, #-24]	@ movhi
 308 01b4 BA214BE1 		strh	r2, [fp, #-26]	@ movhi
  96:../ar0234.c   ****     CyU3PI2cPreamble_t preamble;
  97:../ar0234.c   ****     CyU3PReturnStatus_t status = CY_U3P_SUCCESS;
 309              		.loc 1 97 0
 310 01b8 0030A0E3 		mov	r3, #0
 311 01bc 08300BE5 		str	r3, [fp, #-8]
  98:../ar0234.c   **** 
  99:../ar0234.c   **** 	/* Update the preamble information. */
 100:../ar0234.c   **** 	preamble.length    = 4;
 312              		.loc 1 100 0
 313 01c0 0430A0E3 		mov	r3, #4
 314 01c4 0C304BE5 		strb	r3, [fp, #-12]
 101:../ar0234.c   **** 	preamble.buffer[0] = devAddr;
 315              		.loc 1 101 0
 316 01c8 15305BE5 		ldrb	r3, [fp, #-21]
 317 01cc 14304BE5 		strb	r3, [fp, #-20]
 102:../ar0234.c   **** 	preamble.buffer[1] = (uint8_t)(regAddr >> 8);
 318              		.loc 1 102 0
 319 01d0 B8315BE1 		ldrh	r3, [fp, #-24]
 320 01d4 2334A0E1 		mov	r3, r3, lsr #8
 321 01d8 0338A0E1 		mov	r3, r3, asl #16
 322 01dc 2338A0E1 		mov	r3, r3, lsr #16
 323 01e0 FF3003E2 		and	r3, r3, #255
 324 01e4 13304BE5 		strb	r3, [fp, #-19]
 103:../ar0234.c   **** 	preamble.buffer[2] = (uint8_t)(regAddr);
 325              		.loc 1 103 0
 326 01e8 B8315BE1 		ldrh	r3, [fp, #-24]	@ movhi
 327 01ec FF3003E2 		and	r3, r3, #255
 328 01f0 12304BE5 		strb	r3, [fp, #-18]
 104:../ar0234.c   **** 	preamble.buffer[3] = (devAddr | 0x01);
 329              		.loc 1 104 0
 330 01f4 15305BE5 		ldrb	r3, [fp, #-21]
 331 01f8 013083E3 		orr	r3, r3, #1
 332 01fc FF3003E2 		and	r3, r3, #255
 333 0200 11304BE5 		strb	r3, [fp, #-17]
 105:../ar0234.c   **** 	preamble.ctrlMask  = 0x0004;
 334              		.loc 1 105 0
 335 0204 0430A0E3 		mov	r3, #4
 336 0208 BA304BE1 		strh	r3, [fp, #-10]	@ movhi
 106:../ar0234.c   **** 
 107:../ar0234.c   **** 	status = CyU3PI2cReceiveBytes (&preamble, buffer, byteCount, 0);
 337              		.loc 1 107 0
 338 020c BA315BE1 		ldrh	r3, [fp, #-26]
 339 0210 14204BE2 		sub	r2, fp, #20
 340 0214 0200A0E1 		mov	r0, r2
 341 0218 20101BE5 		ldr	r1, [fp, #-32]
 342 021c 0320A0E1 		mov	r2, r3
 343 0220 0030A0E3 		mov	r3, #0
 344 0224 FEFFFFEB 		bl	CyU3PI2cReceiveBytes
 345 0228 08000BE5 		str	r0, [fp, #-8]
 108:../ar0234.c   **** 	if (status != CY_U3P_SUCCESS)
 346              		.loc 1 108 0
 347 022c 08301BE5 		ldr	r3, [fp, #-8]
 348 0230 000053E3 		cmp	r3, #0
 349 0234 0100000A 		beq	.L21
 109:../ar0234.c   **** 	{
 110:../ar0234.c   **** 		return status;
 350              		.loc 1 110 0
 351 0238 08301BE5 		ldr	r3, [fp, #-8]
 352 023c 000000EA 		b	.L23
 353              	.L21:
 111:../ar0234.c   **** 	}
 112:../ar0234.c   ****     return CY_U3P_SUCCESS;
 354              		.loc 1 112 0
 355 0240 0030A0E3 		mov	r3, #0
 356              	.L23:
 113:../ar0234.c   **** }
 357              		.loc 1 113 0
 358 0244 0300A0E1 		mov	r0, r3
 359 0248 04D04BE2 		sub	sp, fp, #4
 360              		@ sp needed
 361 024c 0088BDE8 		ldmfd	sp!, {fp, pc}
 362              		.cfi_endproc
 363              	.LFE5:
 365              		.align	2
 366              		.global	AR0234_Write_Sensor1
 368              	AR0234_Write_Sensor1:
 369              	.LFB6:
 114:../ar0234.c   **** 
 115:../ar0234.c   **** void AR0234_Write_Sensor1(uint16_t  regAddr,uint16_t  regData)
 116:../ar0234.c   **** {
 370              		.loc 1 116 0
 371              		.cfi_startproc
 372              		@ args = 0, pretend = 0, frame = 16
 373              		@ frame_needed = 1, uses_anonymous_args = 0
 374 0250 00482DE9 		stmfd	sp!, {fp, lr}
 375              	.LCFI12:
 376              		.cfi_def_cfa_offset 8
 377              		.cfi_offset 11, -8
 378              		.cfi_offset 14, -4
 379 0254 04B08DE2 		add	fp, sp, #4
 380              	.LCFI13:
 381              		.cfi_def_cfa 11, 4
 382 0258 10D04DE2 		sub	sp, sp, #16
 383 025c 0020A0E1 		mov	r2, r0
 384 0260 0130A0E1 		mov	r3, r1
 385 0264 BE204BE1 		strh	r2, [fp, #-14]	@ movhi
 386 0268 B0314BE1 		strh	r3, [fp, #-16]	@ movhi
 117:../ar0234.c   **** 	uint8_t registerAddrHigh,registerAddrLow;
 118:../ar0234.c   **** 	uint8_t registerDataHigh,registerDataLow;
 119:../ar0234.c   **** 
 120:../ar0234.c   **** 	registerAddrHigh = regAddr >> 8;
 387              		.loc 1 120 0
 388 026c BE305BE1 		ldrh	r3, [fp, #-14]
 389 0270 2334A0E1 		mov	r3, r3, lsr #8
 390 0274 0338A0E1 		mov	r3, r3, asl #16
 391 0278 2338A0E1 		mov	r3, r3, lsr #16
 392 027c 05304BE5 		strb	r3, [fp, #-5]
 121:../ar0234.c   **** 	registerAddrLow = regAddr;
 393              		.loc 1 121 0
 394 0280 BE305BE1 		ldrh	r3, [fp, #-14]	@ movhi
 395 0284 06304BE5 		strb	r3, [fp, #-6]
 122:../ar0234.c   **** 	registerDataHigh = regData >> 8;
 396              		.loc 1 122 0
 397 0288 B0315BE1 		ldrh	r3, [fp, #-16]
 398 028c 2334A0E1 		mov	r3, r3, lsr #8
 399 0290 0338A0E1 		mov	r3, r3, asl #16
 400 0294 2338A0E1 		mov	r3, r3, lsr #16
 401 0298 07304BE5 		strb	r3, [fp, #-7]
 123:../ar0234.c   **** 	registerDataLow = regData;
 402              		.loc 1 123 0
 403 029c B0315BE1 		ldrh	r3, [fp, #-16]	@ movhi
 404 02a0 08304BE5 		strb	r3, [fp, #-8]
 124:../ar0234.c   **** 
 125:../ar0234.c   **** 	AR0234_TxnLock();
 405              		.loc 1 125 0
 406 02a4 69FFFFEB 		bl	AR0234_TxnLock
 126:../ar0234.c   **** 	CyFxSpiProtoWrite8 (0x01, 0x82, registerAddrHigh);
 407              		.loc 1 126 0
 408 02a8 05305BE5 		ldrb	r3, [fp, #-5]	@ zero_extendqisi2
 409 02ac 0100A0E3 		mov	r0, #1
 410 02b0 8210A0E3 		mov	r1, #130
 411 02b4 0320A0E1 		mov	r2, r3
 412 02b8 FEFFFFEB 		bl	CyFxSpiProtoWrite8
 127:../ar0234.c   **** 	CyFxSpiProtoWrite8 (0x01, 0x83, registerAddrLow);
 413              		.loc 1 127 0
 414 02bc 06305BE5 		ldrb	r3, [fp, #-6]	@ zero_extendqisi2
 415 02c0 0100A0E3 		mov	r0, #1
 416 02c4 8310A0E3 		mov	r1, #131
 417 02c8 0320A0E1 		mov	r2, r3
 418 02cc FEFFFFEB 		bl	CyFxSpiProtoWrite8
 128:../ar0234.c   **** 	CyFxSpiProtoWrite8 (0x01, 0x84, registerDataHigh);
 419              		.loc 1 128 0
 420 02d0 07305BE5 		ldrb	r3, [fp, #-7]	@ zero_extendqisi2
 421 02d4 0100A0E3 		mov	r0, #1
 422 02d8 8410A0E3 		mov	r1, #132
 423 02dc 0320A0E1 		mov	r2, r3
 424 02e0 FEFFFFEB 		bl	CyFxSpiProtoWrite8
 129:../ar0234.c   **** 	CyFxSpiProtoWrite8 (0x01, 0x85, registerDataLow);
 425              		.loc 1 129 0
 426 02e4 08305BE5 		ldrb	r3, [fp, #-8]	@ zero_extendqisi2
 427 02e8 0100A0E3 		mov	r0, #1
 428 02ec 8510A0E3 		mov	r1, #133
 429 02f0 0320A0E1 		mov	r2, r3
 430 02f4 FEFFFFEB 		bl	CyFxSpiProtoWrite8
 130:../ar0234.c   **** 	AR0234_TxnUnlock();
 431              		.loc 1 130 0
 432 02f8 60FFFFEB 		bl	AR0234_TxnUnlock
 131:../ar0234.c   **** //	CyFxSpiProtoWrite8 (0x01, 0x81, 0x01);
 132:../ar0234.c   **** //	CyFxSpiProtoWrite8 (0x01, 0x81, 0x00);
 133:../ar0234.c   **** 
 134:../ar0234.c   **** 	return;
 433              		.loc 1 134 0
 434 02fc 0000A0E1 		mov	r0, r0	@ nop
 135:../ar0234.c   **** }
 435              		.loc 1 135 0
 436 0300 04D04BE2 		sub	sp, fp, #4
 437              		@ sp needed
 438 0304 0088BDE8 		ldmfd	sp!, {fp, pc}
 439              		.cfi_endproc
 440              	.LFE6:
 442              		.align	2
 443              		.global	AR0234_read_sensor1
 445              	AR0234_read_sensor1:
 446              	.LFB7:
 136:../ar0234.c   **** 
 137:../ar0234.c   **** uint16_t AR0234_read_sensor1(uint16_t  regAddr)
 138:../ar0234.c   **** {
 447              		.loc 1 138 0
 448              		.cfi_startproc
 449              		@ args = 0, pretend = 0, frame = 16
 450              		@ frame_needed = 1, uses_anonymous_args = 0
 451 0308 00482DE9 		stmfd	sp!, {fp, lr}
 452              	.LCFI14:
 453              		.cfi_def_cfa_offset 8
 454              		.cfi_offset 11, -8
 455              		.cfi_offset 14, -4
 456 030c 04B08DE2 		add	fp, sp, #4
 457              	.LCFI15:
 458              		.cfi_def_cfa 11, 4
 459 0310 10D04DE2 		sub	sp, sp, #16
 460 0314 0030A0E1 		mov	r3, r0
 461 0318 BE304BE1 		strh	r3, [fp, #-14]	@ movhi
 139:../ar0234.c   **** 	uint8_t high_value;
 140:../ar0234.c   **** 	uint8_t low_value;
 141:../ar0234.c   **** 
 142:../ar0234.c   **** 	high_value = CyFxSpiProtoRead8(0x01, 0x82);
 462              		.loc 1 142 0
 463 031c 0100A0E3 		mov	r0, #1
 464 0320 8210A0E3 		mov	r1, #130
 465 0324 FEFFFFEB 		bl	CyFxSpiProtoRead8
 466 0328 0030A0E1 		mov	r3, r0
 467 032c 05304BE5 		strb	r3, [fp, #-5]
 143:../ar0234.c   **** 	low_value = CyFxSpiProtoRead8(0x01, 0x83);
 468              		.loc 1 143 0
 469 0330 0100A0E3 		mov	r0, #1
 470 0334 8310A0E3 		mov	r1, #131
 471 0338 FEFFFFEB 		bl	CyFxSpiProtoRead8
 472 033c 0030A0E1 		mov	r3, r0
 473 0340 06304BE5 		strb	r3, [fp, #-6]
 144:../ar0234.c   **** 	
 145:../ar0234.c   **** 	return (uint16_t)((high_value << 8) | low_value);
 474              		.loc 1 145 0
 475 0344 05305BE5 		ldrb	r3, [fp, #-5]	@ zero_extendqisi2
 476 0348 0334A0E1 		mov	r3, r3, asl #8
 477 034c 0338A0E1 		mov	r3, r3, asl #16
 478 0350 2328A0E1 		mov	r2, r3, lsr #16
 479 0354 06305BE5 		ldrb	r3, [fp, #-6]	@ zero_extendqisi2
 480 0358 0338A0E1 		mov	r3, r3, asl #16
 481 035c 2338A0E1 		mov	r3, r3, lsr #16
 482 0360 033082E1 		orr	r3, r2, r3
 483 0364 0338A0E1 		mov	r3, r3, asl #16
 484 0368 2338A0E1 		mov	r3, r3, lsr #16
 485 036c 0338A0E1 		mov	r3, r3, asl #16
 486 0370 2338A0E1 		mov	r3, r3, lsr #16
 146:../ar0234.c   **** }
 487              		.loc 1 146 0
 488 0374 0300A0E1 		mov	r0, r3
 489 0378 04D04BE2 		sub	sp, fp, #4
 490              		@ sp needed
 491 037c 0088BDE8 		ldmfd	sp!, {fp, pc}
 492              		.cfi_endproc
 493              	.LFE7:
 495              		.align	2
 496              		.global	AR0234_Write_Sensor2
 498              	AR0234_Write_Sensor2:
 499              	.LFB8:
 147:../ar0234.c   **** 
 148:../ar0234.c   **** void AR0234_Write_Sensor2(uint16_t  regAddr,uint16_t  regData)
 149:../ar0234.c   **** {
 500              		.loc 1 149 0
 501              		.cfi_startproc
 502              		@ args = 0, pretend = 0, frame = 16
 503              		@ frame_needed = 1, uses_anonymous_args = 0
 504 0380 00482DE9 		stmfd	sp!, {fp, lr}
 505              	.LCFI16:
 506              		.cfi_def_cfa_offset 8
 507              		.cfi_offset 11, -8
 508              		.cfi_offset 14, -4
 509 0384 04B08DE2 		add	fp, sp, #4
 510              	.LCFI17:
 511              		.cfi_def_cfa 11, 4
 512 0388 10D04DE2 		sub	sp, sp, #16
 513 038c 0020A0E1 		mov	r2, r0
 514 0390 0130A0E1 		mov	r3, r1
 515 0394 BE204BE1 		strh	r2, [fp, #-14]	@ movhi
 516 0398 B0314BE1 		strh	r3, [fp, #-16]	@ movhi
 150:../ar0234.c   **** 	uint8_t registerAddrHigh,registerAddrLow;
 151:../ar0234.c   **** 	uint8_t registerDataHigh,registerDataLow;
 152:../ar0234.c   **** 
 153:../ar0234.c   **** 	registerAddrHigh = regAddr >> 8;
 517              		.loc 1 153 0
 518 039c BE305BE1 		ldrh	r3, [fp, #-14]
 519 03a0 2334A0E1 		mov	r3, r3, lsr #8
 520 03a4 0338A0E1 		mov	r3, r3, asl #16
 521 03a8 2338A0E1 		mov	r3, r3, lsr #16
 522 03ac 05304BE5 		strb	r3, [fp, #-5]
 154:../ar0234.c   **** 	registerAddrLow = regAddr;
 523              		.loc 1 154 0
 524 03b0 BE305BE1 		ldrh	r3, [fp, #-14]	@ movhi
 525 03b4 06304BE5 		strb	r3, [fp, #-6]
 155:../ar0234.c   **** 	registerDataHigh = regData >> 8;
 526              		.loc 1 155 0
 527 03b8 B0315BE1 		ldrh	r3, [fp, #-16]
 528 03bc 2334A0E1 		mov	r3, r3, lsr #8
 529 03c0 0338A0E1 		mov	r3, r3, asl #16
 530 03c4 2338A0E1 		mov	r3, r3, lsr #16
 531 03c8 07304BE5 		strb	r3, [fp, #-7]
 156:../ar0234.c   **** 	registerDataLow = regData;
 532              		.loc 1 156 0
 533 03cc B0315BE1 		ldrh	r3, [fp, #-16]	@ movhi
 534 03d0 08304BE5 		strb	r3, [fp, #-8]
 157:../ar0234.c   **** 
 158:../ar0234.c   **** 	AR0234_TxnLock();
 535              		.loc 1 158 0
 536 03d4 1DFFFFEB 		bl	AR0234_TxnLock
 159:../ar0234.c   **** 	CyFxSpiProtoWrite8 (0x01, 0x92, registerAddrHigh);
 537              		.loc 1 159 0
 538 03d8 05305BE5 		ldrb	r3, [fp, #-5]	@ zero_extendqisi2
 539 03dc 0100A0E3 		mov	r0, #1
 540 03e0 9210A0E3 		mov	r1, #146
 541 03e4 0320A0E1 		mov	r2, r3
 542 03e8 FEFFFFEB 		bl	CyFxSpiProtoWrite8
 160:../ar0234.c   **** 	CyFxSpiProtoWrite8 (0x01, 0x93, registerAddrLow);
 543              		.loc 1 160 0
 544 03ec 06305BE5 		ldrb	r3, [fp, #-6]	@ zero_extendqisi2
 545 03f0 0100A0E3 		mov	r0, #1
 546 03f4 9310A0E3 		mov	r1, #147
 547 03f8 0320A0E1 		mov	r2, r3
 548 03fc FEFFFFEB 		bl	CyFxSpiProtoWrite8
 161:../ar0234.c   **** 	CyFxSpiProtoWrite8 (0x01, 0x94, registerDataHigh);
 549              		.loc 1 161 0
 550 0400 07305BE5 		ldrb	r3, [fp, #-7]	@ zero_extendqisi2
 551 0404 0100A0E3 		mov	r0, #1
 552 0408 9410A0E3 		mov	r1, #148
 553 040c 0320A0E1 		mov	r2, r3
 554 0410 FEFFFFEB 		bl	CyFxSpiProtoWrite8
 162:../ar0234.c   **** 	CyFxSpiProtoWrite8 (0x01, 0x95, registerDataLow);
 555              		.loc 1 162 0
 556 0414 08305BE5 		ldrb	r3, [fp, #-8]	@ zero_extendqisi2
 557 0418 0100A0E3 		mov	r0, #1
 558 041c 9510A0E3 		mov	r1, #149
 559 0420 0320A0E1 		mov	r2, r3
 560 0424 FEFFFFEB 		bl	CyFxSpiProtoWrite8
 163:../ar0234.c   **** 	AR0234_TxnUnlock();
 561              		.loc 1 163 0
 562 0428 14FFFFEB 		bl	AR0234_TxnUnlock
 164:../ar0234.c   **** //	CyFxSpiProtoWrite8 (0x01, 0x91, 0x01);
 165:../ar0234.c   **** //	CyFxSpiProtoWrite8 (0x01, 0x91, 0x00);
 166:../ar0234.c   **** 
 167:../ar0234.c   **** 	return;
 563              		.loc 1 167 0
 564 042c 0000A0E1 		mov	r0, r0	@ nop
 168:../ar0234.c   **** }
 565              		.loc 1 168 0
 566 0430 04D04BE2 		sub	sp, fp, #4
 567              		@ sp needed
 568 0434 0088BDE8 		ldmfd	sp!, {fp, pc}
 569              		.cfi_endproc
 570              	.LFE8:
 572              		.align	2
 573              		.global	CyFxGetSensor1param
 575              	CyFxGetSensor1param:
 576              	.LFB9:
 169:../ar0234.c   **** 
 170:../ar0234.c   **** //读取第一路传感器寄存器参数
 171:../ar0234.c   **** uint16_t CyFxGetSensor1param(uint16_t sensoraddr)
 172:../ar0234.c   **** {
 577              		.loc 1 172 0
 578              		.cfi_startproc
 579              		@ args = 0, pretend = 0, frame = 16
 580              		@ frame_needed = 1, uses_anonymous_args = 0
 581 0438 00482DE9 		stmfd	sp!, {fp, lr}
 582              	.LCFI18:
 583              		.cfi_def_cfa_offset 8
 584              		.cfi_offset 11, -8
 585              		.cfi_offset 14, -4
 586 043c 04B08DE2 		add	fp, sp, #4
 587              	.LCFI19:
 588              		.cfi_def_cfa 11, 4
 589 0440 10D04DE2 		sub	sp, sp, #16
 590 0444 0030A0E1 		mov	r3, r0
 591 0448 BE304BE1 		strh	r3, [fp, #-14]	@ movhi
 173:../ar0234.c   **** 	uint16_t sensor1Value = 0;
 592              		.loc 1 173 0
 593 044c 0030A0E3 		mov	r3, #0
 594 0450 B6304BE1 		strh	r3, [fp, #-6]	@ movhi
 174:../ar0234.c   **** 	uint16_t sensor2Value = 0;
 595              		.loc 1 174 0
 596 0454 0030A0E3 		mov	r3, #0
 597 0458 B8304BE1 		strh	r3, [fp, #-8]	@ movhi
 175:../ar0234.c   **** 
 176:../ar0234.c   **** 	CyFxGetBothSensorParams (sensoraddr, &sensor1Value, &sensor2Value);
 598              		.loc 1 176 0
 599 045c BE105BE1 		ldrh	r1, [fp, #-14]
 600 0460 06204BE2 		sub	r2, fp, #6
 601 0464 08304BE2 		sub	r3, fp, #8
 602 0468 0100A0E1 		mov	r0, r1
 603 046c 0210A0E1 		mov	r1, r2
 604 0470 0320A0E1 		mov	r2, r3
 605 0474 FEFFFFEB 		bl	CyFxGetBothSensorParams
 177:../ar0234.c   **** 	return sensor1Value;
 606              		.loc 1 177 0
 607 0478 B6305BE1 		ldrh	r3, [fp, #-6]
 178:../ar0234.c   **** }
 608              		.loc 1 178 0
 609 047c 0300A0E1 		mov	r0, r3
 610 0480 04D04BE2 		sub	sp, fp, #4
 611              		@ sp needed
 612 0484 0088BDE8 		ldmfd	sp!, {fp, pc}
 613              		.cfi_endproc
 614              	.LFE9:
 616              		.align	2
 617              		.global	CyFxGetSensor2param
 619              	CyFxGetSensor2param:
 620              	.LFB10:
 179:../ar0234.c   **** 
 180:../ar0234.c   **** 
 181:../ar0234.c   **** //读取第二路传感器寄存器参数
 182:../ar0234.c   **** uint16_t CyFxGetSensor2param(uint16_t sensoraddr)
 183:../ar0234.c   **** {
 621              		.loc 1 183 0
 622              		.cfi_startproc
 623              		@ args = 0, pretend = 0, frame = 16
 624              		@ frame_needed = 1, uses_anonymous_args = 0
 625 0488 00482DE9 		stmfd	sp!, {fp, lr}
 626              	.LCFI20:
 627              		.cfi_def_cfa_offset 8
 628              		.cfi_offset 11, -8
 629              		.cfi_offset 14, -4
 630 048c 04B08DE2 		add	fp, sp, #4
 631              	.LCFI21:
 632              		.cfi_def_cfa 11, 4
 633 0490 10D04DE2 		sub	sp, sp, #16
 634 0494 0030A0E1 		mov	r3, r0
 635 0498 BE304BE1 		strh	r3, [fp, #-14]	@ movhi
 184:../ar0234.c   **** 	uint16_t sensor1Value = 0;
 636              		.loc 1 184 0
 637 049c 0030A0E3 		mov	r3, #0
 638 04a0 B6304BE1 		strh	r3, [fp, #-6]	@ movhi
 185:../ar0234.c   **** 	uint16_t sensor2Value = 0;
 639              		.loc 1 185 0
 640 04a4 0030A0E3 		mov	r3, #0
 641 04a8 B8304BE1 		strh	r3, [fp, #-8]	@ movhi
 186:../ar0234.c   **** 
 187:../ar0234.c   **** 	CyFxGetBothSensorParams (sensoraddr, &sensor1Value, &sensor2Value);
 642              		.loc 1 187 0
 643 04ac BE105BE1 		ldrh	r1, [fp, #-14]
 644 04b0 06204BE2 		sub	r2, fp, #6
 645 04b4 08304BE2 		sub	r3, fp, #8
 646 04b8 0100A0E1 		mov	r0, r1
 647 04bc 0210A0E1 		mov	r1, r2
 648 04c0 0320A0E1 		mov	r2, r3
 649 04c4 FEFFFFEB 		bl	CyFxGetBothSensorParams
 188:../ar0234.c   **** 	return sensor2Value;
 650              		.loc 1 188 0
 651 04c8 B8305BE1 		ldrh	r3, [fp, #-8]
 189:../ar0234.c   **** }
 652              		.loc 1 189 0
 653 04cc 0300A0E1 		mov	r0, r3
 654 04d0 04D04BE2 		sub	sp, fp, #4
 655              		@ sp needed
 656 04d4 0088BDE8 		ldmfd	sp!, {fp, pc}
 657              		.cfi_endproc
 658              	.LFE10:
 660              		.align	2
 661              		.global	CyFxGetBothSensorParams
 663              	CyFxGetBothSensorParams:
 664              	.LFB11:
 190:../ar0234.c   **** 
 191:../ar0234.c   **** /* 同时读取两路传感器的同一寄存器：先丢弃一次触发结果，再返回第二次实时读。
 192:../ar0234.c   ****  * 第一次触发用于刷新 FPGA 状态寄存器，避免读到上一条 AR0234 事务留下的结果。
 193:../ar0234.c   ****  */
 194:../ar0234.c   **** void CyFxGetBothSensorParams (uint16_t sensoraddr, uint16_t *sensor1Out, uint16_t *sensor2Out)
 195:../ar0234.c   **** {
 665              		.loc 1 195 0
 666              		.cfi_startproc
 667              		@ args = 0, pretend = 0, frame = 24
 668              		@ frame_needed = 1, uses_anonymous_args = 0
 669 04d8 00482DE9 		stmfd	sp!, {fp, lr}
 670              	.LCFI22:
 671              		.cfi_def_cfa_offset 8
 672              		.cfi_offset 11, -8
 673              		.cfi_offset 14, -4
 674 04dc 04B08DE2 		add	fp, sp, #4
 675              	.LCFI23:
 676              		.cfi_def_cfa 11, 4
 677 04e0 18D04DE2 		sub	sp, sp, #24
 678 04e4 0030A0E1 		mov	r3, r0
 679 04e8 14100BE5 		str	r1, [fp, #-20]
 680 04ec 18200BE5 		str	r2, [fp, #-24]
 681 04f0 BE304BE1 		strh	r3, [fp, #-14]	@ movhi
 196:../ar0234.c   **** 	uint8_t  s1High = 0, s1Low = 0;
 682              		.loc 1 196 0
 683 04f4 0030A0E3 		mov	r3, #0
 684 04f8 08304BE5 		strb	r3, [fp, #-8]
 685 04fc 0030A0E3 		mov	r3, #0
 686 0500 09304BE5 		strb	r3, [fp, #-9]
 197:../ar0234.c   **** 	uint8_t  s2High = 0, s2Low = 0;
 687              		.loc 1 197 0
 688 0504 0030A0E3 		mov	r3, #0
 689 0508 0A304BE5 		strb	r3, [fp, #-10]
 690 050c 0030A0E3 		mov	r3, #0
 691 0510 0B304BE5 		strb	r3, [fp, #-11]
 198:../ar0234.c   **** 	uint8_t  addrHigh = (uint8_t)((sensoraddr >> 8) & 0xFFu);
 692              		.loc 1 198 0
 693 0514 BE305BE1 		ldrh	r3, [fp, #-14]
 694 0518 2334A0E1 		mov	r3, r3, lsr #8
 695 051c 0338A0E1 		mov	r3, r3, asl #16
 696 0520 2338A0E1 		mov	r3, r3, lsr #16
 697 0524 06304BE5 		strb	r3, [fp, #-6]
 199:../ar0234.c   **** 	uint8_t  addrLow  = (uint8_t)(sensoraddr & 0xFFu);
 698              		.loc 1 199 0
 699 0528 BE305BE1 		ldrh	r3, [fp, #-14]	@ movhi
 700 052c 07304BE5 		strb	r3, [fp, #-7]
 200:../ar0234.c   **** 	uint8_t  attempt;
 201:../ar0234.c   **** 
 202:../ar0234.c   **** 	AR0234_TxnLock();
 701              		.loc 1 202 0
 702 0530 C6FEFFEB 		bl	AR0234_TxnLock
 203:../ar0234.c   **** 	for (attempt = 0; attempt < 2u; attempt++)
 703              		.loc 1 203 0
 704 0534 0030A0E3 		mov	r3, #0
 705 0538 05304BE5 		strb	r3, [fp, #-5]
 706 053c 300000EA 		b	.L35
 707              	.L36:
 204:../ar0234.c   **** 	{
 205:../ar0234.c   **** 		CyFxSpiProtoWrite8 (0x01, 0x82, addrHigh);
 708              		.loc 1 205 0 discriminator 2
 709 0540 06305BE5 		ldrb	r3, [fp, #-6]	@ zero_extendqisi2
 710 0544 0100A0E3 		mov	r0, #1
 711 0548 8210A0E3 		mov	r1, #130
 712 054c 0320A0E1 		mov	r2, r3
 713 0550 FEFFFFEB 		bl	CyFxSpiProtoWrite8
 206:../ar0234.c   **** 		CyFxSpiProtoWrite8 (0x01, 0x83, addrLow);
 714              		.loc 1 206 0 discriminator 2
 715 0554 07305BE5 		ldrb	r3, [fp, #-7]	@ zero_extendqisi2
 716 0558 0100A0E3 		mov	r0, #1
 717 055c 8310A0E3 		mov	r1, #131
 718 0560 0320A0E1 		mov	r2, r3
 719 0564 FEFFFFEB 		bl	CyFxSpiProtoWrite8
 207:../ar0234.c   **** 		CyFxSpiProtoWrite8 (0x01, 0x92, addrHigh);
 720              		.loc 1 207 0 discriminator 2
 721 0568 06305BE5 		ldrb	r3, [fp, #-6]	@ zero_extendqisi2
 722 056c 0100A0E3 		mov	r0, #1
 723 0570 9210A0E3 		mov	r1, #146
 724 0574 0320A0E1 		mov	r2, r3
 725 0578 FEFFFFEB 		bl	CyFxSpiProtoWrite8
 208:../ar0234.c   **** 		CyFxSpiProtoWrite8 (0x01, 0x93, addrLow);
 726              		.loc 1 208 0 discriminator 2
 727 057c 07305BE5 		ldrb	r3, [fp, #-7]	@ zero_extendqisi2
 728 0580 0100A0E3 		mov	r0, #1
 729 0584 9310A0E3 		mov	r1, #147
 730 0588 0320A0E1 		mov	r2, r3
 731 058c FEFFFFEB 		bl	CyFxSpiProtoWrite8
 209:../ar0234.c   **** 		CyFxSpiProtoWrite8 (0x01, 0x81, 0x22);
 732              		.loc 1 209 0 discriminator 2
 733 0590 0100A0E3 		mov	r0, #1
 734 0594 8110A0E3 		mov	r1, #129
 735 0598 2220A0E3 		mov	r2, #34
 736 059c FEFFFFEB 		bl	CyFxSpiProtoWrite8
 210:../ar0234.c   **** 		CyFxSpiProtoWrite8 (0x01, 0x81, 0x00);
 737              		.loc 1 210 0 discriminator 2
 738 05a0 0100A0E3 		mov	r0, #1
 739 05a4 8110A0E3 		mov	r1, #129
 740 05a8 0020A0E3 		mov	r2, #0
 741 05ac FEFFFFEB 		bl	CyFxSpiProtoWrite8
 211:../ar0234.c   **** 		CyU3PThreadSleep (50);
 742              		.loc 1 211 0 discriminator 2
 743 05b0 3200A0E3 		mov	r0, #50
 744 05b4 FEFFFFEB 		bl	_tx_thread_sleep
 212:../ar0234.c   **** 		(void)CyFxSpiProtoReadSelectedStatus8 (0x01, &s1High);
 745              		.loc 1 212 0 discriminator 2
 746 05b8 08304BE2 		sub	r3, fp, #8
 747 05bc 0100A0E3 		mov	r0, #1
 748 05c0 0310A0E1 		mov	r1, r3
 749 05c4 FEFFFFEB 		bl	CyFxSpiProtoReadSelectedStatus8
 213:../ar0234.c   **** 		(void)CyFxSpiProtoReadSelectedStatus8 (0x02, &s1Low);
 750              		.loc 1 213 0 discriminator 2
 751 05c8 09304BE2 		sub	r3, fp, #9
 752 05cc 0200A0E3 		mov	r0, #2
 753 05d0 0310A0E1 		mov	r1, r3
 754 05d4 FEFFFFEB 		bl	CyFxSpiProtoReadSelectedStatus8
 214:../ar0234.c   **** 		(void)CyFxSpiProtoReadSelectedStatus8 (0x03, &s2High);
 755              		.loc 1 214 0 discriminator 2
 756 05d8 0A304BE2 		sub	r3, fp, #10
 757 05dc 0300A0E3 		mov	r0, #3
 758 05e0 0310A0E1 		mov	r1, r3
 759 05e4 FEFFFFEB 		bl	CyFxSpiProtoReadSelectedStatus8
 215:../ar0234.c   **** 		(void)CyFxSpiProtoReadSelectedStatus8 (0x04, &s2Low);
 760              		.loc 1 215 0 discriminator 2
 761 05e8 0B304BE2 		sub	r3, fp, #11
 762 05ec 0400A0E3 		mov	r0, #4
 763 05f0 0310A0E1 		mov	r1, r3
 764 05f4 FEFFFFEB 		bl	CyFxSpiProtoReadSelectedStatus8
 203:../ar0234.c   **** 	{
 765              		.loc 1 203 0 discriminator 2
 766 05f8 05305BE5 		ldrb	r3, [fp, #-5]	@ zero_extendqisi2
 767 05fc 013083E2 		add	r3, r3, #1
 768 0600 05304BE5 		strb	r3, [fp, #-5]
 769              	.L35:
 203:../ar0234.c   **** 	{
 770              		.loc 1 203 0 is_stmt 0 discriminator 1
 771 0604 05305BE5 		ldrb	r3, [fp, #-5]	@ zero_extendqisi2
 772 0608 010053E3 		cmp	r3, #1
 773 060c CBFFFF9A 		bls	.L36
 216:../ar0234.c   **** 	}
 217:../ar0234.c   **** 	(void)CyFxSpiProtoWrite8 (0x02, 0xff, 0x00);
 774              		.loc 1 217 0 is_stmt 1
 775 0610 0200A0E3 		mov	r0, #2
 776 0614 FF10A0E3 		mov	r1, #255
 777 0618 0020A0E3 		mov	r2, #0
 778 061c FEFFFFEB 		bl	CyFxSpiProtoWrite8
 218:../ar0234.c   **** 	AR0234_TxnUnlock();
 779              		.loc 1 218 0
 780 0620 96FEFFEB 		bl	AR0234_TxnUnlock
 219:../ar0234.c   **** 
 220:../ar0234.c   **** 	if (sensor1Out != 0) { *sensor1Out = (uint16_t)((s1High << 8) | s1Low); }
 781              		.loc 1 220 0
 782 0624 14301BE5 		ldr	r3, [fp, #-20]
 783 0628 000053E3 		cmp	r3, #0
 784 062c 0B00000A 		beq	.L37
 785              		.loc 1 220 0 is_stmt 0 discriminator 1
 786 0630 08305BE5 		ldrb	r3, [fp, #-8]	@ zero_extendqisi2
 787 0634 0334A0E1 		mov	r3, r3, asl #8
 788 0638 0338A0E1 		mov	r3, r3, asl #16
 789 063c 2328A0E1 		mov	r2, r3, lsr #16
 790 0640 09305BE5 		ldrb	r3, [fp, #-9]	@ zero_extendqisi2
 791 0644 033082E1 		orr	r3, r2, r3
 792 0648 0338A0E1 		mov	r3, r3, asl #16
 793 064c 2338A0E1 		mov	r3, r3, lsr #16
 794 0650 0338A0E1 		mov	r3, r3, asl #16
 795 0654 2328A0E1 		mov	r2, r3, lsr #16
 796 0658 14301BE5 		ldr	r3, [fp, #-20]
 797 065c B020C3E1 		strh	r2, [r3]	@ movhi
 798              	.L37:
 221:../ar0234.c   **** 	if (sensor2Out != 0) { *sensor2Out = (uint16_t)((s2High << 8) | s2Low); }
 799              		.loc 1 221 0 is_stmt 1
 800 0660 18301BE5 		ldr	r3, [fp, #-24]
 801 0664 000053E3 		cmp	r3, #0
 802 0668 0B00000A 		beq	.L34
 803              		.loc 1 221 0 is_stmt 0 discriminator 1
 804 066c 0A305BE5 		ldrb	r3, [fp, #-10]	@ zero_extendqisi2
 805 0670 0334A0E1 		mov	r3, r3, asl #8
 806 0674 0338A0E1 		mov	r3, r3, asl #16
 807 0678 2328A0E1 		mov	r2, r3, lsr #16
 808 067c 0B305BE5 		ldrb	r3, [fp, #-11]	@ zero_extendqisi2
 809 0680 033082E1 		orr	r3, r2, r3
 810 0684 0338A0E1 		mov	r3, r3, asl #16
 811 0688 2338A0E1 		mov	r3, r3, lsr #16
 812 068c 0338A0E1 		mov	r3, r3, asl #16
 813 0690 2328A0E1 		mov	r2, r3, lsr #16
 814 0694 18301BE5 		ldr	r3, [fp, #-24]
 815 0698 B020C3E1 		strh	r2, [r3]	@ movhi
 816              	.L34:
 222:../ar0234.c   **** }
 817              		.loc 1 222 0 is_stmt 1
 818 069c 04D04BE2 		sub	sp, fp, #4
 819              		@ sp needed
 820 06a0 0088BDE8 		ldmfd	sp!, {fp, pc}
 821              		.cfi_endproc
 822              	.LFE11:
 824              		.align	2
 825              		.global	TemperatureSensor_Enable
 827              	TemperatureSensor_Enable:
 828              	.LFB12:
 223:../ar0234.c   **** 
 224:../ar0234.c   **** /**
 225:../ar0234.c   ****  * 启用温度传感器
 226:../ar0234.c   ****  */
 227:../ar0234.c   **** void TemperatureSensor_Enable(void)
 228:../ar0234.c   **** {
 829              		.loc 1 228 0
 830              		.cfi_startproc
 831              		@ args = 0, pretend = 0, frame = 0
 832              		@ frame_needed = 1, uses_anonymous_args = 0
 833 06a4 00482DE9 		stmfd	sp!, {fp, lr}
 834              	.LCFI24:
 835              		.cfi_def_cfa_offset 8
 836              		.cfi_offset 11, -8
 837              		.cfi_offset 14, -4
 838 06a8 04B08DE2 		add	fp, sp, #4
 839              	.LCFI25:
 840              		.cfi_def_cfa 11, 4
 229:../ar0234.c   ****     // 写入 R0x30B4 [0] = 1 和 R0x30B4 [4] = 1
 230:../ar0234.c   ****     // 0x0011 = 0000 0000 0001 0001
 231:../ar0234.c   **** 	AR0234_Write_Sensor1(0x30B4, 0x0011);
 841              		.loc 1 231 0
 842 06ac 34009FE5 		ldr	r0, .L40
 843 06b0 1110A0E3 		mov	r1, #17
 844 06b4 FEFFFFEB 		bl	AR0234_Write_Sensor1
 232:../ar0234.c   **** 	AR0234_Write_Sensor2(0x30B4, 0x0011);
 845              		.loc 1 232 0
 846 06b8 28009FE5 		ldr	r0, .L40
 847 06bc 1110A0E3 		mov	r1, #17
 848 06c0 FEFFFFEB 		bl	AR0234_Write_Sensor2
 233:../ar0234.c   **** 	CyFxSpiProtoWrite8 (0x01, 0x81, 0x11);
 849              		.loc 1 233 0
 850 06c4 0100A0E3 		mov	r0, #1
 851 06c8 8110A0E3 		mov	r1, #129
 852 06cc 1120A0E3 		mov	r2, #17
 853 06d0 FEFFFFEB 		bl	CyFxSpiProtoWrite8
 234:../ar0234.c   ****     CyFxSpiProtoWrite8 (0x01, 0x81, 0x00);
 854              		.loc 1 234 0
 855 06d4 0100A0E3 		mov	r0, #1
 856 06d8 8110A0E3 		mov	r1, #129
 857 06dc 0020A0E3 		mov	r2, #0
 858 06e0 FEFFFFEB 		bl	CyFxSpiProtoWrite8
 235:../ar0234.c   **** 	#ifdef AR0234_DIAG_DEBUG
 236:../ar0234.c   **** 	CyU3PDebugPrint(4, "TEMP sensor-enable\n");
 237:../ar0234.c   **** 	#endif
 238:../ar0234.c   **** }
 859              		.loc 1 238 0
 860 06e4 0088BDE8 		ldmfd	sp!, {fp, pc}
 861              	.L41:
 862              		.align	2
 863              	.L40:
 864 06e8 B4300000 		.word	12468
 865              		.cfi_endproc
 866              	.LFE12:
 868              		.align	2
 869              		.global	TemperatureSensor_ReadCalibration
 871              	TemperatureSensor_ReadCalibration:
 872              	.LFB13:
 239:../ar0234.c   **** 
 240:../ar0234.c   **** /**
 241:../ar0234.c   ****  * 读取温度校准值 (R0x30C6 [9:0])
 242:../ar0234.c   ****  * @param pCalibSensor1: 指向传感器1校准值的指针（55°C时的ADC输出值，10位）
 243:../ar0234.c   ****  * @param pCalibSensor2: 指向传感器2校准值的指针（55°C时的ADC输出值，10位）
 244:../ar0234.c   ****  */
 245:../ar0234.c   **** void TemperatureSensor_ReadCalibration(uint16_t *pCalibSensor1, uint16_t *pCalibSensor2)
 246:../ar0234.c   **** {
 873              		.loc 1 246 0
 874              		.cfi_startproc
 875              		@ args = 0, pretend = 0, frame = 16
 876              		@ frame_needed = 1, uses_anonymous_args = 0
 877 06ec 00482DE9 		stmfd	sp!, {fp, lr}
 878              	.LCFI26:
 879              		.cfi_def_cfa_offset 8
 880              		.cfi_offset 11, -8
 881              		.cfi_offset 14, -4
 882 06f0 04B08DE2 		add	fp, sp, #4
 883              	.LCFI27:
 884              		.cfi_def_cfa 11, 4
 885 06f4 10D04DE2 		sub	sp, sp, #16
 886 06f8 10000BE5 		str	r0, [fp, #-16]
 887 06fc 14100BE5 		str	r1, [fp, #-20]
 247:../ar0234.c   **** 	uint16_t calibSensor1 = 0;
 888              		.loc 1 247 0
 889 0700 0030A0E3 		mov	r3, #0
 890 0704 B6304BE1 		strh	r3, [fp, #-6]	@ movhi
 248:../ar0234.c   **** 	uint16_t calibSensor2 = 0;
 891              		.loc 1 248 0
 892 0708 0030A0E3 		mov	r3, #0
 893 070c B8304BE1 		strh	r3, [fp, #-8]	@ movhi
 249:../ar0234.c   **** 
 250:../ar0234.c   **** 	if ((pCalibSensor1 == NULL) && (pCalibSensor2 == NULL))
 894              		.loc 1 250 0
 895 0710 10301BE5 		ldr	r3, [fp, #-16]
 896 0714 000053E3 		cmp	r3, #0
 897 0718 0200001A 		bne	.L43
 898              		.loc 1 250 0 is_stmt 0 discriminator 1
 899 071c 14301BE5 		ldr	r3, [fp, #-20]
 900 0720 000053E3 		cmp	r3, #0
 901 0724 1900000A 		beq	.L42
 902              	.L43:
 251:../ar0234.c   **** 	{
 252:../ar0234.c   **** 		return;
 253:../ar0234.c   **** 	}
 254:../ar0234.c   **** 
 255:../ar0234.c   **** 	CyFxGetBothSensorParams (0x30C6, &calibSensor1, &calibSensor2);
 903              		.loc 1 255 0 is_stmt 1
 904 0728 06204BE2 		sub	r2, fp, #6
 905 072c 08304BE2 		sub	r3, fp, #8
 906 0730 60009FE5 		ldr	r0, .L47
 907 0734 0210A0E1 		mov	r1, r2
 908 0738 0320A0E1 		mov	r2, r3
 909 073c FEFFFFEB 		bl	CyFxGetBothSensorParams
 256:../ar0234.c   **** 
 257:../ar0234.c   **** 	// 只取低10位 [9:0]
 258:../ar0234.c   **** 	if (pCalibSensor1 != NULL)
 910              		.loc 1 258 0
 911 0740 10301BE5 		ldr	r3, [fp, #-16]
 912 0744 000053E3 		cmp	r3, #0
 913 0748 0600000A 		beq	.L45
 259:../ar0234.c   **** 	{
 260:../ar0234.c   **** 		*pCalibSensor1 = calibSensor1 & 0x03FF;
 914              		.loc 1 260 0
 915 074c B6305BE1 		ldrh	r3, [fp, #-6]
 916 0750 033BA0E1 		mov	r3, r3, asl #22
 917 0754 233BA0E1 		mov	r3, r3, lsr #22
 918 0758 0338A0E1 		mov	r3, r3, asl #16
 919 075c 2328A0E1 		mov	r2, r3, lsr #16
 920 0760 10301BE5 		ldr	r3, [fp, #-16]
 921 0764 B020C3E1 		strh	r2, [r3]	@ movhi
 922              	.L45:
 261:../ar0234.c   **** 		#ifdef AR0234_DIAG_DEBUG
 262:../ar0234.c   **** 		CyU3PDebugPrint(4, "TEMP calib-s1=%d\n", *pCalibSensor1);
 263:../ar0234.c   **** 		#endif
 264:../ar0234.c   **** 	}
 265:../ar0234.c   **** 	if (pCalibSensor2 != NULL)
 923              		.loc 1 265 0
 924 0768 14301BE5 		ldr	r3, [fp, #-20]
 925 076c 000053E3 		cmp	r3, #0
 926 0770 0600000A 		beq	.L42
 266:../ar0234.c   **** 	{
 267:../ar0234.c   **** 		*pCalibSensor2 = calibSensor2 & 0x03FF;
 927              		.loc 1 267 0
 928 0774 B8305BE1 		ldrh	r3, [fp, #-8]
 929 0778 033BA0E1 		mov	r3, r3, asl #22
 930 077c 233BA0E1 		mov	r3, r3, lsr #22
 931 0780 0338A0E1 		mov	r3, r3, asl #16
 932 0784 2328A0E1 		mov	r2, r3, lsr #16
 933 0788 14301BE5 		ldr	r3, [fp, #-20]
 934 078c B020C3E1 		strh	r2, [r3]	@ movhi
 935              	.L42:
 268:../ar0234.c   **** 		#ifdef AR0234_DIAG_DEBUG
 269:../ar0234.c   **** 		CyU3PDebugPrint(4, "TEMP calib-s2=%d\n", *pCalibSensor2);
 270:../ar0234.c   **** 		#endif
 271:../ar0234.c   **** 	}
 272:../ar0234.c   **** }
 936              		.loc 1 272 0
 937 0790 04D04BE2 		sub	sp, fp, #4
 938              		@ sp needed
 939 0794 0088BDE8 		ldmfd	sp!, {fp, pc}
 940              	.L48:
 941              		.align	2
 942              	.L47:
 943 0798 C6300000 		.word	12486
 944              		.cfi_endproc
 945              	.LFE13:
 947              		.align	2
 948              		.global	TemperatureSensor_ReadRawValue
 950              	TemperatureSensor_ReadRawValue:
 951              	.LFB14:
 273:../ar0234.c   **** 
 274:../ar0234.c   **** 
 275:../ar0234.c   **** 
 276:../ar0234.c   **** /**
 277:../ar0234.c   ****  * 读取温度传感器原始值 (R0x30B2 [9:0])
 278:../ar0234.c   ****  * @param pTempSensor1: 指向传感器1温度原始值的指针（当前温度ADC输出值，10位）
 279:../ar0234.c   ****  * @param pTempSensor2: 指向传感器2温度原始值的指针（当前温度ADC输出值，10位）
 280:../ar0234.c   ****  */
 281:../ar0234.c   **** void TemperatureSensor_ReadRawValue(uint16_t *pTempSensor1, uint16_t *pTempSensor2)
 282:../ar0234.c   **** {
 952              		.loc 1 282 0
 953              		.cfi_startproc
 954              		@ args = 0, pretend = 0, frame = 16
 955              		@ frame_needed = 1, uses_anonymous_args = 0
 956 079c 00482DE9 		stmfd	sp!, {fp, lr}
 957              	.LCFI28:
 958              		.cfi_def_cfa_offset 8
 959              		.cfi_offset 11, -8
 960              		.cfi_offset 14, -4
 961 07a0 04B08DE2 		add	fp, sp, #4
 962              	.LCFI29:
 963              		.cfi_def_cfa 11, 4
 964 07a4 10D04DE2 		sub	sp, sp, #16
 965 07a8 10000BE5 		str	r0, [fp, #-16]
 966 07ac 14100BE5 		str	r1, [fp, #-20]
 283:../ar0234.c   **** 	uint16_t rawSensor1 = 0;
 967              		.loc 1 283 0
 968 07b0 0030A0E3 		mov	r3, #0
 969 07b4 B6304BE1 		strh	r3, [fp, #-6]	@ movhi
 284:../ar0234.c   **** 	uint16_t rawSensor2 = 0;
 970              		.loc 1 284 0
 971 07b8 0030A0E3 		mov	r3, #0
 972 07bc B8304BE1 		strh	r3, [fp, #-8]	@ movhi
 285:../ar0234.c   **** 
 286:../ar0234.c   **** 	if ((pTempSensor1 == NULL) && (pTempSensor2 == NULL))
 973              		.loc 1 286 0
 974 07c0 10301BE5 		ldr	r3, [fp, #-16]
 975 07c4 000053E3 		cmp	r3, #0
 976 07c8 0200001A 		bne	.L50
 977              		.loc 1 286 0 is_stmt 0 discriminator 1
 978 07cc 14301BE5 		ldr	r3, [fp, #-20]
 979 07d0 000053E3 		cmp	r3, #0
 980 07d4 1900000A 		beq	.L49
 981              	.L50:
 287:../ar0234.c   **** 	{
 288:../ar0234.c   **** 		return;
 289:../ar0234.c   **** 	}
 290:../ar0234.c   **** 
 291:../ar0234.c   **** 	CyFxGetBothSensorParams (0x30B2, &rawSensor1, &rawSensor2);
 982              		.loc 1 291 0 is_stmt 1
 983 07d8 06204BE2 		sub	r2, fp, #6
 984 07dc 08304BE2 		sub	r3, fp, #8
 985 07e0 60009FE5 		ldr	r0, .L54
 986 07e4 0210A0E1 		mov	r1, r2
 987 07e8 0320A0E1 		mov	r2, r3
 988 07ec FEFFFFEB 		bl	CyFxGetBothSensorParams
 292:../ar0234.c   **** 
 293:../ar0234.c   **** 	// 只取低10位 [9:0]
 294:../ar0234.c   **** 	if (pTempSensor1 != NULL)
 989              		.loc 1 294 0
 990 07f0 10301BE5 		ldr	r3, [fp, #-16]
 991 07f4 000053E3 		cmp	r3, #0
 992 07f8 0600000A 		beq	.L52
 295:../ar0234.c   **** 	{
 296:../ar0234.c   **** 		*pTempSensor1 = rawSensor1 & 0x03FF;
 993              		.loc 1 296 0
 994 07fc B6305BE1 		ldrh	r3, [fp, #-6]
 995 0800 033BA0E1 		mov	r3, r3, asl #22
 996 0804 233BA0E1 		mov	r3, r3, lsr #22
 997 0808 0338A0E1 		mov	r3, r3, asl #16
 998 080c 2328A0E1 		mov	r2, r3, lsr #16
 999 0810 10301BE5 		ldr	r3, [fp, #-16]
 1000 0814 B020C3E1 		strh	r2, [r3]	@ movhi
 1001              	.L52:
 297:../ar0234.c   **** 		#ifdef AR0234_DIAG_DEBUG
 298:../ar0234.c   **** 		CyU3PDebugPrint(4, "TEMP raw-s1=%d\n", *pTempSensor1);
 299:../ar0234.c   **** 		#endif
 300:../ar0234.c   **** 	}
 301:../ar0234.c   **** 	if (pTempSensor2 != NULL)
 1002              		.loc 1 301 0
 1003 0818 14301BE5 		ldr	r3, [fp, #-20]
 1004 081c 000053E3 		cmp	r3, #0
 1005 0820 0600000A 		beq	.L49
 302:../ar0234.c   **** 	{
 303:../ar0234.c   **** 		*pTempSensor2 = rawSensor2 & 0x03FF;
 1006              		.loc 1 303 0
 1007 0824 B8305BE1 		ldrh	r3, [fp, #-8]
 1008 0828 033BA0E1 		mov	r3, r3, asl #22
 1009 082c 233BA0E1 		mov	r3, r3, lsr #22
 1010 0830 0338A0E1 		mov	r3, r3, asl #16
 1011 0834 2328A0E1 		mov	r2, r3, lsr #16
 1012 0838 14301BE5 		ldr	r3, [fp, #-20]
 1013 083c B020C3E1 		strh	r2, [r3]	@ movhi
 1014              	.L49:
 304:../ar0234.c   **** 		#ifdef AR0234_DIAG_DEBUG
 305:../ar0234.c   **** 		CyU3PDebugPrint(4, "TEMP raw-s2=%d\n", *pTempSensor2);
 306:../ar0234.c   **** 		#endif
 307:../ar0234.c   **** 	}
 308:../ar0234.c   **** }
 1015              		.loc 1 308 0
 1016 0840 04D04BE2 		sub	sp, fp, #4
 1017              		@ sp needed
 1018 0844 0088BDE8 		ldmfd	sp!, {fp, pc}
 1019              	.L55:
 1020              		.align	2
 1021              	.L54:
 1022 0848 B2300000 		.word	12466
 1023              		.cfi_endproc
 1024              	.LFE14:
 1026              		.global	__aeabi_ui2f
 1027              		.global	__aeabi_fsub
 1028              		.global	__aeabi_fmul
 1029              		.global	__aeabi_fadd
 1030              		.align	2
 1031              		.global	TemperatureSensor_CalculateTemperature
 1033              	TemperatureSensor_CalculateTemperature:
 1034              	.LFB15:
 309:../ar0234.c   **** 
 310:../ar0234.c   **** /**
 311:../ar0234.c   ****  * 计算温度值（摄氏度）
 312:../ar0234.c   ****  * 公式：温度 = 0.7 × (R0x30B2[9:0] - R0x30C6[9:0]) + 55
 313:../ar0234.c   ****  * 
 314:../ar0234.c   ****  * @param rawValue: 当前温度原始值 (R0x30B2[9:0])
 315:../ar0234.c   ****  * @param calibValue: 校准值 (R0x30C6[9:0])
 316:../ar0234.c   ****  * @return: 温度值（摄氏度）
 317:../ar0234.c   ****  */
 318:../ar0234.c   **** float TemperatureSensor_CalculateTemperature(uint16_t rawValue, uint16_t calibValue)
 319:../ar0234.c   **** {
 1035              		.loc 1 319 0
 1036              		.cfi_startproc
 1037              		@ args = 0, pretend = 0, frame = 16
 1038              		@ frame_needed = 1, uses_anonymous_args = 0
 1039 084c 10482DE9 		stmfd	sp!, {r4, fp, lr}
 1040              	.LCFI30:
 1041              		.cfi_def_cfa_offset 12
 1042              		.cfi_offset 4, -12
 1043              		.cfi_offset 11, -8
 1044              		.cfi_offset 14, -4
 1045 0850 08B08DE2 		add	fp, sp, #8
 1046              	.LCFI31:
 1047              		.cfi_def_cfa 11, 4
 1048 0854 14D04DE2 		sub	sp, sp, #20
 1049 0858 0020A0E1 		mov	r2, r0
 1050 085c 0130A0E1 		mov	r3, r1
 1051 0860 B6214BE1 		strh	r2, [fp, #-22]	@ movhi
 1052 0864 B8314BE1 		strh	r3, [fp, #-24]	@ movhi
 320:../ar0234.c   ****     // 温度 = 0.7 × (当前值 - 校准值) + 55
 321:../ar0234.c   ****     float temperature = 0.7f * ((float)rawValue - (float)calibValue) + 55.0f;
 1053              		.loc 1 321 0
 1054 0868 B6315BE1 		ldrh	r3, [fp, #-22]
 1055 086c 0300A0E1 		mov	r0, r3
 1056 0870 FEFFFFEB 		bl	__aeabi_ui2f
 1057 0874 0040A0E1 		mov	r4, r0
 1058 0878 B8315BE1 		ldrh	r3, [fp, #-24]
 1059 087c 0300A0E1 		mov	r0, r3
 1060 0880 FEFFFFEB 		bl	__aeabi_ui2f
 1061 0884 0030A0E1 		mov	r3, r0
 1062 0888 0400A0E1 		mov	r0, r4
 1063 088c 0310A0E1 		mov	r1, r3
 1064 0890 FEFFFFEB 		bl	__aeabi_fsub
 1065 0894 0030A0E1 		mov	r3, r0
 1066 0898 0300A0E1 		mov	r0, r3
 1067 089c 28109FE5 		ldr	r1, .L58
 1068 08a0 FEFFFFEB 		bl	__aeabi_fmul
 1069 08a4 0030A0E1 		mov	r3, r0
 1070 08a8 0300A0E1 		mov	r0, r3
 1071 08ac 1C109FE5 		ldr	r1, .L58+4
 1072 08b0 FEFFFFEB 		bl	__aeabi_fadd
 1073 08b4 0030A0E1 		mov	r3, r0
 1074 08b8 10300BE5 		str	r3, [fp, #-16]	@ float
 322:../ar0234.c   ****     return temperature;
 1075              		.loc 1 322 0
 1076 08bc 10301BE5 		ldr	r3, [fp, #-16]	@ float
 323:../ar0234.c   **** }
 1077              		.loc 1 323 0
 1078 08c0 0300A0E1 		mov	r0, r3
 1079 08c4 08D04BE2 		sub	sp, fp, #8
 1080              		@ sp needed
 1081 08c8 1088BDE8 		ldmfd	sp!, {r4, fp, pc}
 1082              	.L59:
 1083              		.align	2
 1084              	.L58:
 1085 08cc 3333333F 		.word	1060320051
 1086 08d0 00005C42 		.word	1113325568
 1087              		.cfi_endproc
 1088              	.LFE15:
 1090              		.align	2
 1091              		.global	TemperatureSensor_ReadTemperature
 1093              	TemperatureSensor_ReadTemperature:
 1094              	.LFB16:
 324:../ar0234.c   **** 
 325:../ar0234.c   **** 
 326:../ar0234.c   **** /**
 327:../ar0234.c   ****  * 读取两个传感器的温度值
 328:../ar0234.c   ****  * @param pTempSensor1: 指向传感器1温度值的指针（摄氏度）
 329:../ar0234.c   ****  * @param pTempSensor2: 指向传感器2温度值的指针（摄氏度）
 330:../ar0234.c   ****  */
 331:../ar0234.c   **** void TemperatureSensor_ReadTemperature(float *pTempSensor1, float *pTempSensor2)
 332:../ar0234.c   **** {
 1095              		.loc 1 332 0
 1096              		.cfi_startproc
 1097              		@ args = 0, pretend = 0, frame = 16
 1098              		@ frame_needed = 1, uses_anonymous_args = 0
 1099 08d4 00482DE9 		stmfd	sp!, {fp, lr}
 1100              	.LCFI32:
 1101              		.cfi_def_cfa_offset 8
 1102              		.cfi_offset 11, -8
 1103              		.cfi_offset 14, -4
 1104 08d8 04B08DE2 		add	fp, sp, #4
 1105              	.LCFI33:
 1106              		.cfi_def_cfa 11, 4
 1107 08dc 10D04DE2 		sub	sp, sp, #16
 1108 08e0 10000BE5 		str	r0, [fp, #-16]
 1109 08e4 14100BE5 		str	r1, [fp, #-20]
 333:../ar0234.c   ****     uint16_t rawValue1, rawValue2;
 334:../ar0234.c   **** 	uint32_t tStart = CyU3PGetTime();
 1110              		.loc 1 334 0
 1111 08e8 FEFFFFEB 		bl	_tx_time_get
 1112 08ec 08000BE5 		str	r0, [fp, #-8]
 335:../ar0234.c   ****     
 336:../ar0234.c   **** 	// 仅首次使能一次温度传感器。
 337:../ar0234.c   **** 	if (!glTempSensorEnabled)
 1113              		.loc 1 337 0
 1114 08f0 3C319FE5 		ldr	r3, .L69
 1115 08f4 003093E5 		ldr	r3, [r3]
 1116 08f8 000053E3 		cmp	r3, #0
 1117 08fc 0500001A 		bne	.L61
 338:../ar0234.c   **** 	{
 339:../ar0234.c   **** 		TemperatureSensor_Enable();
 1118              		.loc 1 339 0
 1119 0900 FEFFFFEB 		bl	TemperatureSensor_Enable
 340:../ar0234.c   **** 		CyU3PThreadSleep(5);
 1120              		.loc 1 340 0
 1121 0904 0500A0E3 		mov	r0, #5
 1122 0908 FEFFFFEB 		bl	_tx_thread_sleep
 341:../ar0234.c   **** 		glTempSensorEnabled = CyTrue;
 1123              		.loc 1 341 0
 1124 090c 20319FE5 		ldr	r3, .L69
 1125 0910 0120A0E3 		mov	r2, #1
 1126 0914 002083E5 		str	r2, [r3]
 1127              	.L61:
 342:../ar0234.c   **** 	}
 343:../ar0234.c   **** 
 344:../ar0234.c   **** 	// 仅首次读取校准值，后续复用缓存。
 345:../ar0234.c   **** 	// 注意：只有校准值非零时才标记有效，避免I2C失败时缓存错误的0值导致后续温度计算严重偏差。
 346:../ar0234.c   **** 	if (!glTempCalibrationValid)
 1128              		.loc 1 346 0
 1129 0918 18319FE5 		ldr	r3, .L69+4
 1130 091c 003093E5 		ldr	r3, [r3]
 1131 0920 000053E3 		cmp	r3, #0
 1132 0924 0D00001A 		bne	.L62
 347:../ar0234.c   **** 	{
 348:../ar0234.c   **** 		TemperatureSensor_ReadCalibration(&glTempCalibSensor1, &glTempCalibSensor2);
 1133              		.loc 1 348 0
 1134 0928 0C019FE5 		ldr	r0, .L69+8
 1135 092c 0C119FE5 		ldr	r1, .L69+12
 1136 0930 FEFFFFEB 		bl	TemperatureSensor_ReadCalibration
 349:../ar0234.c   **** 		if (glTempCalibSensor1 != 0 && glTempCalibSensor2 != 0)
 1137              		.loc 1 349 0
 1138 0934 00319FE5 		ldr	r3, .L69+8
 1139 0938 B030D3E1 		ldrh	r3, [r3]
 1140 093c 000053E3 		cmp	r3, #0
 1141 0940 0600000A 		beq	.L62
 1142              		.loc 1 349 0 is_stmt 0 discriminator 1
 1143 0944 F4309FE5 		ldr	r3, .L69+12
 1144 0948 B030D3E1 		ldrh	r3, [r3]
 1145 094c 000053E3 		cmp	r3, #0
 1146 0950 0200000A 		beq	.L62
 350:../ar0234.c   **** 		{
 351:../ar0234.c   **** 			glTempCalibrationValid = CyTrue;
 1147              		.loc 1 351 0 is_stmt 1
 1148 0954 DC309FE5 		ldr	r3, .L69+4
 1149 0958 0120A0E3 		mov	r2, #1
 1150 095c 002083E5 		str	r2, [r3]
 1151              	.L62:
 352:../ar0234.c   **** 		}
 353:../ar0234.c   **** 		#ifdef AR0234_DIAG_DEBUG
 354:../ar0234.c   **** 		else
 355:../ar0234.c   **** 		{
 356:../ar0234.c   **** 			CyU3PDebugPrint(4, "TEMP calib read failed (got 0), will retry\n");
 357:../ar0234.c   **** 		}
 358:../ar0234.c   **** 		#endif
 359:../ar0234.c   **** 	}
 360:../ar0234.c   ****     
 361:../ar0234.c   ****     // 读取当前温度原始值
 362:../ar0234.c   ****     TemperatureSensor_ReadRawValue(&rawValue1, &rawValue2);
 1152              		.loc 1 362 0
 1153 0960 0A204BE2 		sub	r2, fp, #10
 1154 0964 0C304BE2 		sub	r3, fp, #12
 1155 0968 0200A0E1 		mov	r0, r2
 1156 096c 0310A0E1 		mov	r1, r3
 1157 0970 FEFFFFEB 		bl	TemperatureSensor_ReadRawValue
 363:../ar0234.c   ****     
 364:../ar0234.c   ****     // 计算温度
 365:../ar0234.c   **** 	// rawValue为0表示FPGA/I2C读取失败（sensorparam初始值），0x3FF表示总线异常；均跳过计算，输出55.0标
 366:../ar0234.c   **** 	if (pTempSensor1 != NULL)
 1158              		.loc 1 366 0
 1159 0974 10301BE5 		ldr	r3, [fp, #-16]
 1160 0978 000053E3 		cmp	r3, #0
 1161 097c 1300000A 		beq	.L63
 367:../ar0234.c   **** 	{
 368:../ar0234.c   **** 		if (rawValue1 == 0 || rawValue1 == 0x03FF)
 1162              		.loc 1 368 0
 1163 0980 BA305BE1 		ldrh	r3, [fp, #-10]
 1164 0984 000053E3 		cmp	r3, #0
 1165 0988 0300000A 		beq	.L64
 1166              		.loc 1 368 0 is_stmt 0 discriminator 1
 1167 098c BA205BE1 		ldrh	r2, [fp, #-10]
 1168 0990 AC309FE5 		ldr	r3, .L69+16
 1169 0994 030052E1 		cmp	r2, r3
 1170 0998 0300001A 		bne	.L65
 1171              	.L64:
 369:../ar0234.c   **** 		{
 370:../ar0234.c   **** 			*pTempSensor1 = 55.0f;  // 读取失败标记
 1172              		.loc 1 370 0 is_stmt 1
 1173 099c 10301BE5 		ldr	r3, [fp, #-16]
 1174 09a0 A0209FE5 		ldr	r2, .L69+20
 1175 09a4 002083E5 		str	r2, [r3]	@ float
 1176 09a8 080000EA 		b	.L63
 1177              	.L65:
 371:../ar0234.c   **** 			#ifdef AR0234_DIAG_DEBUG
 372:../ar0234.c   **** 			CyU3PDebugPrint(4, "TEMP raw-s1 invalid=%d, skip\n", rawValue1);
 373:../ar0234.c   **** 			#endif
 374:../ar0234.c   **** 		}
 375:../ar0234.c   **** 		else
 376:../ar0234.c   **** 		{
 377:../ar0234.c   **** 			*pTempSensor1 = TemperatureSensor_CalculateTemperature(rawValue1, glTempCalibSensor1);
 1178              		.loc 1 377 0
 1179 09ac BA205BE1 		ldrh	r2, [fp, #-10]
 1180 09b0 84309FE5 		ldr	r3, .L69+8
 1181 09b4 B030D3E1 		ldrh	r3, [r3]
 1182 09b8 0200A0E1 		mov	r0, r2
 1183 09bc 0310A0E1 		mov	r1, r3
 1184 09c0 FEFFFFEB 		bl	TemperatureSensor_CalculateTemperature
 1185 09c4 0020A0E1 		mov	r2, r0
 1186 09c8 10301BE5 		ldr	r3, [fp, #-16]
 1187 09cc 002083E5 		str	r2, [r3]	@ float
 1188              	.L63:
 378:../ar0234.c   **** 			#ifdef AR0234_DIAG_DEBUG
 379:../ar0234.c   **** 			CyU3PDebugPrint(4, "TEMP calc-s1=%dC\n", (int)(*pTempSensor1));
 380:../ar0234.c   **** 			#endif
 381:../ar0234.c   **** 		}
 382:../ar0234.c   **** 	}
 383:../ar0234.c   **** 	if (pTempSensor2 != NULL)
 1189              		.loc 1 383 0
 1190 09d0 14301BE5 		ldr	r3, [fp, #-20]
 1191 09d4 000053E3 		cmp	r3, #0
 1192 09d8 1300000A 		beq	.L60
 384:../ar0234.c   **** 	{
 385:../ar0234.c   **** 		if (rawValue2 == 0 || rawValue2 == 0x03FF)
 1193              		.loc 1 385 0
 1194 09dc BC305BE1 		ldrh	r3, [fp, #-12]
 1195 09e0 000053E3 		cmp	r3, #0
 1196 09e4 0300000A 		beq	.L67
 1197              		.loc 1 385 0 is_stmt 0 discriminator 1
 1198 09e8 BC205BE1 		ldrh	r2, [fp, #-12]
 1199 09ec 50309FE5 		ldr	r3, .L69+16
 1200 09f0 030052E1 		cmp	r2, r3
 1201 09f4 0300001A 		bne	.L68
 1202              	.L67:
 386:../ar0234.c   **** 		{
 387:../ar0234.c   **** 			*pTempSensor2 = 55.0f;  // 读取失败标记
 1203              		.loc 1 387 0 is_stmt 1
 1204 09f8 14301BE5 		ldr	r3, [fp, #-20]
 1205 09fc 44209FE5 		ldr	r2, .L69+20
 1206 0a00 002083E5 		str	r2, [r3]	@ float
 1207 0a04 080000EA 		b	.L60
 1208              	.L68:
 388:../ar0234.c   **** 			#ifdef AR0234_DIAG_DEBUG
 389:../ar0234.c   **** 			CyU3PDebugPrint(4, "TEMP raw-s2 invalid=%d, skip\n", rawValue2);
 390:../ar0234.c   **** 			#endif
 391:../ar0234.c   **** 		}
 392:../ar0234.c   **** 		else
 393:../ar0234.c   **** 		{
 394:../ar0234.c   **** 			*pTempSensor2 = TemperatureSensor_CalculateTemperature(rawValue2, glTempCalibSensor2);
 1209              		.loc 1 394 0
 1210 0a08 BC205BE1 		ldrh	r2, [fp, #-12]
 1211 0a0c 2C309FE5 		ldr	r3, .L69+12
 1212 0a10 B030D3E1 		ldrh	r3, [r3]
 1213 0a14 0200A0E1 		mov	r0, r2
 1214 0a18 0310A0E1 		mov	r1, r3
 1215 0a1c FEFFFFEB 		bl	TemperatureSensor_CalculateTemperature
 1216 0a20 0020A0E1 		mov	r2, r0
 1217 0a24 14301BE5 		ldr	r3, [fp, #-20]
 1218 0a28 002083E5 		str	r2, [r3]	@ float
 1219              	.L60:
 395:../ar0234.c   **** 			#ifdef AR0234_DIAG_DEBUG
 396:../ar0234.c   **** 			CyU3PDebugPrint(4, "TEMP calc-s2=%dC\n", (int)(*pTempSensor2));
 397:../ar0234.c   **** 			#endif
 398:../ar0234.c   **** 		}
 399:../ar0234.c   **** 	}
 400:../ar0234.c   **** 
 401:../ar0234.c   **** 	#ifdef AR0234_DIAG_DEBUG
 402:../ar0234.c   **** 	CyU3PDebugPrint(4, "TEMP read-ms=%d\n", (int)(CyU3PGetTime() - tStart));
 403:../ar0234.c   **** 	#endif
 404:../ar0234.c   **** }
 1220              		.loc 1 404 0
 1221 0a2c 04D04BE2 		sub	sp, fp, #4
 1222              		@ sp needed
 1223 0a30 0088BDE8 		ldmfd	sp!, {fp, pc}
 1224              	.L70:
 1225              		.align	2
 1226              	.L69:
 1227 0a34 40000000 		.word	glTempSensorEnabled
 1228 0a38 44000000 		.word	glTempCalibrationValid
 1229 0a3c 48000000 		.word	glTempCalibSensor1
 1230 0a40 4A000000 		.word	glTempCalibSensor2
 1231 0a44 FF030000 		.word	1023
 1232 0a48 00005C42 		.word	1113325568
 1233              		.cfi_endproc
 1234              	.LFE16:
 1236              		.align	2
 1237              		.global	TemperatureMonitor_GetLastTemperature
 1239              	TemperatureMonitor_GetLastTemperature:
 1240              	.LFB17:
 405:../ar0234.c   **** 
 406:../ar0234.c   **** 
 407:../ar0234.c   **** /**
 408:../ar0234.c   ****  * 获取上次读取的温度值（不重新读取传感器）
 409:../ar0234.c   ****  * @param pTempSensor1: 指向传感器1温度值的指针
 410:../ar0234.c   ****  * @param pTempSensor2: 指向传感器2温度值的指针
 411:../ar0234.c   ****  */
 412:../ar0234.c   **** void TemperatureMonitor_GetLastTemperature(float *pTempSensor1, float *pTempSensor2)
 413:../ar0234.c   **** {
 1241              		.loc 1 413 0
 1242              		.cfi_startproc
 1243              		@ args = 0, pretend = 0, frame = 8
 1244              		@ frame_needed = 1, uses_anonymous_args = 0
 1245              		@ link register save eliminated.
 1246 0a4c 04B02DE5 		str	fp, [sp, #-4]!
 1247              	.LCFI34:
 1248              		.cfi_def_cfa_offset 4
 1249              		.cfi_offset 11, -4
 1250 0a50 00B08DE2 		add	fp, sp, #0
 1251              	.LCFI35:
 1252              		.cfi_def_cfa_register 11
 1253 0a54 0CD04DE2 		sub	sp, sp, #12
 1254 0a58 08000BE5 		str	r0, [fp, #-8]
 1255 0a5c 0C100BE5 		str	r1, [fp, #-12]
 414:../ar0234.c   ****     if (pTempSensor1 != NULL)
 1256              		.loc 1 414 0
 1257 0a60 08301BE5 		ldr	r3, [fp, #-8]
 1258 0a64 000053E3 		cmp	r3, #0
 1259 0a68 0300000A 		beq	.L72
 415:../ar0234.c   ****     {
 416:../ar0234.c   ****         *pTempSensor1 = glLastTempSensor1;
 1260              		.loc 1 416 0
 1261 0a6c 30309FE5 		ldr	r3, .L74
 1262 0a70 002093E5 		ldr	r2, [r3]	@ float
 1263 0a74 08301BE5 		ldr	r3, [fp, #-8]
 1264 0a78 002083E5 		str	r2, [r3]	@ float
 1265              	.L72:
 417:../ar0234.c   ****     }
 418:../ar0234.c   ****     if (pTempSensor2 != NULL)
 1266              		.loc 1 418 0
 1267 0a7c 0C301BE5 		ldr	r3, [fp, #-12]
 1268 0a80 000053E3 		cmp	r3, #0
 1269 0a84 0300000A 		beq	.L71
 419:../ar0234.c   ****     {
 420:../ar0234.c   ****         *pTempSensor2 = glLastTempSensor2;
 1270              		.loc 1 420 0
 1271 0a88 18309FE5 		ldr	r3, .L74+4
 1272 0a8c 002093E5 		ldr	r2, [r3]	@ float
 1273 0a90 0C301BE5 		ldr	r3, [fp, #-12]
 1274 0a94 002083E5 		str	r2, [r3]	@ float
 1275              	.L71:
 421:../ar0234.c   ****     }
 422:../ar0234.c   **** }
 1276              		.loc 1 422 0
 1277 0a98 00D04BE2 		sub	sp, fp, #0
 1278              		@ sp needed
 1279 0a9c 04B09DE4 		ldr	fp, [sp], #4
 1280 0aa0 1EFF2FE1 		bx	lr
 1281              	.L75:
 1282              		.align	2
 1283              	.L74:
 1284 0aa4 00000000 		.word	glLastTempSensor1
 1285 0aa8 04000000 		.word	glLastTempSensor2
 1286              		.cfi_endproc
 1287              	.LFE17:
 1289              		.global	__aeabi_fcmpgt
 1290              		.global	__aeabi_fcmplt
 1291              		.align	2
 1292              		.global	TemperatureMonitor_Process
 1294              	TemperatureMonitor_Process:
 1295              	.LFB18:
 423:../ar0234.c   **** 
 424:../ar0234.c   **** /**
 425:../ar0234.c   ****  * 温度读取函数
 426:../ar0234.c   ****  * 每次调用就读取一次（立即读取，无10秒定时与触发标志）。
 427:../ar0234.c   ****  */
 428:../ar0234.c   **** void TemperatureMonitor_Process(void)
 429:../ar0234.c   **** {
 1296              		.loc 1 429 0
 1297              		.cfi_startproc
 1298              		@ args = 0, pretend = 0, frame = 8
 1299              		@ frame_needed = 1, uses_anonymous_args = 0
 1300 0aac 00482DE9 		stmfd	sp!, {fp, lr}
 1301              	.LCFI36:
 1302              		.cfi_def_cfa_offset 8
 1303              		.cfi_offset 11, -8
 1304              		.cfi_offset 14, -4
 1305 0ab0 04B08DE2 		add	fp, sp, #4
 1306              	.LCFI37:
 1307              		.cfi_def_cfa 11, 4
 1308 0ab4 08D04DE2 		sub	sp, sp, #8
 430:../ar0234.c   **** 	if (!glIsTempMonitorActive)
 1309              		.loc 1 430 0
 1310 0ab8 B4309FE5 		ldr	r3, .L89
 1311 0abc 003093E5 		ldr	r3, [r3]
 1312 0ac0 000053E3 		cmp	r3, #0
 1313 0ac4 2800000A 		beq	.L76
 431:../ar0234.c   **** 	{
 432:../ar0234.c   **** 		return;
 433:../ar0234.c   **** 	}
 434:../ar0234.c   **** 
 435:../ar0234.c   ****     float temp1, temp2;
 436:../ar0234.c   ****     TemperatureSensor_ReadTemperature(&temp1, &temp2);
 1314              		.loc 1 436 0
 1315 0ac8 08204BE2 		sub	r2, fp, #8
 1316 0acc 0C304BE2 		sub	r3, fp, #12
 1317 0ad0 0200A0E1 		mov	r0, r2
 1318 0ad4 0310A0E1 		mov	r1, r3
 1319 0ad8 FEFFFFEB 		bl	TemperatureSensor_ReadTemperature
 437:../ar0234.c   **** 
 438:../ar0234.c   ****     // 仅保存合理范围内的温度值（AR0234结温范围 -40~125°C），超范围则保留上次有效值，防止I2C偶发错
 439:../ar0234.c   ****     if (temp1 > -40.0f && temp1 < 125.0f)
 1320              		.loc 1 439 0
 1321 0adc 08301BE5 		ldr	r3, [fp, #-8]	@ float
 1322 0ae0 0300A0E1 		mov	r0, r3
 1323 0ae4 8C109FE5 		ldr	r1, .L89+4
 1324 0ae8 FEFFFFEB 		bl	__aeabi_fcmpgt
 1325 0aec 0030A0E1 		mov	r3, r0
 1326 0af0 000053E3 		cmp	r3, #0
 1327 0af4 0900000A 		beq	.L79
 1328              		.loc 1 439 0 is_stmt 0 discriminator 1
 1329 0af8 08301BE5 		ldr	r3, [fp, #-8]	@ float
 1330 0afc 0300A0E1 		mov	r0, r3
 1331 0b00 74109FE5 		ldr	r1, .L89+8
 1332 0b04 FEFFFFEB 		bl	__aeabi_fcmplt
 1333 0b08 0030A0E1 		mov	r3, r0
 1334 0b0c 000053E3 		cmp	r3, #0
 1335 0b10 0200000A 		beq	.L79
 440:../ar0234.c   ****     {
 441:../ar0234.c   ****         glLastTempSensor1 = temp1;
 1336              		.loc 1 441 0 is_stmt 1
 1337 0b14 08201BE5 		ldr	r2, [fp, #-8]	@ float
 1338 0b18 60309FE5 		ldr	r3, .L89+12
 1339 0b1c 002083E5 		str	r2, [r3]	@ float
 1340              	.L79:
 442:../ar0234.c   ****     }
 443:../ar0234.c   ****     else
 444:../ar0234.c   ****     {
 445:../ar0234.c   ****         #ifdef AR0234_DIAG_DEBUG
 446:../ar0234.c   ****         CyU3PDebugPrint(4, "TEMP s1 out-of-range=%dC, keep last=%dC\n", (int)temp1, (int)glLastTemp
 447:../ar0234.c   ****         #endif
 448:../ar0234.c   ****     }
 449:../ar0234.c   ****     if (temp2 > -40.0f && temp2 < 125.0f)
 1341              		.loc 1 449 0
 1342 0b20 0C301BE5 		ldr	r3, [fp, #-12]	@ float
 1343 0b24 0300A0E1 		mov	r0, r3
 1344 0b28 48109FE5 		ldr	r1, .L89+4
 1345 0b2c FEFFFFEB 		bl	__aeabi_fcmpgt
 1346 0b30 0030A0E1 		mov	r3, r0
 1347 0b34 000053E3 		cmp	r3, #0
 1348 0b38 0000001A 		bne	.L87
 1349 0b3c 0A0000EA 		b	.L76
 1350              	.L87:
 1351              		.loc 1 449 0 is_stmt 0 discriminator 1
 1352 0b40 0C301BE5 		ldr	r3, [fp, #-12]	@ float
 1353 0b44 0300A0E1 		mov	r0, r3
 1354 0b48 2C109FE5 		ldr	r1, .L89+8
 1355 0b4c FEFFFFEB 		bl	__aeabi_fcmplt
 1356 0b50 0030A0E1 		mov	r3, r0
 1357 0b54 000053E3 		cmp	r3, #0
 1358 0b58 0000001A 		bne	.L88
 1359 0b5c 020000EA 		b	.L76
 1360              	.L88:
 450:../ar0234.c   ****     {
 451:../ar0234.c   ****         glLastTempSensor2 = temp2;
 1361              		.loc 1 451 0 is_stmt 1
 1362 0b60 0C201BE5 		ldr	r2, [fp, #-12]	@ float
 1363 0b64 18309FE5 		ldr	r3, .L89+16
 1364 0b68 002083E5 		str	r2, [r3]	@ float
 1365              	.L76:
 452:../ar0234.c   ****     }
 453:../ar0234.c   ****     else
 454:../ar0234.c   ****     {
 455:../ar0234.c   ****         #ifdef AR0234_DIAG_DEBUG
 456:../ar0234.c   ****         CyU3PDebugPrint(4, "TEMP s2 out-of-range=%dC, keep last=%dC\n", (int)temp2, (int)glLastTemp
 457:../ar0234.c   ****         #endif
 458:../ar0234.c   ****     }
 459:../ar0234.c   **** 
 460:../ar0234.c   ****     // 调试输出
 461:../ar0234.c   ****     #ifdef AR0234_DIAG_DEBUG
 462:../ar0234.c   **** 	CyU3PDebugPrint(4, "TEMP result s1=%dC s2=%dC\n", (int)glLastTempSensor1, (int)glLastTempSensor2);
 463:../ar0234.c   ****     #endif
 464:../ar0234.c   **** }
 1366              		.loc 1 464 0
 1367 0b6c 04D04BE2 		sub	sp, fp, #4
 1368              		@ sp needed
 1369 0b70 0088BDE8 		ldmfd	sp!, {fp, pc}
 1370              	.L90:
 1371              		.align	2
 1372              	.L89:
 1373 0b74 00000000 		.word	glIsTempMonitorActive
 1374 0b78 000020C2 		.word	-1038090240
 1375 0b7c 0000FA42 		.word	1123680256
 1376 0b80 00000000 		.word	glLastTempSensor1
 1377 0b84 04000000 		.word	glLastTempSensor2
 1378              		.cfi_endproc
 1379              	.LFE18:
 1381              		.align	2
 1382              		.global	AR0234_DumpCoreModeRegisters_Sequential100ms
 1384              	AR0234_DumpCoreModeRegisters_Sequential100ms:
 1385              	.LFB19:
 465:../ar0234.c   **** 
 466:../ar0234.c   **** 
 467:../ar0234.c   **** //读取AR0234核心模式寄存器
 468:../ar0234.c   **** void AR0234_DumpCoreModeRegisters_Sequential100ms(void)
 469:../ar0234.c   **** {
 1386              		.loc 1 469 0
 1387              		.cfi_startproc
 1388              		@ args = 0, pretend = 0, frame = 8
 1389              		@ frame_needed = 1, uses_anonymous_args = 0
 1390 0b88 00482DE9 		stmfd	sp!, {fp, lr}
 1391              	.LCFI38:
 1392              		.cfi_def_cfa_offset 8
 1393              		.cfi_offset 11, -8
 1394              		.cfi_offset 14, -4
 1395 0b8c 04B08DE2 		add	fp, sp, #4
 1396              	.LCFI39:
 1397              		.cfi_def_cfa 11, 4
 1398 0b90 08D04DE2 		sub	sp, sp, #8
 470:../ar0234.c   **** 	uint16_t s1, s2;
 471:../ar0234.c   **** 	/* 0x30B0 */
 472:../ar0234.c   **** 	CyFxGetBothSensorParams(0x30B0, &s1, &s2);
 1399              		.loc 1 472 0
 1400 0b94 06204BE2 		sub	r2, fp, #6
 1401 0b98 08304BE2 		sub	r3, fp, #8
 1402 0b9c B0009FE5 		ldr	r0, .L92
 1403 0ba0 0210A0E1 		mov	r1, r2
 1404 0ba4 0320A0E1 		mov	r2, r3
 1405 0ba8 FEFFFFEB 		bl	CyFxGetBothSensorParams
 473:../ar0234.c   **** 	#ifdef AR0234_DIAG_DEBUG
 474:../ar0234.c   **** 	CyU3PDebugPrint(4, "REG read reg=0x30B0 s1=%d\n", s1);
 475:../ar0234.c   **** 	CyU3PDebugPrint(4, "REG read reg=0x30B0 s2=%d\n", s2);
 476:../ar0234.c   **** 	#endif
 477:../ar0234.c   **** 	CyU3PThreadSleep(100);
 1406              		.loc 1 477 0
 1407 0bac 6400A0E3 		mov	r0, #100
 1408 0bb0 FEFFFFEB 		bl	_tx_thread_sleep
 478:../ar0234.c   **** 	/* 0x30A2 */
 479:../ar0234.c   **** 	CyFxGetBothSensorParams(0x30A2, &s1, &s2);
 1409              		.loc 1 479 0
 1410 0bb4 06204BE2 		sub	r2, fp, #6
 1411 0bb8 08304BE2 		sub	r3, fp, #8
 1412 0bbc 94009FE5 		ldr	r0, .L92+4
 1413 0bc0 0210A0E1 		mov	r1, r2
 1414 0bc4 0320A0E1 		mov	r2, r3
 1415 0bc8 FEFFFFEB 		bl	CyFxGetBothSensorParams
 480:../ar0234.c   **** 	#ifdef AR0234_DIAG_DEBUG
 481:../ar0234.c   **** 	CyU3PDebugPrint(4, "REG read reg=0x30A2 s1=%d\n", s1);
 482:../ar0234.c   **** 	CyU3PDebugPrint(4, "REG read reg=0x30A2 s2=%d\n", s2);
 483:../ar0234.c   **** 	#endif
 484:../ar0234.c   **** 	CyU3PThreadSleep(100);
 1416              		.loc 1 484 0
 1417 0bcc 6400A0E3 		mov	r0, #100
 1418 0bd0 FEFFFFEB 		bl	_tx_thread_sleep
 485:../ar0234.c   **** 
 486:../ar0234.c   **** 	/* 0x30A6 */
 487:../ar0234.c   **** 	CyFxGetBothSensorParams(0x30A6, &s1, &s2);
 1419              		.loc 1 487 0
 1420 0bd4 06204BE2 		sub	r2, fp, #6
 1421 0bd8 08304BE2 		sub	r3, fp, #8
 1422 0bdc 78009FE5 		ldr	r0, .L92+8
 1423 0be0 0210A0E1 		mov	r1, r2
 1424 0be4 0320A0E1 		mov	r2, r3
 1425 0be8 FEFFFFEB 		bl	CyFxGetBothSensorParams
 488:../ar0234.c   **** 	#ifdef AR0234_DIAG_DEBUG
 489:../ar0234.c   **** 	CyU3PDebugPrint(4, "REG read reg=0x30A6 s1=%d\n", s1);
 490:../ar0234.c   **** 	CyU3PDebugPrint(4, "REG read reg=0x30A6 s2=%d\n", s2);
 491:../ar0234.c   **** 	#endif
 492:../ar0234.c   **** 	CyU3PThreadSleep(100);
 1426              		.loc 1 492 0
 1427 0bec 6400A0E3 		mov	r0, #100
 1428 0bf0 FEFFFFEB 		bl	_tx_thread_sleep
 493:../ar0234.c   **** 
 494:../ar0234.c   **** 	/* 0x3040 */
 495:../ar0234.c   **** 	CyFxGetBothSensorParams(0x3040, &s1, &s2);
 1429              		.loc 1 495 0
 1430 0bf4 06204BE2 		sub	r2, fp, #6
 1431 0bf8 08304BE2 		sub	r3, fp, #8
 1432 0bfc C10DA0E3 		mov	r0, #12352
 1433 0c00 0210A0E1 		mov	r1, r2
 1434 0c04 0320A0E1 		mov	r2, r3
 1435 0c08 FEFFFFEB 		bl	CyFxGetBothSensorParams
 496:../ar0234.c   **** 	#ifdef AR0234_DIAG_DEBUG
 497:../ar0234.c   **** 	CyU3PDebugPrint(4, "REG read reg=0x3040 s1=%d\n", s1);
 498:../ar0234.c   **** 	CyU3PDebugPrint(4, "REG read reg=0x3040 s2=%d\n", s2);
 499:../ar0234.c   **** 	#endif
 500:../ar0234.c   **** 	CyU3PThreadSleep(100);
 1436              		.loc 1 500 0
 1437 0c0c 6400A0E3 		mov	r0, #100
 1438 0c10 FEFFFFEB 		bl	_tx_thread_sleep
 501:../ar0234.c   **** 
 502:../ar0234.c   **** 	/* 0x30AE */
 503:../ar0234.c   **** 	CyFxGetBothSensorParams(0x30AE, &s1, &s2);
 1439              		.loc 1 503 0
 1440 0c14 06204BE2 		sub	r2, fp, #6
 1441 0c18 08304BE2 		sub	r3, fp, #8
 1442 0c1c 3C009FE5 		ldr	r0, .L92+12
 1443 0c20 0210A0E1 		mov	r1, r2
 1444 0c24 0320A0E1 		mov	r2, r3
 1445 0c28 FEFFFFEB 		bl	CyFxGetBothSensorParams
 504:../ar0234.c   **** 	#ifdef AR0234_DIAG_DEBUG
 505:../ar0234.c   **** 	CyU3PDebugPrint(4, "REG read reg=0x30AE s1=%d\n", s1);
 506:../ar0234.c   **** 	CyU3PDebugPrint(4, "REG read reg=0x30AE s2=%d\n", s2);
 507:../ar0234.c   **** 	#endif
 508:../ar0234.c   **** 	CyU3PThreadSleep(100);
 1446              		.loc 1 508 0
 1447 0c2c 6400A0E3 		mov	r0, #100
 1448 0c30 FEFFFFEB 		bl	_tx_thread_sleep
 509:../ar0234.c   **** 
 510:../ar0234.c   **** 	/* 0x30A8 */
 511:../ar0234.c   **** 	CyFxGetBothSensorParams(0x30A8, &s1, &s2);
 1449              		.loc 1 511 0
 1450 0c34 06204BE2 		sub	r2, fp, #6
 1451 0c38 08304BE2 		sub	r3, fp, #8
 1452 0c3c 20009FE5 		ldr	r0, .L92+16
 1453 0c40 0210A0E1 		mov	r1, r2
 1454 0c44 0320A0E1 		mov	r2, r3
 1455 0c48 FEFFFFEB 		bl	CyFxGetBothSensorParams
 512:../ar0234.c   **** 	#ifdef AR0234_DIAG_DEBUG
 513:../ar0234.c   **** 	CyU3PDebugPrint(4, "REG read reg=0x30A8 s1=%d\n", s1);
 514:../ar0234.c   **** 	CyU3PDebugPrint(4, "REG read reg=0x30A8 s2=%d\n", s2);
 515:../ar0234.c   **** 	#endif
 516:../ar0234.c   **** 	(void)s1;
 517:../ar0234.c   **** 	(void)s2;
 518:../ar0234.c   **** }
 1456              		.loc 1 518 0
 1457 0c4c 04D04BE2 		sub	sp, fp, #4
 1458              		@ sp needed
 1459 0c50 0088BDE8 		ldmfd	sp!, {fp, pc}
 1460              	.L93:
 1461              		.align	2
 1462              	.L92:
 1463 0c54 B0300000 		.word	12464
 1464 0c58 A2300000 		.word	12450
 1465 0c5c A6300000 		.word	12454
 1466 0c60 AE300000 		.word	12462
 1467 0c64 A8300000 		.word	12456
 1468              		.cfi_endproc
 1469              	.LFE19:
 1471              		.align	2
 1472              		.global	AR0234_Context_Init
 1474              	AR0234_Context_Init:
 1475              	.LFB20:
 519:../ar0234.c   **** 
 520:../ar0234.c   **** void AR0234_Context_Init ()
 521:../ar0234.c   **** {
 1476              		.loc 1 521 0
 1477              		.cfi_startproc
 1478              		@ args = 0, pretend = 0, frame = 0
 1479              		@ frame_needed = 1, uses_anonymous_args = 0
 1480 0c68 00482DE9 		stmfd	sp!, {fp, lr}
 1481              	.LCFI40:
 1482              		.cfi_def_cfa_offset 8
 1483              		.cfi_offset 11, -8
 1484              		.cfi_offset 14, -4
 1485 0c6c 04B08DE2 		add	fp, sp, #4
 1486              	.LCFI41:
 1487              		.cfi_def_cfa 11, 4
 522:../ar0234.c   **** 	AR0234_TxnInit();
 1488              		.loc 1 522 0
 1489 0c70 E2FCFFEB 		bl	AR0234_TxnInit
 523:../ar0234.c   **** 	glTempSensorEnabled = CyFalse;
 1490              		.loc 1 523 0
 1491 0c74 C0309FE5 		ldr	r3, .L96
 1492 0c78 0020A0E3 		mov	r2, #0
 1493 0c7c 002083E5 		str	r2, [r3]
 524:../ar0234.c   **** 	glTempCalibrationValid = CyFalse;
 1494              		.loc 1 524 0
 1495 0c80 B8309FE5 		ldr	r3, .L96+4
 1496 0c84 0020A0E3 		mov	r2, #0
 1497 0c88 002083E5 		str	r2, [r3]
 525:../ar0234.c   **** 	glTempCalibSensor1 = 0;
 1498              		.loc 1 525 0
 1499 0c8c B0309FE5 		ldr	r3, .L96+8
 1500 0c90 0020A0E3 		mov	r2, #0
 1501 0c94 B020C3E1 		strh	r2, [r3]	@ movhi
 526:../ar0234.c   **** 	glTempCalibSensor2 = 0;
 1502              		.loc 1 526 0
 1503 0c98 A8309FE5 		ldr	r3, .L96+12
 1504 0c9c 0020A0E3 		mov	r2, #0
 1505 0ca0 B020C3E1 		strh	r2, [r3]	@ movhi
 527:../ar0234.c   **** 
 528:../ar0234.c   **** 	AR0234ContextConfig.laserExposureSensor1 = 0x0093;   //MONO
 1506              		.loc 1 528 0
 1507 0ca4 A0309FE5 		ldr	r3, .L96+16
 1508 0ca8 9320A0E3 		mov	r2, #147
 1509 0cac B020C3E1 		strh	r2, [r3]	@ movhi
 529:../ar0234.c   **** 	AR0234ContextConfig.laserExposureSensor2 = 0x0093;   //RGB
 1510              		.loc 1 529 0
 1511 0cb0 94309FE5 		ldr	r3, .L96+16
 1512 0cb4 9320A0E3 		mov	r2, #147
 1513 0cb8 B620C3E1 		strh	r2, [r3, #6]	@ movhi
 530:../ar0234.c   **** 	AR0234ContextConfig.whiteLightExposureSensor1 = 0x0126;
 1514              		.loc 1 530 0
 1515 0cbc 88309FE5 		ldr	r3, .L96+16
 1516 0cc0 88209FE5 		ldr	r2, .L96+20
 1517 0cc4 B220C3E1 		strh	r2, [r3, #2]	@ movhi
 531:../ar0234.c   **** 	AR0234ContextConfig.whiteLightExposureSensor2 = 0x0126;
 1518              		.loc 1 531 0
 1519 0cc8 7C309FE5 		ldr	r3, .L96+16
 1520 0ccc 7C209FE5 		ldr	r2, .L96+20
 1521 0cd0 B820C3E1 		strh	r2, [r3, #8]	@ movhi
 532:../ar0234.c   **** 	AR0234ContextConfig.infraredLightExposureSensor1 = 0x0126;
 1522              		.loc 1 532 0
 1523 0cd4 70309FE5 		ldr	r3, .L96+16
 1524 0cd8 70209FE5 		ldr	r2, .L96+20
 1525 0cdc B420C3E1 		strh	r2, [r3, #4]	@ movhi
 533:../ar0234.c   **** 	AR0234ContextConfig.infraredLightExposureSensor2 = 0x0126;
 1526              		.loc 1 533 0
 1527 0ce0 64309FE5 		ldr	r3, .L96+16
 1528 0ce4 64209FE5 		ldr	r2, .L96+20
 1529 0ce8 BA20C3E1 		strh	r2, [r3, #10]	@ movhi
 534:../ar0234.c   **** 
 535:../ar0234.c   **** 	AR0234ContextConfig.laserGainSensor1 = 0x0080;
 1530              		.loc 1 535 0
 1531 0cec 58309FE5 		ldr	r3, .L96+16
 1532 0cf0 8020A0E3 		mov	r2, #128
 1533 0cf4 BC20C3E1 		strh	r2, [r3, #12]	@ movhi
 536:../ar0234.c   **** 	AR0234ContextConfig.laserGainSensor2 = 0x0080;
 1534              		.loc 1 536 0
 1535 0cf8 4C309FE5 		ldr	r3, .L96+16
 1536 0cfc 8020A0E3 		mov	r2, #128
 1537 0d00 B221C3E1 		strh	r2, [r3, #18]	@ movhi
 537:../ar0234.c   **** 	AR0234ContextConfig.whiteLightGainSensor1 = 0x0080;
 1538              		.loc 1 537 0
 1539 0d04 40309FE5 		ldr	r3, .L96+16
 1540 0d08 8020A0E3 		mov	r2, #128
 1541 0d0c BE20C3E1 		strh	r2, [r3, #14]	@ movhi
 538:../ar0234.c   **** 	AR0234ContextConfig.whiteLightGainSensor2 = 0x0080;
 1542              		.loc 1 538 0
 1543 0d10 34309FE5 		ldr	r3, .L96+16
 1544 0d14 8020A0E3 		mov	r2, #128
 1545 0d18 B421C3E1 		strh	r2, [r3, #20]	@ movhi
 539:../ar0234.c   **** 	AR0234ContextConfig.infraredLightGainSensor1 = 0x0080;
 1546              		.loc 1 539 0
 1547 0d1c 28309FE5 		ldr	r3, .L96+16
 1548 0d20 8020A0E3 		mov	r2, #128
 1549 0d24 B021C3E1 		strh	r2, [r3, #16]	@ movhi
 540:../ar0234.c   **** 	AR0234ContextConfig.infraredLightGainSensor2 = 0x0080;
 1550              		.loc 1 540 0
 1551 0d28 1C309FE5 		ldr	r3, .L96+16
 1552 0d2c 8020A0E3 		mov	r2, #128
 1553 0d30 B621C3E1 		strh	r2, [r3, #22]	@ movhi
 541:../ar0234.c   **** 
 542:../ar0234.c   **** 	return;
 1554              		.loc 1 542 0
 1555 0d34 0000A0E1 		mov	r0, r0	@ nop
 543:../ar0234.c   **** }
 1556              		.loc 1 543 0
 1557 0d38 0088BDE8 		ldmfd	sp!, {fp, pc}
 1558              	.L97:
 1559              		.align	2
 1560              	.L96:
 1561 0d3c 40000000 		.word	glTempSensorEnabled
 1562 0d40 44000000 		.word	glTempCalibrationValid
 1563 0d44 48000000 		.word	glTempCalibSensor1
 1564 0d48 4A000000 		.word	glTempCalibSensor2
 1565 0d4c 00000000 		.word	AR0234ContextConfig
 1566 0d50 26010000 		.word	294
 1567              		.cfi_endproc
 1568              	.LFE20:
 1570              	.Letext0:
 1571              		.file 2 "c:\\program files (x86)\\cypress\\ez-usb fx3 sdk\\1.3\\arm gcc\\arm-none-eabi\\include\\s
 1572              		.file 3 "C:\\Program Files (x86)\\Cypress\\EZ-USB FX3 SDK\\1.3\\\\firmware\\u3p_firmware\\inc/cyu3
 1573              		.file 4 "C:\\Program Files (x86)\\Cypress\\EZ-USB FX3 SDK\\1.3\\\\firmware\\u3p_firmware\\inc/tx_p
 1574              		.file 5 "C:\\Program Files (x86)\\Cypress\\EZ-USB FX3 SDK\\1.3\\\\firmware\\u3p_firmware\\inc/tx_a
 1575              		.file 6 "C:\\Program Files (x86)\\Cypress\\EZ-USB FX3 SDK\\1.3\\\\firmware\\u3p_firmware\\inc/cyu3
 1576              		.file 7 "../ar0234.h"
 1577              		.file 8 "C:\\Program Files (x86)\\Cypress\\EZ-USB FX3 SDK\\1.3\\\\firmware\\u3p_firmware\\inc/cyu3
 1578              		.file 9 "C:\\Program Files (x86)\\Cypress\\EZ-USB FX3 SDK\\1.3\\\\firmware\\u3p_firmware\\inc/cyu3
DEFINED SYMBOLS
                            *ABS*:00000000 ar0234.c
                            *COM*:00000040 glAr0234Buffer
                            *COM*:00000038 AR0234ContextConfig
C:\Users\liuxin\AppData\Local\Temp\cc91qU9H.s:19     .data:00000000 $d
C:\Users\liuxin\AppData\Local\Temp\cc91qU9H.s:22     .data:00000000 glLastTempSensor1
C:\Users\liuxin\AppData\Local\Temp\cc91qU9H.s:27     .data:00000004 glLastTempSensor2
C:\Users\liuxin\AppData\Local\Temp\cc91qU9H.s:30     .bss:00000000 $d
C:\Users\liuxin\AppData\Local\Temp\cc91qU9H.s:31     .bss:00000000 glIsTempMonitorActive
C:\Users\liuxin\AppData\Local\Temp\cc91qU9H.s:34     .bss:00000004 glAr0234TxnMutex
C:\Users\liuxin\AppData\Local\Temp\cc91qU9H.s:37     .bss:0000003c glAr0234TxnMutexReady
C:\Users\liuxin\AppData\Local\Temp\cc91qU9H.s:40     .bss:00000040 glTempSensorEnabled
C:\Users\liuxin\AppData\Local\Temp\cc91qU9H.s:43     .bss:00000044 glTempCalibrationValid
C:\Users\liuxin\AppData\Local\Temp\cc91qU9H.s:46     .bss:00000048 glTempCalibSensor1
C:\Users\liuxin\AppData\Local\Temp\cc91qU9H.s:49     .bss:0000004a glTempCalibSensor2
C:\Users\liuxin\AppData\Local\Temp\cc91qU9H.s:52     .text:00000000 $a
C:\Users\liuxin\AppData\Local\Temp\cc91qU9H.s:54     .text:00000000 AR0234_TxnInit
C:\Users\liuxin\AppData\Local\Temp\cc91qU9H.s:93     .text:00000048 $d
C:\Users\liuxin\AppData\Local\Temp\cc91qU9H.s:98     .text:00000050 $a
C:\Users\liuxin\AppData\Local\Temp\cc91qU9H.s:100    .text:00000050 AR0234_TxnLock
C:\Users\liuxin\AppData\Local\Temp\cc91qU9H.s:129    .text:00000078 $d
C:\Users\liuxin\AppData\Local\Temp\cc91qU9H.s:134    .text:00000080 $a
C:\Users\liuxin\AppData\Local\Temp\cc91qU9H.s:136    .text:00000080 AR0234_TxnUnlock
C:\Users\liuxin\AppData\Local\Temp\cc91qU9H.s:164    .text:000000a4 $d
C:\Users\liuxin\AppData\Local\Temp\cc91qU9H.s:169    .text:000000ac $a
C:\Users\liuxin\AppData\Local\Temp\cc91qU9H.s:172    .text:000000ac TemperatureMonitor_Start
C:\Users\liuxin\AppData\Local\Temp\cc91qU9H.s:197    .text:000000c8 $d
C:\Users\liuxin\AppData\Local\Temp\cc91qU9H.s:201    .text:000000cc $a
C:\Users\liuxin\AppData\Local\Temp\cc91qU9H.s:204    .text:000000cc CyFxUsbI2cTransfer_AR0234_WR
C:\Users\liuxin\AppData\Local\Temp\cc91qU9H.s:289    .text:00000198 CyFxUsbI2cTransfer_AR0234_RD
C:\Users\liuxin\AppData\Local\Temp\cc91qU9H.s:368    .text:00000250 AR0234_Write_Sensor1
C:\Users\liuxin\AppData\Local\Temp\cc91qU9H.s:445    .text:00000308 AR0234_read_sensor1
C:\Users\liuxin\AppData\Local\Temp\cc91qU9H.s:498    .text:00000380 AR0234_Write_Sensor2
C:\Users\liuxin\AppData\Local\Temp\cc91qU9H.s:575    .text:00000438 CyFxGetSensor1param
C:\Users\liuxin\AppData\Local\Temp\cc91qU9H.s:663    .text:000004d8 CyFxGetBothSensorParams
C:\Users\liuxin\AppData\Local\Temp\cc91qU9H.s:619    .text:00000488 CyFxGetSensor2param
C:\Users\liuxin\AppData\Local\Temp\cc91qU9H.s:827    .text:000006a4 TemperatureSensor_Enable
C:\Users\liuxin\AppData\Local\Temp\cc91qU9H.s:864    .text:000006e8 $d
C:\Users\liuxin\AppData\Local\Temp\cc91qU9H.s:868    .text:000006ec $a
C:\Users\liuxin\AppData\Local\Temp\cc91qU9H.s:871    .text:000006ec TemperatureSensor_ReadCalibration
C:\Users\liuxin\AppData\Local\Temp\cc91qU9H.s:943    .text:00000798 $d
C:\Users\liuxin\AppData\Local\Temp\cc91qU9H.s:947    .text:0000079c $a
C:\Users\liuxin\AppData\Local\Temp\cc91qU9H.s:950    .text:0000079c TemperatureSensor_ReadRawValue
C:\Users\liuxin\AppData\Local\Temp\cc91qU9H.s:1022   .text:00000848 $d
C:\Users\liuxin\AppData\Local\Temp\cc91qU9H.s:1030   .text:0000084c $a
C:\Users\liuxin\AppData\Local\Temp\cc91qU9H.s:1033   .text:0000084c TemperatureSensor_CalculateTemperature
C:\Users\liuxin\AppData\Local\Temp\cc91qU9H.s:1085   .text:000008cc $d
C:\Users\liuxin\AppData\Local\Temp\cc91qU9H.s:1090   .text:000008d4 $a
C:\Users\liuxin\AppData\Local\Temp\cc91qU9H.s:1093   .text:000008d4 TemperatureSensor_ReadTemperature
C:\Users\liuxin\AppData\Local\Temp\cc91qU9H.s:1227   .text:00000a34 $d
C:\Users\liuxin\AppData\Local\Temp\cc91qU9H.s:1236   .text:00000a4c $a
C:\Users\liuxin\AppData\Local\Temp\cc91qU9H.s:1239   .text:00000a4c TemperatureMonitor_GetLastTemperature
C:\Users\liuxin\AppData\Local\Temp\cc91qU9H.s:1284   .text:00000aa4 $d
C:\Users\liuxin\AppData\Local\Temp\cc91qU9H.s:1291   .text:00000aac $a
C:\Users\liuxin\AppData\Local\Temp\cc91qU9H.s:1294   .text:00000aac TemperatureMonitor_Process
C:\Users\liuxin\AppData\Local\Temp\cc91qU9H.s:1373   .text:00000b74 $d
C:\Users\liuxin\AppData\Local\Temp\cc91qU9H.s:1381   .text:00000b88 $a
C:\Users\liuxin\AppData\Local\Temp\cc91qU9H.s:1384   .text:00000b88 AR0234_DumpCoreModeRegisters_Sequential100ms
C:\Users\liuxin\AppData\Local\Temp\cc91qU9H.s:1463   .text:00000c54 $d
C:\Users\liuxin\AppData\Local\Temp\cc91qU9H.s:1471   .text:00000c68 $a
C:\Users\liuxin\AppData\Local\Temp\cc91qU9H.s:1474   .text:00000c68 AR0234_Context_Init
C:\Users\liuxin\AppData\Local\Temp\cc91qU9H.s:1561   .text:00000d3c $d
                     .debug_frame:00000010 $d

UNDEFINED SYMBOLS
_txe_mutex_create
_txe_mutex_get
_txe_mutex_put
CyU3PI2cTransmitBytes
CyU3PI2cReceiveBytes
CyFxSpiProtoWrite8
CyFxSpiProtoRead8
_tx_thread_sleep
CyFxSpiProtoReadSelectedStatus8
__aeabi_ui2f
__aeabi_fsub
__aeabi_fmul
__aeabi_fadd
_tx_time_get
__aeabi_fcmpgt
__aeabi_fcmplt
