   1              		.cpu arm926ej-s
   2              		.fpu softvfp
   3              		.eabi_attribute 20, 1
   4              		.eabi_attribute 21, 1
   5              		.eabi_attribute 23, 3
   6              		.eabi_attribute 24, 1
   7              		.eabi_attribute 25, 1
   8              		.eabi_attribute 26, 1
   9              		.eabi_attribute 30, 6
  10              		.eabi_attribute 34, 0
  11              		.eabi_attribute 18, 4
  12              		.file	"ar0234.c"
  13              		.text
  14              	.Ltext0:
  15              		.cfi_sections	.debug_frame
  16              		.comm	glAr0234Buffer,64,32
  17              		.comm	AR0234ContextConfig,56,4
  18              		.data
  19              		.align	2
  22              	glLastTempSensor1:
  23 0000 00005E42 		.word	1113456640
  24              		.align	2
  27              	glLastTempSensor2:
  28 0004 00005E42 		.word	1113456640
  29              		.bss
  30              		.align	2
  31              	glIsTempMonitorActive:
  32 0000 00000000 		.space	4
  33              		.align	2
  34              	glAr0234TxnMutex:
  35 0004 00000000 		.space	56
  35      00000000 
  35      00000000 
  35      00000000 
  35      00000000 
  36              		.align	2
  37              	glAr0234TxnMutexReady:
  38 003c 00000000 		.space	4
  39              		.align	2
  40              	glTempSensorEnabled:
  41 0040 00000000 		.space	4
  42              		.align	2
  43              	glTempCalibrationValid:
  44 0044 00000000 		.space	4
  45              		.align	1
  46              	glTempCalibSensor1:
  47 0048 0000     		.space	2
  48              		.align	1
  49              	glTempCalibSensor2:
  50 004a 0000     		.space	2
  51              		.text
  52              		.align	2
  54              	AR0234_TxnInit:
  55              	.LFB0:
  56              		.file 1 "../ar0234.c"
   1:../ar0234.c   **** #include "ar0234.h"
   2:../ar0234.c   **** #include "cyfxslfifosync.h"
   3:../ar0234.c   **** #include "cyu3error.h"
   4:../ar0234.c   **** #include "cyu3system.h"
   5:../ar0234.c   **** #include "standalone_spi/cyfx_gpio_spi_standalone.h"
   6:../ar0234.c   **** 
   7:../ar0234.c   **** 
   8:../ar0234.c   **** uint8_t glAr0234Buffer[64]  __attribute__ ((aligned (32)));  // Reduced from 1024 to 64 bytes - onl
   9:../ar0234.c   **** AR0234ContextConfig_t AR0234ContextConfig;
  10:../ar0234.c   **** 
  11:../ar0234.c   **** // 温度监控相关变量（仅保留最近一次的温度值；去除10s定时器与触发标志）
  12:../ar0234.c   **** static float glLastTempSensor1 = 55.5f;  // 改成 55.5 用于调试区分：没启动时为55.5，传感器读错时为5
  13:../ar0234.c   **** static float glLastTempSensor2 = 55.5f;  // 改成 55.5 用于调试区分：没启动时为55.5，传感器读错时为5
  14:../ar0234.c   **** static CyBool_t glIsTempMonitorActive = CyFalse; // 是否启动了后台循环读取
  15:../ar0234.c   **** 
  16:../ar0234.c   **** /* AR0234寄存器访问事务锁，避免多线程下读写序列被交叉打断。 */
  17:../ar0234.c   **** static CyU3PMutex glAr0234TxnMutex;
  18:../ar0234.c   **** static CyBool_t glAr0234TxnMutexReady = CyFalse;
  19:../ar0234.c   **** 
  20:../ar0234.c   **** /* 温度链路优化：使能与校准值缓存，避免每次轮询重复做重操作。 */
  21:../ar0234.c   **** static CyBool_t glTempSensorEnabled = CyFalse;
  22:../ar0234.c   **** static CyBool_t glTempCalibrationValid = CyFalse;
  23:../ar0234.c   **** static uint16_t glTempCalibSensor1 = 0;
  24:../ar0234.c   **** static uint16_t glTempCalibSensor2 = 0;
  25:../ar0234.c   **** 
  26:../ar0234.c   **** static void AR0234_TxnInit(void)
  27:../ar0234.c   **** {
  57              		.loc 1 27 0
  58              		.cfi_startproc
  59              		@ args = 0, pretend = 0, frame = 0
  60              		@ frame_needed = 1, uses_anonymous_args = 0
  61 0000 00482DE9 		stmfd	sp!, {fp, lr}
  62              	.LCFI0:
  63              		.cfi_def_cfa_offset 8
  64              		.cfi_offset 11, -8
  65              		.cfi_offset 14, -4
  66 0004 04B08DE2 		add	fp, sp, #4
  67              	.LCFI1:
  68              		.cfi_def_cfa 11, 4
  28:../ar0234.c   **** 	if (!glAr0234TxnMutexReady)
  69              		.loc 1 28 0
  70 0008 38309FE5 		ldr	r3, .L3
  71 000c 003093E5 		ldr	r3, [r3]
  72 0010 000053E3 		cmp	r3, #0
  73 0014 0A00001A 		bne	.L1
  29:../ar0234.c   **** 	{
  30:../ar0234.c   **** 		if (CyU3PMutexCreate(&glAr0234TxnMutex, CYU3P_NO_INHERIT) == CY_U3P_SUCCESS)
  74              		.loc 1 30 0
  75 0018 2C009FE5 		ldr	r0, .L3+4
  76 001c 0010A0E3 		mov	r1, #0
  77 0020 0020A0E3 		mov	r2, #0
  78 0024 3830A0E3 		mov	r3, #56
  79 0028 FEFFFFEB 		bl	_txe_mutex_create
  80 002c 0030A0E1 		mov	r3, r0
  81 0030 000053E3 		cmp	r3, #0
  82 0034 0200001A 		bne	.L1
  31:../ar0234.c   **** 		{
  32:../ar0234.c   **** 			glAr0234TxnMutexReady = CyTrue;
  83              		.loc 1 32 0
  84 0038 08309FE5 		ldr	r3, .L3
  85 003c 0120A0E3 		mov	r2, #1
  86 0040 002083E5 		str	r2, [r3]
  87              	.L1:
  33:../ar0234.c   **** 		}
  34:../ar0234.c   **** 	}
  35:../ar0234.c   **** }
  88              		.loc 1 35 0
  89 0044 0088BDE8 		ldmfd	sp!, {fp, pc}
  90              	.L4:
  91              		.align	2
  92              	.L3:
  93 0048 3C000000 		.word	glAr0234TxnMutexReady
  94 004c 04000000 		.word	glAr0234TxnMutex
  95              		.cfi_endproc
  96              	.LFE0:
  98              		.align	2
 100              	AR0234_TxnLock:
 101              	.LFB1:
  36:../ar0234.c   **** 
  37:../ar0234.c   **** static void AR0234_TxnLock(void)
  38:../ar0234.c   **** {
 102              		.loc 1 38 0
 103              		.cfi_startproc
 104              		@ args = 0, pretend = 0, frame = 0
 105              		@ frame_needed = 1, uses_anonymous_args = 0
 106 0050 00482DE9 		stmfd	sp!, {fp, lr}
 107              	.LCFI2:
 108              		.cfi_def_cfa_offset 8
 109              		.cfi_offset 11, -8
 110              		.cfi_offset 14, -4
 111 0054 04B08DE2 		add	fp, sp, #4
 112              	.LCFI3:
 113              		.cfi_def_cfa 11, 4
  39:../ar0234.c   **** 	if (glAr0234TxnMutexReady)
 114              		.loc 1 39 0
 115 0058 18309FE5 		ldr	r3, .L7
 116 005c 003093E5 		ldr	r3, [r3]
 117 0060 000053E3 		cmp	r3, #0
 118 0064 0200000A 		beq	.L5
  40:../ar0234.c   **** 	{
  41:../ar0234.c   **** 		CyU3PMutexGet(&glAr0234TxnMutex, CYU3P_WAIT_FOREVER);
 119              		.loc 1 41 0
 120 0068 0C009FE5 		ldr	r0, .L7+4
 121 006c 0010E0E3 		mvn	r1, #0
 122 0070 FEFFFFEB 		bl	_txe_mutex_get
 123              	.L5:
  42:../ar0234.c   **** 	}
  43:../ar0234.c   **** }
 124              		.loc 1 43 0
 125 0074 0088BDE8 		ldmfd	sp!, {fp, pc}
 126              	.L8:
 127              		.align	2
 128              	.L7:
 129 0078 3C000000 		.word	glAr0234TxnMutexReady
 130 007c 04000000 		.word	glAr0234TxnMutex
 131              		.cfi_endproc
 132              	.LFE1:
 134              		.align	2
 136              	AR0234_TxnUnlock:
 137              	.LFB2:
  44:../ar0234.c   **** 
  45:../ar0234.c   **** static void AR0234_TxnUnlock(void)
  46:../ar0234.c   **** {
 138              		.loc 1 46 0
 139              		.cfi_startproc
 140              		@ args = 0, pretend = 0, frame = 0
 141              		@ frame_needed = 1, uses_anonymous_args = 0
 142 0080 00482DE9 		stmfd	sp!, {fp, lr}
 143              	.LCFI4:
 144              		.cfi_def_cfa_offset 8
 145              		.cfi_offset 11, -8
 146              		.cfi_offset 14, -4
 147 0084 04B08DE2 		add	fp, sp, #4
 148              	.LCFI5:
 149              		.cfi_def_cfa 11, 4
  47:../ar0234.c   **** 	if (glAr0234TxnMutexReady)
 150              		.loc 1 47 0
 151 0088 14309FE5 		ldr	r3, .L11
 152 008c 003093E5 		ldr	r3, [r3]
 153 0090 000053E3 		cmp	r3, #0
 154 0094 0100000A 		beq	.L9
  48:../ar0234.c   **** 	{
  49:../ar0234.c   **** 		CyU3PMutexPut(&glAr0234TxnMutex);
 155              		.loc 1 49 0
 156 0098 08009FE5 		ldr	r0, .L11+4
 157 009c FEFFFFEB 		bl	_txe_mutex_put
 158              	.L9:
  50:../ar0234.c   **** 	}
  51:../ar0234.c   **** }
 159              		.loc 1 51 0
 160 00a0 0088BDE8 		ldmfd	sp!, {fp, pc}
 161              	.L12:
 162              		.align	2
 163              	.L11:
 164 00a4 3C000000 		.word	glAr0234TxnMutexReady
 165 00a8 04000000 		.word	glAr0234TxnMutex
 166              		.cfi_endproc
 167              	.LFE2:
 169              		.align	2
 170              		.global	TemperatureMonitor_Start
 172              	TemperatureMonitor_Start:
 173              	.LFB3:
  52:../ar0234.c   **** 
  53:../ar0234.c   **** void TemperatureMonitor_Start(void)
  54:../ar0234.c   **** {
 174              		.loc 1 54 0
 175              		.cfi_startproc
 176              		@ args = 0, pretend = 0, frame = 0
 177              		@ frame_needed = 1, uses_anonymous_args = 0
 178 00ac 00482DE9 		stmfd	sp!, {fp, lr}
 179              	.LCFI6:
 180              		.cfi_def_cfa_offset 8
 181              		.cfi_offset 11, -8
 182              		.cfi_offset 14, -4
 183 00b0 04B08DE2 		add	fp, sp, #4
 184              	.LCFI7:
 185              		.cfi_def_cfa 11, 4
  55:../ar0234.c   **** 	AR0234_TxnInit();
 186              		.loc 1 55 0
 187 00b4 D1FFFFEB 		bl	AR0234_TxnInit
  56:../ar0234.c   ****     glIsTempMonitorActive = CyTrue;
 188              		.loc 1 56 0
 189 00b8 08309FE5 		ldr	r3, .L14
 190 00bc 0120A0E3 		mov	r2, #1
 191 00c0 002083E5 		str	r2, [r3]
  57:../ar0234.c   **** }
 192              		.loc 1 57 0
 193 00c4 0088BDE8 		ldmfd	sp!, {fp, pc}
 194              	.L15:
 195              		.align	2
 196              	.L14:
 197 00c8 00000000 		.word	glIsTempMonitorActive
 198              		.cfi_endproc
 199              	.LFE3:
 201              		.align	2
 202              		.global	CyFxUsbI2cTransfer_AR0234_WR
 204              	CyFxUsbI2cTransfer_AR0234_WR:
 205              	.LFB4:
  58:../ar0234.c   **** 
  59:../ar0234.c   **** // I2C写操作：向AR0234传感器写入寄存器配置
  60:../ar0234.c   **** CyU3PReturnStatus_t CyFxUsbI2cTransfer_AR0234_WR (
  61:../ar0234.c   ****         uint8_t   devAddr,// RGB传感器：0x20, MONO传感器：0x30
  62:../ar0234.c   ****         uint16_t  regAddr,// 16位寄存器地址
  63:../ar0234.c   ****         uint16_t  byteCount,// 数据字节数（固定为2字节）
  64:../ar0234.c   ****         uint16_t  data1)// 16位配置数据
  65:../ar0234.c   **** {
 206              		.loc 1 65 0
 207              		.cfi_startproc
 208              		@ args = 0, pretend = 0, frame = 32
 209              		@ frame_needed = 1, uses_anonymous_args = 0
 210 00cc 00482DE9 		stmfd	sp!, {fp, lr}
 211              	.LCFI8:
 212              		.cfi_def_cfa_offset 8
 213              		.cfi_offset 11, -8
 214              		.cfi_offset 14, -4
 215 00d0 04B08DE2 		add	fp, sp, #4
 216              	.LCFI9:
 217              		.cfi_def_cfa 11, 4
 218 00d4 20D04DE2 		sub	sp, sp, #32
 219 00d8 1D004BE5 		strb	r0, [fp, #-29]
 220 00dc B0124BE1 		strh	r1, [fp, #-32]	@ movhi
 221 00e0 B2224BE1 		strh	r2, [fp, #-34]	@ movhi
 222 00e4 B4324BE1 		strh	r3, [fp, #-36]	@ movhi
  66:../ar0234.c   ****     CyU3PI2cPreamble_t preamble;
  67:../ar0234.c   ****     CyU3PReturnStatus_t status = CY_U3P_SUCCESS;
 223              		.loc 1 67 0
 224 00e8 0030A0E3 		mov	r3, #0
 225 00ec 08300BE5 		str	r3, [fp, #-8]
  68:../ar0234.c   ****     uint8_t  buffer[IIC_WR_AR0234_BYTES];
  69:../ar0234.c   **** 
  70:../ar0234.c   **** 	// 构造I2C数据包：[设备地址] [高位寄存器] [低位寄存器] [高位数据] [低位数据]
  71:../ar0234.c   **** 	preamble.length    = 3;
 226              		.loc 1 71 0
 227 00f0 0330A0E3 		mov	r3, #3
 228 00f4 0C304BE5 		strb	r3, [fp, #-12]
  72:../ar0234.c   **** 	preamble.buffer[0] = devAddr;
 229              		.loc 1 72 0
 230 00f8 1D305BE5 		ldrb	r3, [fp, #-29]
 231 00fc 14304BE5 		strb	r3, [fp, #-20]
  73:../ar0234.c   **** 	preamble.buffer[1] = (uint8_t)(regAddr >> 8);
 232              		.loc 1 73 0
 233 0100 B0325BE1 		ldrh	r3, [fp, #-32]
 234 0104 2334A0E1 		mov	r3, r3, lsr #8
 235 0108 0338A0E1 		mov	r3, r3, asl #16
 236 010c 2338A0E1 		mov	r3, r3, lsr #16
 237 0110 FF3003E2 		and	r3, r3, #255
 238 0114 13304BE5 		strb	r3, [fp, #-19]
  74:../ar0234.c   **** 	preamble.buffer[2] = (uint8_t)(regAddr);
 239              		.loc 1 74 0
 240 0118 B0325BE1 		ldrh	r3, [fp, #-32]	@ movhi
 241 011c FF3003E2 		and	r3, r3, #255
 242 0120 12304BE5 		strb	r3, [fp, #-18]
  75:../ar0234.c   **** 	preamble.ctrlMask  = 0x0000;
 243              		.loc 1 75 0
 244 0124 0030A0E3 		mov	r3, #0
 245 0128 BA304BE1 		strh	r3, [fp, #-10]	@ movhi
  76:../ar0234.c   **** 
  77:../ar0234.c   **** 	buffer[0] = (uint8_t)(data1 >> 8);
 246              		.loc 1 77 0
 247 012c B4325BE1 		ldrh	r3, [fp, #-36]
 248 0130 2334A0E1 		mov	r3, r3, lsr #8
 249 0134 0338A0E1 		mov	r3, r3, asl #16
 250 0138 2338A0E1 		mov	r3, r3, lsr #16
 251 013c FF3003E2 		and	r3, r3, #255
 252 0140 18304BE5 		strb	r3, [fp, #-24]
  78:../ar0234.c   **** 	buffer[1] = (uint8_t)data1;
 253              		.loc 1 78 0
 254 0144 B4325BE1 		ldrh	r3, [fp, #-36]	@ movhi
 255 0148 FF3003E2 		and	r3, r3, #255
 256 014c 17304BE5 		strb	r3, [fp, #-23]
  79:../ar0234.c   **** 	status = CyU3PI2cTransmitBytes (&preamble, buffer, byteCount, 0);
 257              		.loc 1 79 0
 258 0150 B2325BE1 		ldrh	r3, [fp, #-34]
 259 0154 14104BE2 		sub	r1, fp, #20
 260 0158 18204BE2 		sub	r2, fp, #24
 261 015c 0100A0E1 		mov	r0, r1
 262 0160 0210A0E1 		mov	r1, r2
 263 0164 0320A0E1 		mov	r2, r3
 264 0168 0030A0E3 		mov	r3, #0
 265 016c FEFFFFEB 		bl	CyU3PI2cTransmitBytes
 266 0170 08000BE5 		str	r0, [fp, #-8]
  80:../ar0234.c   **** 	if (status != CY_U3P_SUCCESS)
 267              		.loc 1 80 0
 268 0174 08301BE5 		ldr	r3, [fp, #-8]
 269 0178 000053E3 		cmp	r3, #0
 270 017c 0100000A 		beq	.L17
  81:../ar0234.c   **** 	{
  82:../ar0234.c   **** 		return status;
 271              		.loc 1 82 0
 272 0180 08301BE5 		ldr	r3, [fp, #-8]
 273 0184 000000EA 		b	.L19
 274              	.L17:
  83:../ar0234.c   **** 	}
  84:../ar0234.c   **** 
  85:../ar0234.c   ****     return CY_U3P_SUCCESS;
 275              		.loc 1 85 0
 276 0188 0030A0E3 		mov	r3, #0
 277              	.L19:
  86:../ar0234.c   **** }
 278              		.loc 1 86 0
 279 018c 0300A0E1 		mov	r0, r3
 280 0190 04D04BE2 		sub	sp, fp, #4
 281              		@ sp needed
 282 0194 0088BDE8 		ldmfd	sp!, {fp, pc}
 283              		.cfi_endproc
 284              	.LFE4:
 286              		.align	2
 287              		.global	CyFxUsbI2cTransfer_AR0234_RD
 289              	CyFxUsbI2cTransfer_AR0234_RD:
 290              	.LFB5:
  87:../ar0234.c   **** 
  88:../ar0234.c   **** /* I2C read mcu(ar0234) */
  89:../ar0234.c   **** CyU3PReturnStatus_t
  90:../ar0234.c   **** CyFxUsbI2cTransfer_AR0234_RD (
  91:../ar0234.c   ****         uint8_t   devAddr,
  92:../ar0234.c   ****         uint16_t  regAddr,
  93:../ar0234.c   ****         uint16_t  byteCount,
  94:../ar0234.c   ****         uint8_t   *buffer)
  95:../ar0234.c   **** {
 291              		.loc 1 95 0
 292              		.cfi_startproc
 293              		@ args = 0, pretend = 0, frame = 32
 294              		@ frame_needed = 1, uses_anonymous_args = 0
 295 0198 00482DE9 		stmfd	sp!, {fp, lr}
 296              	.LCFI10:
 297              		.cfi_def_cfa_offset 8
 298              		.cfi_offset 11, -8
 299              		.cfi_offset 14, -4
 300 019c 04B08DE2 		add	fp, sp, #4
 301              	.LCFI11:
 302              		.cfi_def_cfa 11, 4
 303 01a0 20D04DE2 		sub	sp, sp, #32
 304 01a4 20300BE5 		str	r3, [fp, #-32]
 305 01a8 0030A0E1 		mov	r3, r0
 306 01ac 15304BE5 		strb	r3, [fp, #-21]
 307 01b0 B8114BE1 		strh	r1, [fp, #-24]	@ movhi
 308 01b4 BA214BE1 		strh	r2, [fp, #-26]	@ movhi
  96:../ar0234.c   ****     CyU3PI2cPreamble_t preamble;
  97:../ar0234.c   ****     CyU3PReturnStatus_t status = CY_U3P_SUCCESS;
 309              		.loc 1 97 0
 310 01b8 0030A0E3 		mov	r3, #0
 311 01bc 08300BE5 		str	r3, [fp, #-8]
  98:../ar0234.c   **** 
  99:../ar0234.c   **** 	/* Update the preamble information. */
 100:../ar0234.c   **** 	preamble.length    = 4;
 312              		.loc 1 100 0
 313 01c0 0430A0E3 		mov	r3, #4
 314 01c4 0C304BE5 		strb	r3, [fp, #-12]
 101:../ar0234.c   **** 	preamble.buffer[0] = devAddr;
 315              		.loc 1 101 0
 316 01c8 15305BE5 		ldrb	r3, [fp, #-21]
 317 01cc 14304BE5 		strb	r3, [fp, #-20]
 102:../ar0234.c   **** 	preamble.buffer[1] = (uint8_t)(regAddr >> 8);
 318              		.loc 1 102 0
 319 01d0 B8315BE1 		ldrh	r3, [fp, #-24]
 320 01d4 2334A0E1 		mov	r3, r3, lsr #8
 321 01d8 0338A0E1 		mov	r3, r3, asl #16
 322 01dc 2338A0E1 		mov	r3, r3, lsr #16
 323 01e0 FF3003E2 		and	r3, r3, #255
 324 01e4 13304BE5 		strb	r3, [fp, #-19]
 103:../ar0234.c   **** 	preamble.buffer[2] = (uint8_t)(regAddr);
 325              		.loc 1 103 0
 326 01e8 B8315BE1 		ldrh	r3, [fp, #-24]	@ movhi
 327 01ec FF3003E2 		and	r3, r3, #255
 328 01f0 12304BE5 		strb	r3, [fp, #-18]
 104:../ar0234.c   **** 	preamble.buffer[3] = (devAddr | 0x01);
 329              		.loc 1 104 0
 330 01f4 15305BE5 		ldrb	r3, [fp, #-21]
 331 01f8 013083E3 		orr	r3, r3, #1
 332 01fc FF3003E2 		and	r3, r3, #255
 333 0200 11304BE5 		strb	r3, [fp, #-17]
 105:../ar0234.c   **** 	preamble.ctrlMask  = 0x0004;
 334              		.loc 1 105 0
 335 0204 0430A0E3 		mov	r3, #4
 336 0208 BA304BE1 		strh	r3, [fp, #-10]	@ movhi
 106:../ar0234.c   **** 
 107:../ar0234.c   **** 	status = CyU3PI2cReceiveBytes (&preamble, buffer, byteCount, 0);
 337              		.loc 1 107 0
 338 020c BA315BE1 		ldrh	r3, [fp, #-26]
 339 0210 14204BE2 		sub	r2, fp, #20
 340 0214 0200A0E1 		mov	r0, r2
 341 0218 20101BE5 		ldr	r1, [fp, #-32]
 342 021c 0320A0E1 		mov	r2, r3
 343 0220 0030A0E3 		mov	r3, #0
 344 0224 FEFFFFEB 		bl	CyU3PI2cReceiveBytes
 345 0228 08000BE5 		str	r0, [fp, #-8]
 108:../ar0234.c   **** 	if (status != CY_U3P_SUCCESS)
 346              		.loc 1 108 0
 347 022c 08301BE5 		ldr	r3, [fp, #-8]
 348 0230 000053E3 		cmp	r3, #0
 349 0234 0100000A 		beq	.L21
 109:../ar0234.c   **** 	{
 110:../ar0234.c   **** 		return status;
 350              		.loc 1 110 0
 351 0238 08301BE5 		ldr	r3, [fp, #-8]
 352 023c 000000EA 		b	.L23
 353              	.L21:
 111:../ar0234.c   **** 	}
 112:../ar0234.c   ****     return CY_U3P_SUCCESS;
 354              		.loc 1 112 0
 355 0240 0030A0E3 		mov	r3, #0
 356              	.L23:
 113:../ar0234.c   **** }
 357              		.loc 1 113 0
 358 0244 0300A0E1 		mov	r0, r3
 359 0248 04D04BE2 		sub	sp, fp, #4
 360              		@ sp needed
 361 024c 0088BDE8 		ldmfd	sp!, {fp, pc}
 362              		.cfi_endproc
 363              	.LFE5:
 365              		.align	2
 366              		.global	AR0234_Write_Sensor1
 368              	AR0234_Write_Sensor1:
 369              	.LFB6:
 114:../ar0234.c   **** 
 115:../ar0234.c   **** void AR0234_Write_Sensor1(uint16_t  regAddr,uint16_t  regData)
 116:../ar0234.c   **** {
 370              		.loc 1 116 0
 371              		.cfi_startproc
 372              		@ args = 0, pretend = 0, frame = 16
 373              		@ frame_needed = 1, uses_anonymous_args = 0
 374 0250 00482DE9 		stmfd	sp!, {fp, lr}
 375              	.LCFI12:
 376              		.cfi_def_cfa_offset 8
 377              		.cfi_offset 11, -8
 378              		.cfi_offset 14, -4
 379 0254 04B08DE2 		add	fp, sp, #4
 380              	.LCFI13:
 381              		.cfi_def_cfa 11, 4
 382 0258 10D04DE2 		sub	sp, sp, #16
 383 025c 0020A0E1 		mov	r2, r0
 384 0260 0130A0E1 		mov	r3, r1
 385 0264 BE204BE1 		strh	r2, [fp, #-14]	@ movhi
 386 0268 B0314BE1 		strh	r3, [fp, #-16]	@ movhi
 117:../ar0234.c   **** 	uint8_t registerAddrHigh,registerAddrLow;
 118:../ar0234.c   **** 	uint8_t registerDataHigh,registerDataLow;
 119:../ar0234.c   **** 
 120:../ar0234.c   **** 	registerAddrHigh = regAddr >> 8;
 387              		.loc 1 120 0
 388 026c BE305BE1 		ldrh	r3, [fp, #-14]
 389 0270 2334A0E1 		mov	r3, r3, lsr #8
 390 0274 0338A0E1 		mov	r3, r3, asl #16
 391 0278 2338A0E1 		mov	r3, r3, lsr #16
 392 027c 05304BE5 		strb	r3, [fp, #-5]
 121:../ar0234.c   **** 	registerAddrLow = regAddr;
 393              		.loc 1 121 0
 394 0280 BE305BE1 		ldrh	r3, [fp, #-14]	@ movhi
 395 0284 06304BE5 		strb	r3, [fp, #-6]
 122:../ar0234.c   **** 	registerDataHigh = regData >> 8;
 396              		.loc 1 122 0
 397 0288 B0315BE1 		ldrh	r3, [fp, #-16]
 398 028c 2334A0E1 		mov	r3, r3, lsr #8
 399 0290 0338A0E1 		mov	r3, r3, asl #16
 400 0294 2338A0E1 		mov	r3, r3, lsr #16
 401 0298 07304BE5 		strb	r3, [fp, #-7]
 123:../ar0234.c   **** 	registerDataLow = regData;
 402              		.loc 1 123 0
 403 029c B0315BE1 		ldrh	r3, [fp, #-16]	@ movhi
 404 02a0 08304BE5 		strb	r3, [fp, #-8]
 124:../ar0234.c   **** 
 125:../ar0234.c   **** 	AR0234_TxnLock();
 405              		.loc 1 125 0
 406 02a4 69FFFFEB 		bl	AR0234_TxnLock
 126:../ar0234.c   **** 	CyFxSpiProtoWrite8 (0x01, 0x82, registerAddrHigh);
 407              		.loc 1 126 0
 408 02a8 05305BE5 		ldrb	r3, [fp, #-5]	@ zero_extendqisi2
 409 02ac 0100A0E3 		mov	r0, #1
 410 02b0 8210A0E3 		mov	r1, #130
 411 02b4 0320A0E1 		mov	r2, r3
 412 02b8 FEFFFFEB 		bl	CyFxSpiProtoWrite8
 127:../ar0234.c   **** 	CyFxSpiProtoWrite8 (0x01, 0x83, registerAddrLow);
 413              		.loc 1 127 0
 414 02bc 06305BE5 		ldrb	r3, [fp, #-6]	@ zero_extendqisi2
 415 02c0 0100A0E3 		mov	r0, #1
 416 02c4 8310A0E3 		mov	r1, #131
 417 02c8 0320A0E1 		mov	r2, r3
 418 02cc FEFFFFEB 		bl	CyFxSpiProtoWrite8
 128:../ar0234.c   **** 	CyFxSpiProtoWrite8 (0x01, 0x84, registerDataHigh);
 419              		.loc 1 128 0
 420 02d0 07305BE5 		ldrb	r3, [fp, #-7]	@ zero_extendqisi2
 421 02d4 0100A0E3 		mov	r0, #1
 422 02d8 8410A0E3 		mov	r1, #132
 423 02dc 0320A0E1 		mov	r2, r3
 424 02e0 FEFFFFEB 		bl	CyFxSpiProtoWrite8
 129:../ar0234.c   **** 	CyFxSpiProtoWrite8 (0x01, 0x85, registerDataLow);
 425              		.loc 1 129 0
 426 02e4 08305BE5 		ldrb	r3, [fp, #-8]	@ zero_extendqisi2
 427 02e8 0100A0E3 		mov	r0, #1
 428 02ec 8510A0E3 		mov	r1, #133
 429 02f0 0320A0E1 		mov	r2, r3
 430 02f4 FEFFFFEB 		bl	CyFxSpiProtoWrite8
 130:../ar0234.c   **** 	AR0234_TxnUnlock();
 431              		.loc 1 130 0
 432 02f8 60FFFFEB 		bl	AR0234_TxnUnlock
 131:../ar0234.c   **** //	CyFxSpiProtoWrite8 (0x01, 0x81, 0x01);
 132:../ar0234.c   **** //	CyFxSpiProtoWrite8 (0x01, 0x81, 0x00);
 133:../ar0234.c   **** 
 134:../ar0234.c   **** 	return;
 433              		.loc 1 134 0
 434 02fc 0000A0E1 		mov	r0, r0	@ nop
 135:../ar0234.c   **** }
 435              		.loc 1 135 0
 436 0300 04D04BE2 		sub	sp, fp, #4
 437              		@ sp needed
 438 0304 0088BDE8 		ldmfd	sp!, {fp, pc}
 439              		.cfi_endproc
 440              	.LFE6:
 442              		.align	2
 443              		.global	AR0234_read_sensor1
 445              	AR0234_read_sensor1:
 446              	.LFB7:
 136:../ar0234.c   **** 
 137:../ar0234.c   **** uint16_t AR0234_read_sensor1(uint16_t  regAddr)
 138:../ar0234.c   **** {
 447              		.loc 1 138 0
 448              		.cfi_startproc
 449              		@ args = 0, pretend = 0, frame = 16
 450              		@ frame_needed = 1, uses_anonymous_args = 0
 451 0308 00482DE9 		stmfd	sp!, {fp, lr}
 452              	.LCFI14:
 453              		.cfi_def_cfa_offset 8
 454              		.cfi_offset 11, -8
 455              		.cfi_offset 14, -4
 456 030c 04B08DE2 		add	fp, sp, #4
 457              	.LCFI15:
 458              		.cfi_def_cfa 11, 4
 459 0310 10D04DE2 		sub	sp, sp, #16
 460 0314 0030A0E1 		mov	r3, r0
 461 0318 BE304BE1 		strh	r3, [fp, #-14]	@ movhi
 139:../ar0234.c   **** 	uint8_t high_value;
 140:../ar0234.c   **** 	uint8_t low_value;
 141:../ar0234.c   **** 
 142:../ar0234.c   **** 	high_value = CyFxSpiProtoRead8(0x01, 0x82);
 462              		.loc 1 142 0
 463 031c 0100A0E3 		mov	r0, #1
 464 0320 8210A0E3 		mov	r1, #130
 465 0324 FEFFFFEB 		bl	CyFxSpiProtoRead8
 466 0328 0030A0E1 		mov	r3, r0
 467 032c 05304BE5 		strb	r3, [fp, #-5]
 143:../ar0234.c   **** 	low_value = CyFxSpiProtoRead8(0x01, 0x83);
 468              		.loc 1 143 0
 469 0330 0100A0E3 		mov	r0, #1
 470 0334 8310A0E3 		mov	r1, #131
 471 0338 FEFFFFEB 		bl	CyFxSpiProtoRead8
 472 033c 0030A0E1 		mov	r3, r0
 473 0340 06304BE5 		strb	r3, [fp, #-6]
 144:../ar0234.c   **** 	
 145:../ar0234.c   **** 	return (uint16_t)((high_value << 8) | low_value);
 474              		.loc 1 145 0
 475 0344 05305BE5 		ldrb	r3, [fp, #-5]	@ zero_extendqisi2
 476 0348 0334A0E1 		mov	r3, r3, asl #8
 477 034c 0338A0E1 		mov	r3, r3, asl #16
 478 0350 2328A0E1 		mov	r2, r3, lsr #16
 479 0354 06305BE5 		ldrb	r3, [fp, #-6]	@ zero_extendqisi2
 480 0358 0338A0E1 		mov	r3, r3, asl #16
 481 035c 2338A0E1 		mov	r3, r3, lsr #16
 482 0360 033082E1 		orr	r3, r2, r3
 483 0364 0338A0E1 		mov	r3, r3, asl #16
 484 0368 2338A0E1 		mov	r3, r3, lsr #16
 485 036c 0338A0E1 		mov	r3, r3, asl #16
 486 0370 2338A0E1 		mov	r3, r3, lsr #16
 146:../ar0234.c   **** }
 487              		.loc 1 146 0
 488 0374 0300A0E1 		mov	r0, r3
 489 0378 04D04BE2 		sub	sp, fp, #4
 490              		@ sp needed
 491 037c 0088BDE8 		ldmfd	sp!, {fp, pc}
 492              		.cfi_endproc
 493              	.LFE7:
 495              		.align	2
 496              		.global	AR0234_Write_Sensor2
 498              	AR0234_Write_Sensor2:
 499              	.LFB8:
 147:../ar0234.c   **** 
 148:../ar0234.c   **** void AR0234_Write_Sensor2(uint16_t  regAddr,uint16_t  regData)
 149:../ar0234.c   **** {
 500              		.loc 1 149 0
 501              		.cfi_startproc
 502              		@ args = 0, pretend = 0, frame = 16
 503              		@ frame_needed = 1, uses_anonymous_args = 0
 504 0380 00482DE9 		stmfd	sp!, {fp, lr}
 505              	.LCFI16:
 506              		.cfi_def_cfa_offset 8
 507              		.cfi_offset 11, -8
 508              		.cfi_offset 14, -4
 509 0384 04B08DE2 		add	fp, sp, #4
 510              	.LCFI17:
 511              		.cfi_def_cfa 11, 4
 512 0388 10D04DE2 		sub	sp, sp, #16
 513 038c 0020A0E1 		mov	r2, r0
 514 0390 0130A0E1 		mov	r3, r1
 515 0394 BE204BE1 		strh	r2, [fp, #-14]	@ movhi
 516 0398 B0314BE1 		strh	r3, [fp, #-16]	@ movhi
 150:../ar0234.c   **** 	uint8_t registerAddrHigh,registerAddrLow;
 151:../ar0234.c   **** 	uint8_t registerDataHigh,registerDataLow;
 152:../ar0234.c   **** 
 153:../ar0234.c   **** 	registerAddrHigh = regAddr >> 8;
 517              		.loc 1 153 0
 518 039c BE305BE1 		ldrh	r3, [fp, #-14]
 519 03a0 2334A0E1 		mov	r3, r3, lsr #8
 520 03a4 0338A0E1 		mov	r3, r3, asl #16
 521 03a8 2338A0E1 		mov	r3, r3, lsr #16
 522 03ac 05304BE5 		strb	r3, [fp, #-5]
 154:../ar0234.c   **** 	registerAddrLow = regAddr;
 523              		.loc 1 154 0
 524 03b0 BE305BE1 		ldrh	r3, [fp, #-14]	@ movhi
 525 03b4 06304BE5 		strb	r3, [fp, #-6]
 155:../ar0234.c   **** 	registerDataHigh = regData >> 8;
 526              		.loc 1 155 0
 527 03b8 B0315BE1 		ldrh	r3, [fp, #-16]
 528 03bc 2334A0E1 		mov	r3, r3, lsr #8
 529 03c0 0338A0E1 		mov	r3, r3, asl #16
 530 03c4 2338A0E1 		mov	r3, r3, lsr #16
 531 03c8 07304BE5 		strb	r3, [fp, #-7]
 156:../ar0234.c   **** 	registerDataLow = regData;
 532              		.loc 1 156 0
 533 03cc B0315BE1 		ldrh	r3, [fp, #-16]	@ movhi
 534 03d0 08304BE5 		strb	r3, [fp, #-8]
 157:../ar0234.c   **** 
 158:../ar0234.c   **** 	AR0234_TxnLock();
 535              		.loc 1 158 0
 536 03d4 1DFFFFEB 		bl	AR0234_TxnLock
 159:../ar0234.c   **** 	CyFxSpiProtoWrite8 (0x01, 0x92, registerAddrHigh);
 537              		.loc 1 159 0
 538 03d8 05305BE5 		ldrb	r3, [fp, #-5]	@ zero_extendqisi2
 539 03dc 0100A0E3 		mov	r0, #1
 540 03e0 9210A0E3 		mov	r1, #146
 541 03e4 0320A0E1 		mov	r2, r3
 542 03e8 FEFFFFEB 		bl	CyFxSpiProtoWrite8
 160:../ar0234.c   **** 	CyFxSpiProtoWrite8 (0x01, 0x93, registerAddrLow);
 543              		.loc 1 160 0
 544 03ec 06305BE5 		ldrb	r3, [fp, #-6]	@ zero_extendqisi2
 545 03f0 0100A0E3 		mov	r0, #1
 546 03f4 9310A0E3 		mov	r1, #147
 547 03f8 0320A0E1 		mov	r2, r3
 548 03fc FEFFFFEB 		bl	CyFxSpiProtoWrite8
 161:../ar0234.c   **** 	CyFxSpiProtoWrite8 (0x01, 0x94, registerDataHigh);
 549              		.loc 1 161 0
 550 0400 07305BE5 		ldrb	r3, [fp, #-7]	@ zero_extendqisi2
 551 0404 0100A0E3 		mov	r0, #1
 552 0408 9410A0E3 		mov	r1, #148
 553 040c 0320A0E1 		mov	r2, r3
 554 0410 FEFFFFEB 		bl	CyFxSpiProtoWrite8
 162:../ar0234.c   **** 	CyFxSpiProtoWrite8 (0x01, 0x95, registerDataLow);
 555              		.loc 1 162 0
 556 0414 08305BE5 		ldrb	r3, [fp, #-8]	@ zero_extendqisi2
 557 0418 0100A0E3 		mov	r0, #1
 558 041c 9510A0E3 		mov	r1, #149
 559 0420 0320A0E1 		mov	r2, r3
 560 0424 FEFFFFEB 		bl	CyFxSpiProtoWrite8
 163:../ar0234.c   **** 	AR0234_TxnUnlock();
 561              		.loc 1 163 0
 562 0428 14FFFFEB 		bl	AR0234_TxnUnlock
 164:../ar0234.c   **** //	CyFxSpiProtoWrite8 (0x01, 0x91, 0x01);
 165:../ar0234.c   **** //	CyFxSpiProtoWrite8 (0x01, 0x91, 0x00);
 166:../ar0234.c   **** 
 167:../ar0234.c   **** 	return;
 563              		.loc 1 167 0
 564 042c 0000A0E1 		mov	r0, r0	@ nop
 168:../ar0234.c   **** }
 565              		.loc 1 168 0
 566 0430 04D04BE2 		sub	sp, fp, #4
 567              		@ sp needed
 568 0434 0088BDE8 		ldmfd	sp!, {fp, pc}
 569              		.cfi_endproc
 570              	.LFE8:
 572              		.align	2
 573              		.global	CyFxGetSensor1param
 575              	CyFxGetSensor1param:
 576              	.LFB9:
 169:../ar0234.c   **** 
 170:../ar0234.c   **** //读取第一路传感器寄存器参数
 171:../ar0234.c   **** uint16_t CyFxGetSensor1param(uint16_t sensoraddr)
 172:../ar0234.c   **** {
 577              		.loc 1 172 0
 578              		.cfi_startproc
 579              		@ args = 0, pretend = 0, frame = 16
 580              		@ frame_needed = 1, uses_anonymous_args = 0
 581 0438 00482DE9 		stmfd	sp!, {fp, lr}
 582              	.LCFI18:
 583              		.cfi_def_cfa_offset 8
 584              		.cfi_offset 11, -8
 585              		.cfi_offset 14, -4
 586 043c 04B08DE2 		add	fp, sp, #4
 587              	.LCFI19:
 588              		.cfi_def_cfa 11, 4
 589 0440 10D04DE2 		sub	sp, sp, #16
 590 0444 0030A0E1 		mov	r3, r0
 591 0448 BE304BE1 		strh	r3, [fp, #-14]	@ movhi
 173:../ar0234.c   **** 	uint8_t  dataHigh = 0;
 592              		.loc 1 173 0
 593 044c 0030A0E3 		mov	r3, #0
 594 0450 09304BE5 		strb	r3, [fp, #-9]
 174:../ar0234.c   **** 	uint8_t  dataLow = 0;
 595              		.loc 1 174 0
 596 0454 0030A0E3 		mov	r3, #0
 597 0458 0A304BE5 		strb	r3, [fp, #-10]
 175:../ar0234.c   **** 	uint8_t  registerAddrHigh;
 176:../ar0234.c   **** 	uint8_t  registerAddrLow;
 177:../ar0234.c   **** 	uint16_t sensorparam = 0;
 598              		.loc 1 177 0
 599 045c 0030A0E3 		mov	r3, #0
 600 0460 B6304BE1 		strh	r3, [fp, #-6]	@ movhi
 178:../ar0234.c   **** 
 179:../ar0234.c   **** 	registerAddrHigh = (sensoraddr >> 8) & 0xFF;
 601              		.loc 1 179 0
 602 0464 BE305BE1 		ldrh	r3, [fp, #-14]
 603 0468 2334A0E1 		mov	r3, r3, lsr #8
 604 046c 0338A0E1 		mov	r3, r3, asl #16
 605 0470 2338A0E1 		mov	r3, r3, lsr #16
 606 0474 07304BE5 		strb	r3, [fp, #-7]
 180:../ar0234.c   **** 	registerAddrLow = sensoraddr & 0xFF;
 607              		.loc 1 180 0
 608 0478 BE305BE1 		ldrh	r3, [fp, #-14]	@ movhi
 609 047c 08304BE5 		strb	r3, [fp, #-8]
 181:../ar0234.c   **** 	AR0234_TxnLock();
 610              		.loc 1 181 0
 611 0480 F2FEFFEB 		bl	AR0234_TxnLock
 182:../ar0234.c   ****     CyFxSpiProtoWrite8 (0x01, 0x82, registerAddrHigh);
 612              		.loc 1 182 0
 613 0484 07305BE5 		ldrb	r3, [fp, #-7]	@ zero_extendqisi2
 614 0488 0100A0E3 		mov	r0, #1
 615 048c 8210A0E3 		mov	r1, #130
 616 0490 0320A0E1 		mov	r2, r3
 617 0494 FEFFFFEB 		bl	CyFxSpiProtoWrite8
 183:../ar0234.c   **** 	CyFxSpiProtoWrite8 (0x01, 0x83, registerAddrLow);
 618              		.loc 1 183 0
 619 0498 08305BE5 		ldrb	r3, [fp, #-8]	@ zero_extendqisi2
 620 049c 0100A0E3 		mov	r0, #1
 621 04a0 8310A0E3 		mov	r1, #131
 622 04a4 0320A0E1 		mov	r2, r3
 623 04a8 FEFFFFEB 		bl	CyFxSpiProtoWrite8
 184:../ar0234.c   **** 	CyFxSpiProtoWrite8 (0x01, 0x81, 0x22);
 624              		.loc 1 184 0
 625 04ac 0100A0E3 		mov	r0, #1
 626 04b0 8110A0E3 		mov	r1, #129
 627 04b4 2220A0E3 		mov	r2, #34
 628 04b8 FEFFFFEB 		bl	CyFxSpiProtoWrite8
 185:../ar0234.c   **** 	CyFxSpiProtoWrite8 (0x01, 0x81, 0x00); 
 629              		.loc 1 185 0
 630 04bc 0100A0E3 		mov	r0, #1
 631 04c0 8110A0E3 		mov	r1, #129
 632 04c4 0020A0E3 		mov	r2, #0
 633 04c8 FEFFFFEB 		bl	CyFxSpiProtoWrite8
 186:../ar0234.c   **** 	CyU3PThreadSleep (50);
 634              		.loc 1 186 0
 635 04cc 3200A0E3 		mov	r0, #50
 636 04d0 FEFFFFEB 		bl	_tx_thread_sleep
 187:../ar0234.c   **** 	(void)CyFxSpiProtoReadSelectedStatus8 (0x01, &dataHigh);
 637              		.loc 1 187 0
 638 04d4 09304BE2 		sub	r3, fp, #9
 639 04d8 0100A0E3 		mov	r0, #1
 640 04dc 0310A0E1 		mov	r1, r3
 641 04e0 FEFFFFEB 		bl	CyFxSpiProtoReadSelectedStatus8
 188:../ar0234.c   **** 	(void)CyFxSpiProtoReadSelectedStatus8 (0x02, &dataLow);
 642              		.loc 1 188 0
 643 04e4 0A304BE2 		sub	r3, fp, #10
 644 04e8 0200A0E3 		mov	r0, #2
 645 04ec 0310A0E1 		mov	r1, r3
 646 04f0 FEFFFFEB 		bl	CyFxSpiProtoReadSelectedStatus8
 189:../ar0234.c   **** 	(void)CyFxSpiProtoWrite8 (0x02, 0xff, 0x00);
 647              		.loc 1 189 0
 648 04f4 0200A0E3 		mov	r0, #2
 649 04f8 FF10A0E3 		mov	r1, #255
 650 04fc 0020A0E3 		mov	r2, #0
 651 0500 FEFFFFEB 		bl	CyFxSpiProtoWrite8
 190:../ar0234.c   **** 	AR0234_TxnUnlock();
 652              		.loc 1 190 0
 653 0504 DDFEFFEB 		bl	AR0234_TxnUnlock
 191:../ar0234.c   **** 
 192:../ar0234.c   **** 	sensorparam = (dataHigh<<8)|dataLow;
 654              		.loc 1 192 0
 655 0508 09305BE5 		ldrb	r3, [fp, #-9]	@ zero_extendqisi2
 656 050c 0334A0E1 		mov	r3, r3, asl #8
 657 0510 0338A0E1 		mov	r3, r3, asl #16
 658 0514 2328A0E1 		mov	r2, r3, lsr #16
 659 0518 0A305BE5 		ldrb	r3, [fp, #-10]	@ zero_extendqisi2
 660 051c 033082E1 		orr	r3, r2, r3
 661 0520 0338A0E1 		mov	r3, r3, asl #16
 662 0524 2338A0E1 		mov	r3, r3, lsr #16
 663 0528 B6304BE1 		strh	r3, [fp, #-6]	@ movhi
 193:../ar0234.c   **** 
 194:../ar0234.c   **** 	return sensorparam;
 664              		.loc 1 194 0
 665 052c B6305BE1 		ldrh	r3, [fp, #-6]
 195:../ar0234.c   **** }
 666              		.loc 1 195 0
 667 0530 0300A0E1 		mov	r0, r3
 668 0534 04D04BE2 		sub	sp, fp, #4
 669              		@ sp needed
 670 0538 0088BDE8 		ldmfd	sp!, {fp, pc}
 671              		.cfi_endproc
 672              	.LFE9:
 674              		.align	2
 675              		.global	CyFxGetSensor2param
 677              	CyFxGetSensor2param:
 678              	.LFB10:
 196:../ar0234.c   **** 
 197:../ar0234.c   **** 
 198:../ar0234.c   **** //读取第二路传感器寄存器参数
 199:../ar0234.c   **** uint16_t CyFxGetSensor2param(uint16_t sensoraddr)
 200:../ar0234.c   **** {
 679              		.loc 1 200 0
 680              		.cfi_startproc
 681              		@ args = 0, pretend = 0, frame = 16
 682              		@ frame_needed = 1, uses_anonymous_args = 0
 683 053c 00482DE9 		stmfd	sp!, {fp, lr}
 684              	.LCFI20:
 685              		.cfi_def_cfa_offset 8
 686              		.cfi_offset 11, -8
 687              		.cfi_offset 14, -4
 688 0540 04B08DE2 		add	fp, sp, #4
 689              	.LCFI21:
 690              		.cfi_def_cfa 11, 4
 691 0544 10D04DE2 		sub	sp, sp, #16
 692 0548 0030A0E1 		mov	r3, r0
 693 054c BE304BE1 		strh	r3, [fp, #-14]	@ movhi
 201:../ar0234.c   **** 	uint8_t  dataHigh = 0;
 694              		.loc 1 201 0
 695 0550 0030A0E3 		mov	r3, #0
 696 0554 09304BE5 		strb	r3, [fp, #-9]
 202:../ar0234.c   **** 	uint8_t  dataLow = 0;
 697              		.loc 1 202 0
 698 0558 0030A0E3 		mov	r3, #0
 699 055c 0A304BE5 		strb	r3, [fp, #-10]
 203:../ar0234.c   **** 	uint8_t  registerAddrHigh;
 204:../ar0234.c   **** 	uint8_t  registerAddrLow;	
 205:../ar0234.c   **** 	uint16_t sensorparam;
 206:../ar0234.c   **** 
 207:../ar0234.c   **** 	registerAddrHigh = (sensoraddr >> 8) & 0xFF;
 700              		.loc 1 207 0
 701 0560 BE305BE1 		ldrh	r3, [fp, #-14]
 702 0564 2334A0E1 		mov	r3, r3, lsr #8
 703 0568 0338A0E1 		mov	r3, r3, asl #16
 704 056c 2338A0E1 		mov	r3, r3, lsr #16
 705 0570 05304BE5 		strb	r3, [fp, #-5]
 208:../ar0234.c   **** 	registerAddrLow = sensoraddr & 0xFF;
 706              		.loc 1 208 0
 707 0574 BE305BE1 		ldrh	r3, [fp, #-14]	@ movhi
 708 0578 06304BE5 		strb	r3, [fp, #-6]
 209:../ar0234.c   **** 	AR0234_TxnLock();
 709              		.loc 1 209 0
 710 057c B3FEFFEB 		bl	AR0234_TxnLock
 210:../ar0234.c   ****     CyFxSpiProtoWrite8 (0x01, 0x92, registerAddrHigh);
 711              		.loc 1 210 0
 712 0580 05305BE5 		ldrb	r3, [fp, #-5]	@ zero_extendqisi2
 713 0584 0100A0E3 		mov	r0, #1
 714 0588 9210A0E3 		mov	r1, #146
 715 058c 0320A0E1 		mov	r2, r3
 716 0590 FEFFFFEB 		bl	CyFxSpiProtoWrite8
 211:../ar0234.c   **** 	CyFxSpiProtoWrite8 (0x01, 0x93, registerAddrLow);
 717              		.loc 1 211 0
 718 0594 06305BE5 		ldrb	r3, [fp, #-6]	@ zero_extendqisi2
 719 0598 0100A0E3 		mov	r0, #1
 720 059c 9310A0E3 		mov	r1, #147
 721 05a0 0320A0E1 		mov	r2, r3
 722 05a4 FEFFFFEB 		bl	CyFxSpiProtoWrite8
 212:../ar0234.c   **** 	CyFxSpiProtoWrite8 (0x01, 0x81, 0x22);
 723              		.loc 1 212 0
 724 05a8 0100A0E3 		mov	r0, #1
 725 05ac 8110A0E3 		mov	r1, #129
 726 05b0 2220A0E3 		mov	r2, #34
 727 05b4 FEFFFFEB 		bl	CyFxSpiProtoWrite8
 213:../ar0234.c   **** 	CyFxSpiProtoWrite8 (0x01, 0x81, 0x00);
 728              		.loc 1 213 0
 729 05b8 0100A0E3 		mov	r0, #1
 730 05bc 8110A0E3 		mov	r1, #129
 731 05c0 0020A0E3 		mov	r2, #0
 732 05c4 FEFFFFEB 		bl	CyFxSpiProtoWrite8
 214:../ar0234.c   **** 	CyU3PThreadSleep (50);
 733              		.loc 1 214 0
 734 05c8 3200A0E3 		mov	r0, #50
 735 05cc FEFFFFEB 		bl	_tx_thread_sleep
 215:../ar0234.c   **** 	(void)CyFxSpiProtoReadSelectedStatus8 (0x03, &dataHigh);
 736              		.loc 1 215 0
 737 05d0 09304BE2 		sub	r3, fp, #9
 738 05d4 0300A0E3 		mov	r0, #3
 739 05d8 0310A0E1 		mov	r1, r3
 740 05dc FEFFFFEB 		bl	CyFxSpiProtoReadSelectedStatus8
 216:../ar0234.c   **** 	(void)CyFxSpiProtoReadSelectedStatus8 (0x04, &dataLow);
 741              		.loc 1 216 0
 742 05e0 0A304BE2 		sub	r3, fp, #10
 743 05e4 0400A0E3 		mov	r0, #4
 744 05e8 0310A0E1 		mov	r1, r3
 745 05ec FEFFFFEB 		bl	CyFxSpiProtoReadSelectedStatus8
 217:../ar0234.c   **** 	(void)CyFxSpiProtoWrite8 (0x02, 0xff, 0x00);
 746              		.loc 1 217 0
 747 05f0 0200A0E3 		mov	r0, #2
 748 05f4 FF10A0E3 		mov	r1, #255
 749 05f8 0020A0E3 		mov	r2, #0
 750 05fc FEFFFFEB 		bl	CyFxSpiProtoWrite8
 218:../ar0234.c   **** 	AR0234_TxnUnlock();
 751              		.loc 1 218 0
 752 0600 9EFEFFEB 		bl	AR0234_TxnUnlock
 219:../ar0234.c   **** 
 220:../ar0234.c   **** 	sensorparam = (dataHigh<<8)|dataLow;
 753              		.loc 1 220 0
 754 0604 09305BE5 		ldrb	r3, [fp, #-9]	@ zero_extendqisi2
 755 0608 0334A0E1 		mov	r3, r3, asl #8
 756 060c 0338A0E1 		mov	r3, r3, asl #16
 757 0610 2328A0E1 		mov	r2, r3, lsr #16
 758 0614 0A305BE5 		ldrb	r3, [fp, #-10]	@ zero_extendqisi2
 759 0618 033082E1 		orr	r3, r2, r3
 760 061c 0338A0E1 		mov	r3, r3, asl #16
 761 0620 2338A0E1 		mov	r3, r3, lsr #16
 762 0624 B8304BE1 		strh	r3, [fp, #-8]	@ movhi
 221:../ar0234.c   **** 
 222:../ar0234.c   **** 	return sensorparam;
 763              		.loc 1 222 0
 764 0628 B8305BE1 		ldrh	r3, [fp, #-8]
 223:../ar0234.c   **** }
 765              		.loc 1 223 0
 766 062c 0300A0E1 		mov	r0, r3
 767 0630 04D04BE2 		sub	sp, fp, #4
 768              		@ sp needed
 769 0634 0088BDE8 		ldmfd	sp!, {fp, pc}
 770              		.cfi_endproc
 771              	.LFE10:
 773              		.align	2
 774              		.global	TemperatureSensor_Enable
 776              	TemperatureSensor_Enable:
 777              	.LFB11:
 224:../ar0234.c   **** 
 225:../ar0234.c   **** /**
 226:../ar0234.c   ****  * 启用温度传感器
 227:../ar0234.c   ****  */
 228:../ar0234.c   **** void TemperatureSensor_Enable(void)
 229:../ar0234.c   **** {
 778              		.loc 1 229 0
 779              		.cfi_startproc
 780              		@ args = 0, pretend = 0, frame = 0
 781              		@ frame_needed = 1, uses_anonymous_args = 0
 782 0638 00482DE9 		stmfd	sp!, {fp, lr}
 783              	.LCFI22:
 784              		.cfi_def_cfa_offset 8
 785              		.cfi_offset 11, -8
 786              		.cfi_offset 14, -4
 787 063c 04B08DE2 		add	fp, sp, #4
 788              	.LCFI23:
 789              		.cfi_def_cfa 11, 4
 230:../ar0234.c   ****     // 写入 R0x30B4 [0] = 1 和 R0x30B4 [4] = 1
 231:../ar0234.c   ****     // 0x0011 = 0000 0000 0001 0001
 232:../ar0234.c   **** 	AR0234_Write_Sensor1(0x30B4, 0x0011);
 790              		.loc 1 232 0
 791 0640 34009FE5 		ldr	r0, .L35
 792 0644 1110A0E3 		mov	r1, #17
 793 0648 FEFFFFEB 		bl	AR0234_Write_Sensor1
 233:../ar0234.c   **** 	AR0234_Write_Sensor2(0x30B4, 0x0011);
 794              		.loc 1 233 0
 795 064c 28009FE5 		ldr	r0, .L35
 796 0650 1110A0E3 		mov	r1, #17
 797 0654 FEFFFFEB 		bl	AR0234_Write_Sensor2
 234:../ar0234.c   **** 	CyFxSpiProtoWrite8 (0x01, 0x81, 0x11);
 798              		.loc 1 234 0
 799 0658 0100A0E3 		mov	r0, #1
 800 065c 8110A0E3 		mov	r1, #129
 801 0660 1120A0E3 		mov	r2, #17
 802 0664 FEFFFFEB 		bl	CyFxSpiProtoWrite8
 235:../ar0234.c   ****     CyFxSpiProtoWrite8 (0x01, 0x81, 0x00);
 803              		.loc 1 235 0
 804 0668 0100A0E3 		mov	r0, #1
 805 066c 8110A0E3 		mov	r1, #129
 806 0670 0020A0E3 		mov	r2, #0
 807 0674 FEFFFFEB 		bl	CyFxSpiProtoWrite8
 236:../ar0234.c   **** 	#ifdef AR0234_DIAG_DEBUG
 237:../ar0234.c   **** 	CyU3PDebugPrint(4, "TEMP sensor-enable\n");
 238:../ar0234.c   **** 	#endif
 239:../ar0234.c   **** }
 808              		.loc 1 239 0
 809 0678 0088BDE8 		ldmfd	sp!, {fp, pc}
 810              	.L36:
 811              		.align	2
 812              	.L35:
 813 067c B4300000 		.word	12468
 814              		.cfi_endproc
 815              	.LFE11:
 817              		.align	2
 818              		.global	TemperatureSensor_ReadCalibration
 820              	TemperatureSensor_ReadCalibration:
 821              	.LFB12:
 240:../ar0234.c   **** 
 241:../ar0234.c   **** /**
 242:../ar0234.c   ****  * 读取温度校准值 (R0x30C6 [9:0])
 243:../ar0234.c   ****  * @param pCalibSensor1: 指向传感器1校准值的指针（55°C时的ADC输出值，10位）
 244:../ar0234.c   ****  * @param pCalibSensor2: 指向传感器2校准值的指针（55°C时的ADC输出值，10位）
 245:../ar0234.c   ****  */
 246:../ar0234.c   **** void TemperatureSensor_ReadCalibration(uint16_t *pCalibSensor1, uint16_t *pCalibSensor2)
 247:../ar0234.c   **** {
 822              		.loc 1 247 0
 823              		.cfi_startproc
 824              		@ args = 0, pretend = 0, frame = 8
 825              		@ frame_needed = 1, uses_anonymous_args = 0
 826 0680 00482DE9 		stmfd	sp!, {fp, lr}
 827              	.LCFI24:
 828              		.cfi_def_cfa_offset 8
 829              		.cfi_offset 11, -8
 830              		.cfi_offset 14, -4
 831 0684 04B08DE2 		add	fp, sp, #4
 832              	.LCFI25:
 833              		.cfi_def_cfa 11, 4
 834 0688 08D04DE2 		sub	sp, sp, #8
 835 068c 08000BE5 		str	r0, [fp, #-8]
 836 0690 0C100BE5 		str	r1, [fp, #-12]
 248:../ar0234.c   **** 	// 只取低10位 [9:0]
 249:../ar0234.c   ****     if (pCalibSensor1 != NULL)
 837              		.loc 1 249 0
 838 0694 08301BE5 		ldr	r3, [fp, #-8]
 839 0698 000053E3 		cmp	r3, #0
 840 069c 0800000A 		beq	.L38
 250:../ar0234.c   **** 	{
 251:../ar0234.c   **** 		*pCalibSensor1 = CyFxGetSensor1param(0x30C6) & 0x03FF;
 841              		.loc 1 251 0
 842 06a0 54009FE5 		ldr	r0, .L40
 843 06a4 FEFFFFEB 		bl	CyFxGetSensor1param
 844 06a8 0030A0E1 		mov	r3, r0
 845 06ac 033BA0E1 		mov	r3, r3, asl #22
 846 06b0 233BA0E1 		mov	r3, r3, lsr #22
 847 06b4 0338A0E1 		mov	r3, r3, asl #16
 848 06b8 2328A0E1 		mov	r2, r3, lsr #16
 849 06bc 08301BE5 		ldr	r3, [fp, #-8]
 850 06c0 B020C3E1 		strh	r2, [r3]	@ movhi
 851              	.L38:
 252:../ar0234.c   **** 		#ifdef AR0234_DIAG_DEBUG
 253:../ar0234.c   **** 		CyU3PDebugPrint(4, "TEMP calib-s1=%d\n", *pCalibSensor1);
 254:../ar0234.c   **** 		#endif
 255:../ar0234.c   **** 	}
 256:../ar0234.c   **** 	if (pCalibSensor2 != NULL)
 852              		.loc 1 256 0
 853 06c4 0C301BE5 		ldr	r3, [fp, #-12]
 854 06c8 000053E3 		cmp	r3, #0
 855 06cc 0800000A 		beq	.L37
 257:../ar0234.c   **** 	{
 258:../ar0234.c   **** 		*pCalibSensor2 = CyFxGetSensor2param(0x30C6) & 0x03FF;
 856              		.loc 1 258 0
 857 06d0 24009FE5 		ldr	r0, .L40
 858 06d4 FEFFFFEB 		bl	CyFxGetSensor2param
 859 06d8 0030A0E1 		mov	r3, r0
 860 06dc 033BA0E1 		mov	r3, r3, asl #22
 861 06e0 233BA0E1 		mov	r3, r3, lsr #22
 862 06e4 0338A0E1 		mov	r3, r3, asl #16
 863 06e8 2328A0E1 		mov	r2, r3, lsr #16
 864 06ec 0C301BE5 		ldr	r3, [fp, #-12]
 865 06f0 B020C3E1 		strh	r2, [r3]	@ movhi
 866              	.L37:
 259:../ar0234.c   **** 		#ifdef AR0234_DIAG_DEBUG
 260:../ar0234.c   **** 		CyU3PDebugPrint(4, "TEMP calib-s2=%d\n", *pCalibSensor2);
 261:../ar0234.c   **** 		#endif
 262:../ar0234.c   **** 	}
 263:../ar0234.c   **** }
 867              		.loc 1 263 0
 868 06f4 04D04BE2 		sub	sp, fp, #4
 869              		@ sp needed
 870 06f8 0088BDE8 		ldmfd	sp!, {fp, pc}
 871              	.L41:
 872              		.align	2
 873              	.L40:
 874 06fc C6300000 		.word	12486
 875              		.cfi_endproc
 876              	.LFE12:
 878              		.align	2
 879              		.global	TemperatureSensor_ReadRawValue
 881              	TemperatureSensor_ReadRawValue:
 882              	.LFB13:
 264:../ar0234.c   **** 
 265:../ar0234.c   **** 
 266:../ar0234.c   **** 
 267:../ar0234.c   **** /**
 268:../ar0234.c   ****  * 读取温度传感器原始值 (R0x30B2 [9:0])
 269:../ar0234.c   ****  * @param pTempSensor1: 指向传感器1温度原始值的指针（当前温度ADC输出值，10位）
 270:../ar0234.c   ****  * @param pTempSensor2: 指向传感器2温度原始值的指针（当前温度ADC输出值，10位）
 271:../ar0234.c   ****  */
 272:../ar0234.c   **** void TemperatureSensor_ReadRawValue(uint16_t *pTempSensor1, uint16_t *pTempSensor2)
 273:../ar0234.c   **** {
 883              		.loc 1 273 0
 884              		.cfi_startproc
 885              		@ args = 0, pretend = 0, frame = 8
 886              		@ frame_needed = 1, uses_anonymous_args = 0
 887 0700 00482DE9 		stmfd	sp!, {fp, lr}
 888              	.LCFI26:
 889              		.cfi_def_cfa_offset 8
 890              		.cfi_offset 11, -8
 891              		.cfi_offset 14, -4
 892 0704 04B08DE2 		add	fp, sp, #4
 893              	.LCFI27:
 894              		.cfi_def_cfa 11, 4
 895 0708 08D04DE2 		sub	sp, sp, #8
 896 070c 08000BE5 		str	r0, [fp, #-8]
 897 0710 0C100BE5 		str	r1, [fp, #-12]
 274:../ar0234.c   **** 	// 只取低10位 [9:0]
 275:../ar0234.c   ****     if (pTempSensor1 != NULL)
 898              		.loc 1 275 0
 899 0714 08301BE5 		ldr	r3, [fp, #-8]
 900 0718 000053E3 		cmp	r3, #0
 901 071c 0800000A 		beq	.L43
 276:../ar0234.c   **** 	{
 277:../ar0234.c   **** 		*pTempSensor1 = CyFxGetSensor1param(0x30B2) & 0x03FF;
 902              		.loc 1 277 0
 903 0720 54009FE5 		ldr	r0, .L45
 904 0724 FEFFFFEB 		bl	CyFxGetSensor1param
 905 0728 0030A0E1 		mov	r3, r0
 906 072c 033BA0E1 		mov	r3, r3, asl #22
 907 0730 233BA0E1 		mov	r3, r3, lsr #22
 908 0734 0338A0E1 		mov	r3, r3, asl #16
 909 0738 2328A0E1 		mov	r2, r3, lsr #16
 910 073c 08301BE5 		ldr	r3, [fp, #-8]
 911 0740 B020C3E1 		strh	r2, [r3]	@ movhi
 912              	.L43:
 278:../ar0234.c   **** 		#ifdef AR0234_DIAG_DEBUG
 279:../ar0234.c   **** 		CyU3PDebugPrint(4, "TEMP raw-s1=%d\n", *pTempSensor1);
 280:../ar0234.c   **** 		#endif
 281:../ar0234.c   **** 	}
 282:../ar0234.c   **** 	if (pTempSensor2 != NULL)
 913              		.loc 1 282 0
 914 0744 0C301BE5 		ldr	r3, [fp, #-12]
 915 0748 000053E3 		cmp	r3, #0
 916 074c 0800000A 		beq	.L42
 283:../ar0234.c   **** 	{
 284:../ar0234.c   **** 		*pTempSensor2 = CyFxGetSensor2param(0x30B2) & 0x03FF;
 917              		.loc 1 284 0
 918 0750 24009FE5 		ldr	r0, .L45
 919 0754 FEFFFFEB 		bl	CyFxGetSensor2param
 920 0758 0030A0E1 		mov	r3, r0
 921 075c 033BA0E1 		mov	r3, r3, asl #22
 922 0760 233BA0E1 		mov	r3, r3, lsr #22
 923 0764 0338A0E1 		mov	r3, r3, asl #16
 924 0768 2328A0E1 		mov	r2, r3, lsr #16
 925 076c 0C301BE5 		ldr	r3, [fp, #-12]
 926 0770 B020C3E1 		strh	r2, [r3]	@ movhi
 927              	.L42:
 285:../ar0234.c   **** 		#ifdef AR0234_DIAG_DEBUG
 286:../ar0234.c   **** 		CyU3PDebugPrint(4, "TEMP raw-s2=%d\n", *pTempSensor2);
 287:../ar0234.c   **** 		#endif
 288:../ar0234.c   **** 	}
 289:../ar0234.c   **** }
 928              		.loc 1 289 0
 929 0774 04D04BE2 		sub	sp, fp, #4
 930              		@ sp needed
 931 0778 0088BDE8 		ldmfd	sp!, {fp, pc}
 932              	.L46:
 933              		.align	2
 934              	.L45:
 935 077c B2300000 		.word	12466
 936              		.cfi_endproc
 937              	.LFE13:
 939              		.global	__aeabi_ui2f
 940              		.global	__aeabi_fsub
 941              		.global	__aeabi_fmul
 942              		.global	__aeabi_fadd
 943              		.align	2
 944              		.global	TemperatureSensor_CalculateTemperature
 946              	TemperatureSensor_CalculateTemperature:
 947              	.LFB14:
 290:../ar0234.c   **** 
 291:../ar0234.c   **** /**
 292:../ar0234.c   ****  * 计算温度值（摄氏度）
 293:../ar0234.c   ****  * 公式：温度 = 0.7 × (R0x30B2[9:0] - R0x30C6[9:0]) + 55
 294:../ar0234.c   ****  * 
 295:../ar0234.c   ****  * @param rawValue: 当前温度原始值 (R0x30B2[9:0])
 296:../ar0234.c   ****  * @param calibValue: 校准值 (R0x30C6[9:0])
 297:../ar0234.c   ****  * @return: 温度值（摄氏度）
 298:../ar0234.c   ****  */
 299:../ar0234.c   **** float TemperatureSensor_CalculateTemperature(uint16_t rawValue, uint16_t calibValue)
 300:../ar0234.c   **** {
 948              		.loc 1 300 0
 949              		.cfi_startproc
 950              		@ args = 0, pretend = 0, frame = 16
 951              		@ frame_needed = 1, uses_anonymous_args = 0
 952 0780 10482DE9 		stmfd	sp!, {r4, fp, lr}
 953              	.LCFI28:
 954              		.cfi_def_cfa_offset 12
 955              		.cfi_offset 4, -12
 956              		.cfi_offset 11, -8
 957              		.cfi_offset 14, -4
 958 0784 08B08DE2 		add	fp, sp, #8
 959              	.LCFI29:
 960              		.cfi_def_cfa 11, 4
 961 0788 14D04DE2 		sub	sp, sp, #20
 962 078c 0020A0E1 		mov	r2, r0
 963 0790 0130A0E1 		mov	r3, r1
 964 0794 B6214BE1 		strh	r2, [fp, #-22]	@ movhi
 965 0798 B8314BE1 		strh	r3, [fp, #-24]	@ movhi
 301:../ar0234.c   ****     // 温度 = 0.7 × (当前值 - 校准值) + 55
 302:../ar0234.c   ****     float temperature = 0.7f * ((float)rawValue - (float)calibValue) + 55.0f;
 966              		.loc 1 302 0
 967 079c B6315BE1 		ldrh	r3, [fp, #-22]
 968 07a0 0300A0E1 		mov	r0, r3
 969 07a4 FEFFFFEB 		bl	__aeabi_ui2f
 970 07a8 0040A0E1 		mov	r4, r0
 971 07ac B8315BE1 		ldrh	r3, [fp, #-24]
 972 07b0 0300A0E1 		mov	r0, r3
 973 07b4 FEFFFFEB 		bl	__aeabi_ui2f
 974 07b8 0030A0E1 		mov	r3, r0
 975 07bc 0400A0E1 		mov	r0, r4
 976 07c0 0310A0E1 		mov	r1, r3
 977 07c4 FEFFFFEB 		bl	__aeabi_fsub
 978 07c8 0030A0E1 		mov	r3, r0
 979 07cc 0300A0E1 		mov	r0, r3
 980 07d0 28109FE5 		ldr	r1, .L49
 981 07d4 FEFFFFEB 		bl	__aeabi_fmul
 982 07d8 0030A0E1 		mov	r3, r0
 983 07dc 0300A0E1 		mov	r0, r3
 984 07e0 1C109FE5 		ldr	r1, .L49+4
 985 07e4 FEFFFFEB 		bl	__aeabi_fadd
 986 07e8 0030A0E1 		mov	r3, r0
 987 07ec 10300BE5 		str	r3, [fp, #-16]	@ float
 303:../ar0234.c   ****     return temperature;
 988              		.loc 1 303 0
 989 07f0 10301BE5 		ldr	r3, [fp, #-16]	@ float
 304:../ar0234.c   **** }
 990              		.loc 1 304 0
 991 07f4 0300A0E1 		mov	r0, r3
 992 07f8 08D04BE2 		sub	sp, fp, #8
 993              		@ sp needed
 994 07fc 1088BDE8 		ldmfd	sp!, {r4, fp, pc}
 995              	.L50:
 996              		.align	2
 997              	.L49:
 998 0800 3333333F 		.word	1060320051
 999 0804 00005C42 		.word	1113325568
 1000              		.cfi_endproc
 1001              	.LFE14:
 1003              		.align	2
 1004              		.global	TemperatureSensor_ReadTemperature
 1006              	TemperatureSensor_ReadTemperature:
 1007              	.LFB15:
 305:../ar0234.c   **** 
 306:../ar0234.c   **** 
 307:../ar0234.c   **** /**
 308:../ar0234.c   ****  * 读取两个传感器的温度值
 309:../ar0234.c   ****  * @param pTempSensor1: 指向传感器1温度值的指针（摄氏度）
 310:../ar0234.c   ****  * @param pTempSensor2: 指向传感器2温度值的指针（摄氏度）
 311:../ar0234.c   ****  */
 312:../ar0234.c   **** void TemperatureSensor_ReadTemperature(float *pTempSensor1, float *pTempSensor2)
 313:../ar0234.c   **** {
 1008              		.loc 1 313 0
 1009              		.cfi_startproc
 1010              		@ args = 0, pretend = 0, frame = 16
 1011              		@ frame_needed = 1, uses_anonymous_args = 0
 1012 0808 00482DE9 		stmfd	sp!, {fp, lr}
 1013              	.LCFI30:
 1014              		.cfi_def_cfa_offset 8
 1015              		.cfi_offset 11, -8
 1016              		.cfi_offset 14, -4
 1017 080c 04B08DE2 		add	fp, sp, #4
 1018              	.LCFI31:
 1019              		.cfi_def_cfa 11, 4
 1020 0810 10D04DE2 		sub	sp, sp, #16
 1021 0814 10000BE5 		str	r0, [fp, #-16]
 1022 0818 14100BE5 		str	r1, [fp, #-20]
 314:../ar0234.c   ****     uint16_t rawValue1, rawValue2;
 315:../ar0234.c   **** 	uint32_t tStart = CyU3PGetTime();
 1023              		.loc 1 315 0
 1024 081c FEFFFFEB 		bl	_tx_time_get
 1025 0820 08000BE5 		str	r0, [fp, #-8]
 316:../ar0234.c   ****     
 317:../ar0234.c   **** 	// 仅首次使能一次温度传感器。
 318:../ar0234.c   **** 	if (!glTempSensorEnabled)
 1026              		.loc 1 318 0
 1027 0824 3C319FE5 		ldr	r3, .L60
 1028 0828 003093E5 		ldr	r3, [r3]
 1029 082c 000053E3 		cmp	r3, #0
 1030 0830 0500001A 		bne	.L52
 319:../ar0234.c   **** 	{
 320:../ar0234.c   **** 		TemperatureSensor_Enable();
 1031              		.loc 1 320 0
 1032 0834 FEFFFFEB 		bl	TemperatureSensor_Enable
 321:../ar0234.c   **** 		CyU3PThreadSleep(5);
 1033              		.loc 1 321 0
 1034 0838 0500A0E3 		mov	r0, #5
 1035 083c FEFFFFEB 		bl	_tx_thread_sleep
 322:../ar0234.c   **** 		glTempSensorEnabled = CyTrue;
 1036              		.loc 1 322 0
 1037 0840 20319FE5 		ldr	r3, .L60
 1038 0844 0120A0E3 		mov	r2, #1
 1039 0848 002083E5 		str	r2, [r3]
 1040              	.L52:
 323:../ar0234.c   **** 	}
 324:../ar0234.c   **** 
 325:../ar0234.c   **** 	// 仅首次读取校准值，后续复用缓存。
 326:../ar0234.c   **** 	// 注意：只有校准值非零时才标记有效，避免I2C失败时缓存错误的0值导致后续温度计算严重偏差。
 327:../ar0234.c   **** 	if (!glTempCalibrationValid)
 1041              		.loc 1 327 0
 1042 084c 18319FE5 		ldr	r3, .L60+4
 1043 0850 003093E5 		ldr	r3, [r3]
 1044 0854 000053E3 		cmp	r3, #0
 1045 0858 0D00001A 		bne	.L53
 328:../ar0234.c   **** 	{
 329:../ar0234.c   **** 		TemperatureSensor_ReadCalibration(&glTempCalibSensor1, &glTempCalibSensor2);
 1046              		.loc 1 329 0
 1047 085c 0C019FE5 		ldr	r0, .L60+8
 1048 0860 0C119FE5 		ldr	r1, .L60+12
 1049 0864 FEFFFFEB 		bl	TemperatureSensor_ReadCalibration
 330:../ar0234.c   **** 		if (glTempCalibSensor1 != 0 && glTempCalibSensor2 != 0)
 1050              		.loc 1 330 0
 1051 0868 00319FE5 		ldr	r3, .L60+8
 1052 086c B030D3E1 		ldrh	r3, [r3]
 1053 0870 000053E3 		cmp	r3, #0
 1054 0874 0600000A 		beq	.L53
 1055              		.loc 1 330 0 is_stmt 0 discriminator 1
 1056 0878 F4309FE5 		ldr	r3, .L60+12
 1057 087c B030D3E1 		ldrh	r3, [r3]
 1058 0880 000053E3 		cmp	r3, #0
 1059 0884 0200000A 		beq	.L53
 331:../ar0234.c   **** 		{
 332:../ar0234.c   **** 			glTempCalibrationValid = CyTrue;
 1060              		.loc 1 332 0 is_stmt 1
 1061 0888 DC309FE5 		ldr	r3, .L60+4
 1062 088c 0120A0E3 		mov	r2, #1
 1063 0890 002083E5 		str	r2, [r3]
 1064              	.L53:
 333:../ar0234.c   **** 		}
 334:../ar0234.c   **** 		#ifdef AR0234_DIAG_DEBUG
 335:../ar0234.c   **** 		else
 336:../ar0234.c   **** 		{
 337:../ar0234.c   **** 			CyU3PDebugPrint(4, "TEMP calib read failed (got 0), will retry\n");
 338:../ar0234.c   **** 		}
 339:../ar0234.c   **** 		#endif
 340:../ar0234.c   **** 	}
 341:../ar0234.c   ****     
 342:../ar0234.c   ****     // 读取当前温度原始值
 343:../ar0234.c   ****     TemperatureSensor_ReadRawValue(&rawValue1, &rawValue2);
 1065              		.loc 1 343 0
 1066 0894 0A204BE2 		sub	r2, fp, #10
 1067 0898 0C304BE2 		sub	r3, fp, #12
 1068 089c 0200A0E1 		mov	r0, r2
 1069 08a0 0310A0E1 		mov	r1, r3
 1070 08a4 FEFFFFEB 		bl	TemperatureSensor_ReadRawValue
 344:../ar0234.c   ****     
 345:../ar0234.c   ****     // 计算温度
 346:../ar0234.c   **** 	// rawValue为0表示FPGA/I2C读取失败（sensorparam初始值），0x3FF表示总线异常；均跳过计算，输出55.0标
 347:../ar0234.c   **** 	if (pTempSensor1 != NULL)
 1071              		.loc 1 347 0
 1072 08a8 10301BE5 		ldr	r3, [fp, #-16]
 1073 08ac 000053E3 		cmp	r3, #0
 1074 08b0 1300000A 		beq	.L54
 348:../ar0234.c   **** 	{
 349:../ar0234.c   **** 		if (rawValue1 == 0 || rawValue1 == 0x03FF)
 1075              		.loc 1 349 0
 1076 08b4 BA305BE1 		ldrh	r3, [fp, #-10]
 1077 08b8 000053E3 		cmp	r3, #0
 1078 08bc 0300000A 		beq	.L55
 1079              		.loc 1 349 0 is_stmt 0 discriminator 1
 1080 08c0 BA205BE1 		ldrh	r2, [fp, #-10]
 1081 08c4 AC309FE5 		ldr	r3, .L60+16
 1082 08c8 030052E1 		cmp	r2, r3
 1083 08cc 0300001A 		bne	.L56
 1084              	.L55:
 350:../ar0234.c   **** 		{
 351:../ar0234.c   **** 			*pTempSensor1 = 55.0f;  // 读取失败标记
 1085              		.loc 1 351 0 is_stmt 1
 1086 08d0 10301BE5 		ldr	r3, [fp, #-16]
 1087 08d4 A0209FE5 		ldr	r2, .L60+20
 1088 08d8 002083E5 		str	r2, [r3]	@ float
 1089 08dc 080000EA 		b	.L54
 1090              	.L56:
 352:../ar0234.c   **** 			#ifdef AR0234_DIAG_DEBUG
 353:../ar0234.c   **** 			CyU3PDebugPrint(4, "TEMP raw-s1 invalid=%d, skip\n", rawValue1);
 354:../ar0234.c   **** 			#endif
 355:../ar0234.c   **** 		}
 356:../ar0234.c   **** 		else
 357:../ar0234.c   **** 		{
 358:../ar0234.c   **** 			*pTempSensor1 = TemperatureSensor_CalculateTemperature(rawValue1, glTempCalibSensor1);
 1091              		.loc 1 358 0
 1092 08e0 BA205BE1 		ldrh	r2, [fp, #-10]
 1093 08e4 84309FE5 		ldr	r3, .L60+8
 1094 08e8 B030D3E1 		ldrh	r3, [r3]
 1095 08ec 0200A0E1 		mov	r0, r2
 1096 08f0 0310A0E1 		mov	r1, r3
 1097 08f4 FEFFFFEB 		bl	TemperatureSensor_CalculateTemperature
 1098 08f8 0020A0E1 		mov	r2, r0
 1099 08fc 10301BE5 		ldr	r3, [fp, #-16]
 1100 0900 002083E5 		str	r2, [r3]	@ float
 1101              	.L54:
 359:../ar0234.c   **** 			#ifdef AR0234_DIAG_DEBUG
 360:../ar0234.c   **** 			CyU3PDebugPrint(4, "TEMP calc-s1=%dC\n", (int)(*pTempSensor1));
 361:../ar0234.c   **** 			#endif
 362:../ar0234.c   **** 		}
 363:../ar0234.c   **** 	}
 364:../ar0234.c   **** 	if (pTempSensor2 != NULL)
 1102              		.loc 1 364 0
 1103 0904 14301BE5 		ldr	r3, [fp, #-20]
 1104 0908 000053E3 		cmp	r3, #0
 1105 090c 1300000A 		beq	.L51
 365:../ar0234.c   **** 	{
 366:../ar0234.c   **** 		if (rawValue2 == 0 || rawValue2 == 0x03FF)
 1106              		.loc 1 366 0
 1107 0910 BC305BE1 		ldrh	r3, [fp, #-12]
 1108 0914 000053E3 		cmp	r3, #0
 1109 0918 0300000A 		beq	.L58
 1110              		.loc 1 366 0 is_stmt 0 discriminator 1
 1111 091c BC205BE1 		ldrh	r2, [fp, #-12]
 1112 0920 50309FE5 		ldr	r3, .L60+16
 1113 0924 030052E1 		cmp	r2, r3
 1114 0928 0300001A 		bne	.L59
 1115              	.L58:
 367:../ar0234.c   **** 		{
 368:../ar0234.c   **** 			*pTempSensor2 = 55.0f;  // 读取失败标记
 1116              		.loc 1 368 0 is_stmt 1
 1117 092c 14301BE5 		ldr	r3, [fp, #-20]
 1118 0930 44209FE5 		ldr	r2, .L60+20
 1119 0934 002083E5 		str	r2, [r3]	@ float
 1120 0938 080000EA 		b	.L51
 1121              	.L59:
 369:../ar0234.c   **** 			#ifdef AR0234_DIAG_DEBUG
 370:../ar0234.c   **** 			CyU3PDebugPrint(4, "TEMP raw-s2 invalid=%d, skip\n", rawValue2);
 371:../ar0234.c   **** 			#endif
 372:../ar0234.c   **** 		}
 373:../ar0234.c   **** 		else
 374:../ar0234.c   **** 		{
 375:../ar0234.c   **** 			*pTempSensor2 = TemperatureSensor_CalculateTemperature(rawValue2, glTempCalibSensor2);
 1122              		.loc 1 375 0
 1123 093c BC205BE1 		ldrh	r2, [fp, #-12]
 1124 0940 2C309FE5 		ldr	r3, .L60+12
 1125 0944 B030D3E1 		ldrh	r3, [r3]
 1126 0948 0200A0E1 		mov	r0, r2
 1127 094c 0310A0E1 		mov	r1, r3
 1128 0950 FEFFFFEB 		bl	TemperatureSensor_CalculateTemperature
 1129 0954 0020A0E1 		mov	r2, r0
 1130 0958 14301BE5 		ldr	r3, [fp, #-20]
 1131 095c 002083E5 		str	r2, [r3]	@ float
 1132              	.L51:
 376:../ar0234.c   **** 			#ifdef AR0234_DIAG_DEBUG
 377:../ar0234.c   **** 			CyU3PDebugPrint(4, "TEMP calc-s2=%dC\n", (int)(*pTempSensor2));
 378:../ar0234.c   **** 			#endif
 379:../ar0234.c   **** 		}
 380:../ar0234.c   **** 	}
 381:../ar0234.c   **** 
 382:../ar0234.c   **** 	#ifdef AR0234_DIAG_DEBUG
 383:../ar0234.c   **** 	CyU3PDebugPrint(4, "TEMP read-ms=%d\n", (int)(CyU3PGetTime() - tStart));
 384:../ar0234.c   **** 	#endif
 385:../ar0234.c   **** }
 1133              		.loc 1 385 0
 1134 0960 04D04BE2 		sub	sp, fp, #4
 1135              		@ sp needed
 1136 0964 0088BDE8 		ldmfd	sp!, {fp, pc}
 1137              	.L61:
 1138              		.align	2
 1139              	.L60:
 1140 0968 40000000 		.word	glTempSensorEnabled
 1141 096c 44000000 		.word	glTempCalibrationValid
 1142 0970 48000000 		.word	glTempCalibSensor1
 1143 0974 4A000000 		.word	glTempCalibSensor2
 1144 0978 FF030000 		.word	1023
 1145 097c 00005C42 		.word	1113325568
 1146              		.cfi_endproc
 1147              	.LFE15:
 1149              		.align	2
 1150              		.global	TemperatureMonitor_GetLastTemperature
 1152              	TemperatureMonitor_GetLastTemperature:
 1153              	.LFB16:
 386:../ar0234.c   **** 
 387:../ar0234.c   **** 
 388:../ar0234.c   **** /**
 389:../ar0234.c   ****  * 获取上次读取的温度值（不重新读取传感器）
 390:../ar0234.c   ****  * @param pTempSensor1: 指向传感器1温度值的指针
 391:../ar0234.c   ****  * @param pTempSensor2: 指向传感器2温度值的指针
 392:../ar0234.c   ****  */
 393:../ar0234.c   **** void TemperatureMonitor_GetLastTemperature(float *pTempSensor1, float *pTempSensor2)
 394:../ar0234.c   **** {
 1154              		.loc 1 394 0
 1155              		.cfi_startproc
 1156              		@ args = 0, pretend = 0, frame = 8
 1157              		@ frame_needed = 1, uses_anonymous_args = 0
 1158              		@ link register save eliminated.
 1159 0980 04B02DE5 		str	fp, [sp, #-4]!
 1160              	.LCFI32:
 1161              		.cfi_def_cfa_offset 4
 1162              		.cfi_offset 11, -4
 1163 0984 00B08DE2 		add	fp, sp, #0
 1164              	.LCFI33:
 1165              		.cfi_def_cfa_register 11
 1166 0988 0CD04DE2 		sub	sp, sp, #12
 1167 098c 08000BE5 		str	r0, [fp, #-8]
 1168 0990 0C100BE5 		str	r1, [fp, #-12]
 395:../ar0234.c   ****     if (pTempSensor1 != NULL)
 1169              		.loc 1 395 0
 1170 0994 08301BE5 		ldr	r3, [fp, #-8]
 1171 0998 000053E3 		cmp	r3, #0
 1172 099c 0300000A 		beq	.L63
 396:../ar0234.c   ****     {
 397:../ar0234.c   ****         *pTempSensor1 = glLastTempSensor1;
 1173              		.loc 1 397 0
 1174 09a0 30309FE5 		ldr	r3, .L65
 1175 09a4 002093E5 		ldr	r2, [r3]	@ float
 1176 09a8 08301BE5 		ldr	r3, [fp, #-8]
 1177 09ac 002083E5 		str	r2, [r3]	@ float
 1178              	.L63:
 398:../ar0234.c   ****     }
 399:../ar0234.c   ****     if (pTempSensor2 != NULL)
 1179              		.loc 1 399 0
 1180 09b0 0C301BE5 		ldr	r3, [fp, #-12]
 1181 09b4 000053E3 		cmp	r3, #0
 1182 09b8 0300000A 		beq	.L62
 400:../ar0234.c   ****     {
 401:../ar0234.c   ****         *pTempSensor2 = glLastTempSensor2;
 1183              		.loc 1 401 0
 1184 09bc 18309FE5 		ldr	r3, .L65+4
 1185 09c0 002093E5 		ldr	r2, [r3]	@ float
 1186 09c4 0C301BE5 		ldr	r3, [fp, #-12]
 1187 09c8 002083E5 		str	r2, [r3]	@ float
 1188              	.L62:
 402:../ar0234.c   ****     }
 403:../ar0234.c   **** }
 1189              		.loc 1 403 0
 1190 09cc 00D04BE2 		sub	sp, fp, #0
 1191              		@ sp needed
 1192 09d0 04B09DE4 		ldr	fp, [sp], #4
 1193 09d4 1EFF2FE1 		bx	lr
 1194              	.L66:
 1195              		.align	2
 1196              	.L65:
 1197 09d8 00000000 		.word	glLastTempSensor1
 1198 09dc 04000000 		.word	glLastTempSensor2
 1199              		.cfi_endproc
 1200              	.LFE16:
 1202              		.global	__aeabi_fcmpgt
 1203              		.global	__aeabi_fcmplt
 1204              		.align	2
 1205              		.global	TemperatureMonitor_Process
 1207              	TemperatureMonitor_Process:
 1208              	.LFB17:
 404:../ar0234.c   **** 
 405:../ar0234.c   **** /**
 406:../ar0234.c   ****  * 温度读取函数
 407:../ar0234.c   ****  * 每次调用就读取一次（立即读取，无10秒定时与触发标志）。
 408:../ar0234.c   ****  */
 409:../ar0234.c   **** void TemperatureMonitor_Process(void)
 410:../ar0234.c   **** {
 1209              		.loc 1 410 0
 1210              		.cfi_startproc
 1211              		@ args = 0, pretend = 0, frame = 8
 1212              		@ frame_needed = 1, uses_anonymous_args = 0
 1213 09e0 00482DE9 		stmfd	sp!, {fp, lr}
 1214              	.LCFI34:
 1215              		.cfi_def_cfa_offset 8
 1216              		.cfi_offset 11, -8
 1217              		.cfi_offset 14, -4
 1218 09e4 04B08DE2 		add	fp, sp, #4
 1219              	.LCFI35:
 1220              		.cfi_def_cfa 11, 4
 1221 09e8 08D04DE2 		sub	sp, sp, #8
 411:../ar0234.c   **** 	if (!glIsTempMonitorActive)
 1222              		.loc 1 411 0
 1223 09ec B4309FE5 		ldr	r3, .L80
 1224 09f0 003093E5 		ldr	r3, [r3]
 1225 09f4 000053E3 		cmp	r3, #0
 1226 09f8 2800000A 		beq	.L67
 412:../ar0234.c   **** 	{
 413:../ar0234.c   **** 		return;
 414:../ar0234.c   **** 	}
 415:../ar0234.c   **** 
 416:../ar0234.c   ****     float temp1, temp2;
 417:../ar0234.c   ****     TemperatureSensor_ReadTemperature(&temp1, &temp2);
 1227              		.loc 1 417 0
 1228 09fc 08204BE2 		sub	r2, fp, #8
 1229 0a00 0C304BE2 		sub	r3, fp, #12
 1230 0a04 0200A0E1 		mov	r0, r2
 1231 0a08 0310A0E1 		mov	r1, r3
 1232 0a0c FEFFFFEB 		bl	TemperatureSensor_ReadTemperature
 418:../ar0234.c   **** 
 419:../ar0234.c   ****     // 仅保存合理范围内的温度值（AR0234结温范围 -40~125°C），超范围则保留上次有效值，防止I2C偶发错
 420:../ar0234.c   ****     if (temp1 > -40.0f && temp1 < 125.0f)
 1233              		.loc 1 420 0
 1234 0a10 08301BE5 		ldr	r3, [fp, #-8]	@ float
 1235 0a14 0300A0E1 		mov	r0, r3
 1236 0a18 8C109FE5 		ldr	r1, .L80+4
 1237 0a1c FEFFFFEB 		bl	__aeabi_fcmpgt
 1238 0a20 0030A0E1 		mov	r3, r0
 1239 0a24 000053E3 		cmp	r3, #0
 1240 0a28 0900000A 		beq	.L70
 1241              		.loc 1 420 0 is_stmt 0 discriminator 1
 1242 0a2c 08301BE5 		ldr	r3, [fp, #-8]	@ float
 1243 0a30 0300A0E1 		mov	r0, r3
 1244 0a34 74109FE5 		ldr	r1, .L80+8
 1245 0a38 FEFFFFEB 		bl	__aeabi_fcmplt
 1246 0a3c 0030A0E1 		mov	r3, r0
 1247 0a40 000053E3 		cmp	r3, #0
 1248 0a44 0200000A 		beq	.L70
 421:../ar0234.c   ****     {
 422:../ar0234.c   ****         glLastTempSensor1 = temp1;
 1249              		.loc 1 422 0 is_stmt 1
 1250 0a48 08201BE5 		ldr	r2, [fp, #-8]	@ float
 1251 0a4c 60309FE5 		ldr	r3, .L80+12
 1252 0a50 002083E5 		str	r2, [r3]	@ float
 1253              	.L70:
 423:../ar0234.c   ****     }
 424:../ar0234.c   ****     else
 425:../ar0234.c   ****     {
 426:../ar0234.c   ****         #ifdef AR0234_DIAG_DEBUG
 427:../ar0234.c   ****         CyU3PDebugPrint(4, "TEMP s1 out-of-range=%dC, keep last=%dC\n", (int)temp1, (int)glLastTemp
 428:../ar0234.c   ****         #endif
 429:../ar0234.c   ****     }
 430:../ar0234.c   ****     if (temp2 > -40.0f && temp2 < 125.0f)
 1254              		.loc 1 430 0
 1255 0a54 0C301BE5 		ldr	r3, [fp, #-12]	@ float
 1256 0a58 0300A0E1 		mov	r0, r3
 1257 0a5c 48109FE5 		ldr	r1, .L80+4
 1258 0a60 FEFFFFEB 		bl	__aeabi_fcmpgt
 1259 0a64 0030A0E1 		mov	r3, r0
 1260 0a68 000053E3 		cmp	r3, #0
 1261 0a6c 0000001A 		bne	.L78
 1262 0a70 0A0000EA 		b	.L67
 1263              	.L78:
 1264              		.loc 1 430 0 is_stmt 0 discriminator 1
 1265 0a74 0C301BE5 		ldr	r3, [fp, #-12]	@ float
 1266 0a78 0300A0E1 		mov	r0, r3
 1267 0a7c 2C109FE5 		ldr	r1, .L80+8
 1268 0a80 FEFFFFEB 		bl	__aeabi_fcmplt
 1269 0a84 0030A0E1 		mov	r3, r0
 1270 0a88 000053E3 		cmp	r3, #0
 1271 0a8c 0000001A 		bne	.L79
 1272 0a90 020000EA 		b	.L67
 1273              	.L79:
 431:../ar0234.c   ****     {
 432:../ar0234.c   ****         glLastTempSensor2 = temp2;
 1274              		.loc 1 432 0 is_stmt 1
 1275 0a94 0C201BE5 		ldr	r2, [fp, #-12]	@ float
 1276 0a98 18309FE5 		ldr	r3, .L80+16
 1277 0a9c 002083E5 		str	r2, [r3]	@ float
 1278              	.L67:
 433:../ar0234.c   ****     }
 434:../ar0234.c   ****     else
 435:../ar0234.c   ****     {
 436:../ar0234.c   ****         #ifdef AR0234_DIAG_DEBUG
 437:../ar0234.c   ****         CyU3PDebugPrint(4, "TEMP s2 out-of-range=%dC, keep last=%dC\n", (int)temp2, (int)glLastTemp
 438:../ar0234.c   ****         #endif
 439:../ar0234.c   ****     }
 440:../ar0234.c   **** 
 441:../ar0234.c   ****     // 调试输出
 442:../ar0234.c   ****     #ifdef AR0234_DIAG_DEBUG
 443:../ar0234.c   **** 	CyU3PDebugPrint(4, "TEMP result s1=%dC s2=%dC\n", (int)glLastTempSensor1, (int)glLastTempSensor2);
 444:../ar0234.c   ****     #endif
 445:../ar0234.c   **** }
 1279              		.loc 1 445 0
 1280 0aa0 04D04BE2 		sub	sp, fp, #4
 1281              		@ sp needed
 1282 0aa4 0088BDE8 		ldmfd	sp!, {fp, pc}
 1283              	.L81:
 1284              		.align	2
 1285              	.L80:
 1286 0aa8 00000000 		.word	glIsTempMonitorActive
 1287 0aac 000020C2 		.word	-1038090240
 1288 0ab0 0000FA42 		.word	1123680256
 1289 0ab4 00000000 		.word	glLastTempSensor1
 1290 0ab8 04000000 		.word	glLastTempSensor2
 1291              		.cfi_endproc
 1292              	.LFE17:
 1294              		.align	2
 1295              		.global	AR0234_DumpCoreModeRegisters_Sequential100ms
 1297              	AR0234_DumpCoreModeRegisters_Sequential100ms:
 1298              	.LFB18:
 446:../ar0234.c   **** 
 447:../ar0234.c   **** 
 448:../ar0234.c   **** //读取AR0234核心模式寄存器
 449:../ar0234.c   **** void AR0234_DumpCoreModeRegisters_Sequential100ms(void)
 450:../ar0234.c   **** {
 1299              		.loc 1 450 0
 1300              		.cfi_startproc
 1301              		@ args = 0, pretend = 0, frame = 8
 1302              		@ frame_needed = 1, uses_anonymous_args = 0
 1303 0abc 00482DE9 		stmfd	sp!, {fp, lr}
 1304              	.LCFI36:
 1305              		.cfi_def_cfa_offset 8
 1306              		.cfi_offset 11, -8
 1307              		.cfi_offset 14, -4
 1308 0ac0 04B08DE2 		add	fp, sp, #4
 1309              	.LCFI37:
 1310              		.cfi_def_cfa 11, 4
 1311 0ac4 08D04DE2 		sub	sp, sp, #8
 451:../ar0234.c   **** 	uint16_t s1, s2;
 452:../ar0234.c   **** 	/* 0x30B0 */
 453:../ar0234.c   **** 	s1 = CyFxGetSensor1param(0x30B0); s2 = CyFxGetSensor2param(0x30B0);
 1312              		.loc 1 453 0
 1313 0ac8 E8009FE5 		ldr	r0, .L83
 1314 0acc FEFFFFEB 		bl	CyFxGetSensor1param
 1315 0ad0 0030A0E1 		mov	r3, r0
 1316 0ad4 B6304BE1 		strh	r3, [fp, #-6]	@ movhi
 1317 0ad8 D8009FE5 		ldr	r0, .L83
 1318 0adc FEFFFFEB 		bl	CyFxGetSensor2param
 1319 0ae0 0030A0E1 		mov	r3, r0
 1320 0ae4 B8304BE1 		strh	r3, [fp, #-8]	@ movhi
 454:../ar0234.c   **** 	#ifdef AR0234_DIAG_DEBUG
 455:../ar0234.c   **** 	CyU3PDebugPrint(4, "REG read reg=0x30B0 s1=%d\n", s1);
 456:../ar0234.c   **** 	CyU3PDebugPrint(4, "REG read reg=0x30B0 s2=%d\n", s2);
 457:../ar0234.c   **** 	#endif
 458:../ar0234.c   **** 	CyU3PThreadSleep(100);
 1321              		.loc 1 458 0
 1322 0ae8 6400A0E3 		mov	r0, #100
 1323 0aec FEFFFFEB 		bl	_tx_thread_sleep
 459:../ar0234.c   **** 	/* 0x30A2 */
 460:../ar0234.c   **** 	s1 = CyFxGetSensor1param(0x30A2); s2 = CyFxGetSensor2param(0x30A2);
 1324              		.loc 1 460 0
 1325 0af0 C4009FE5 		ldr	r0, .L83+4
 1326 0af4 FEFFFFEB 		bl	CyFxGetSensor1param
 1327 0af8 0030A0E1 		mov	r3, r0
 1328 0afc B6304BE1 		strh	r3, [fp, #-6]	@ movhi
 1329 0b00 B4009FE5 		ldr	r0, .L83+4
 1330 0b04 FEFFFFEB 		bl	CyFxGetSensor2param
 1331 0b08 0030A0E1 		mov	r3, r0
 1332 0b0c B8304BE1 		strh	r3, [fp, #-8]	@ movhi
 461:../ar0234.c   **** 	#ifdef AR0234_DIAG_DEBUG
 462:../ar0234.c   **** 	CyU3PDebugPrint(4, "REG read reg=0x30A2 s1=%d\n", s1);
 463:../ar0234.c   **** 	CyU3PDebugPrint(4, "REG read reg=0x30A2 s2=%d\n", s2);
 464:../ar0234.c   **** 	#endif
 465:../ar0234.c   **** 	CyU3PThreadSleep(100);
 1333              		.loc 1 465 0
 1334 0b10 6400A0E3 		mov	r0, #100
 1335 0b14 FEFFFFEB 		bl	_tx_thread_sleep
 466:../ar0234.c   **** 
 467:../ar0234.c   **** 	/* 0x30A6 */
 468:../ar0234.c   **** 	s1 = CyFxGetSensor1param(0x30A6); s2 = CyFxGetSensor2param(0x30A6);
 1336              		.loc 1 468 0
 1337 0b18 A0009FE5 		ldr	r0, .L83+8
 1338 0b1c FEFFFFEB 		bl	CyFxGetSensor1param
 1339 0b20 0030A0E1 		mov	r3, r0
 1340 0b24 B6304BE1 		strh	r3, [fp, #-6]	@ movhi
 1341 0b28 90009FE5 		ldr	r0, .L83+8
 1342 0b2c FEFFFFEB 		bl	CyFxGetSensor2param
 1343 0b30 0030A0E1 		mov	r3, r0
 1344 0b34 B8304BE1 		strh	r3, [fp, #-8]	@ movhi
 469:../ar0234.c   **** 	#ifdef AR0234_DIAG_DEBUG
 470:../ar0234.c   **** 	CyU3PDebugPrint(4, "REG read reg=0x30A6 s1=%d\n", s1);
 471:../ar0234.c   **** 	CyU3PDebugPrint(4, "REG read reg=0x30A6 s2=%d\n", s2);
 472:../ar0234.c   **** 	#endif
 473:../ar0234.c   **** 	CyU3PThreadSleep(100);
 1345              		.loc 1 473 0
 1346 0b38 6400A0E3 		mov	r0, #100
 1347 0b3c FEFFFFEB 		bl	_tx_thread_sleep
 474:../ar0234.c   **** 
 475:../ar0234.c   **** 	/* 0x3040 */
 476:../ar0234.c   **** 	s1 = CyFxGetSensor1param(0x3040); s2 = CyFxGetSensor2param(0x3040);
 1348              		.loc 1 476 0
 1349 0b40 C10DA0E3 		mov	r0, #12352
 1350 0b44 FEFFFFEB 		bl	CyFxGetSensor1param
 1351 0b48 0030A0E1 		mov	r3, r0
 1352 0b4c B6304BE1 		strh	r3, [fp, #-6]	@ movhi
 1353 0b50 C10DA0E3 		mov	r0, #12352
 1354 0b54 FEFFFFEB 		bl	CyFxGetSensor2param
 1355 0b58 0030A0E1 		mov	r3, r0
 1356 0b5c B8304BE1 		strh	r3, [fp, #-8]	@ movhi
 477:../ar0234.c   **** 	#ifdef AR0234_DIAG_DEBUG
 478:../ar0234.c   **** 	CyU3PDebugPrint(4, "REG read reg=0x3040 s1=%d\n", s1);
 479:../ar0234.c   **** 	CyU3PDebugPrint(4, "REG read reg=0x3040 s2=%d\n", s2);
 480:../ar0234.c   **** 	#endif
 481:../ar0234.c   **** 	CyU3PThreadSleep(100);
 1357              		.loc 1 481 0
 1358 0b60 6400A0E3 		mov	r0, #100
 1359 0b64 FEFFFFEB 		bl	_tx_thread_sleep
 482:../ar0234.c   **** 
 483:../ar0234.c   **** 	/* 0x30AE */
 484:../ar0234.c   **** 	s1 = CyFxGetSensor1param(0x30AE); s2 = CyFxGetSensor2param(0x30AE);
 1360              		.loc 1 484 0
 1361 0b68 54009FE5 		ldr	r0, .L83+12
 1362 0b6c FEFFFFEB 		bl	CyFxGetSensor1param
 1363 0b70 0030A0E1 		mov	r3, r0
 1364 0b74 B6304BE1 		strh	r3, [fp, #-6]	@ movhi
 1365 0b78 44009FE5 		ldr	r0, .L83+12
 1366 0b7c FEFFFFEB 		bl	CyFxGetSensor2param
 1367 0b80 0030A0E1 		mov	r3, r0
 1368 0b84 B8304BE1 		strh	r3, [fp, #-8]	@ movhi
 485:../ar0234.c   **** 	#ifdef AR0234_DIAG_DEBUG
 486:../ar0234.c   **** 	CyU3PDebugPrint(4, "REG read reg=0x30AE s1=%d\n", s1);
 487:../ar0234.c   **** 	CyU3PDebugPrint(4, "REG read reg=0x30AE s2=%d\n", s2);
 488:../ar0234.c   **** 	#endif
 489:../ar0234.c   **** 	CyU3PThreadSleep(100);
 1369              		.loc 1 489 0
 1370 0b88 6400A0E3 		mov	r0, #100
 1371 0b8c FEFFFFEB 		bl	_tx_thread_sleep
 490:../ar0234.c   **** 
 491:../ar0234.c   **** 	/* 0x30A8 */
 492:../ar0234.c   **** 	s1 = CyFxGetSensor1param(0x30A8); s2 = CyFxGetSensor2param(0x30A8);
 1372              		.loc 1 492 0
 1373 0b90 30009FE5 		ldr	r0, .L83+16
 1374 0b94 FEFFFFEB 		bl	CyFxGetSensor1param
 1375 0b98 0030A0E1 		mov	r3, r0
 1376 0b9c B6304BE1 		strh	r3, [fp, #-6]	@ movhi
 1377 0ba0 20009FE5 		ldr	r0, .L83+16
 1378 0ba4 FEFFFFEB 		bl	CyFxGetSensor2param
 1379 0ba8 0030A0E1 		mov	r3, r0
 1380 0bac B8304BE1 		strh	r3, [fp, #-8]	@ movhi
 493:../ar0234.c   **** 	#ifdef AR0234_DIAG_DEBUG
 494:../ar0234.c   **** 	CyU3PDebugPrint(4, "REG read reg=0x30A8 s1=%d\n", s1);
 495:../ar0234.c   **** 	CyU3PDebugPrint(4, "REG read reg=0x30A8 s2=%d\n", s2);
 496:../ar0234.c   **** 	#endif
 497:../ar0234.c   **** }
 1381              		.loc 1 497 0
 1382 0bb0 04D04BE2 		sub	sp, fp, #4
 1383              		@ sp needed
 1384 0bb4 0088BDE8 		ldmfd	sp!, {fp, pc}
 1385              	.L84:
 1386              		.align	2
 1387              	.L83:
 1388 0bb8 B0300000 		.word	12464
 1389 0bbc A2300000 		.word	12450
 1390 0bc0 A6300000 		.word	12454
 1391 0bc4 AE300000 		.word	12462
 1392 0bc8 A8300000 		.word	12456
 1393              		.cfi_endproc
 1394              	.LFE18:
 1396              		.align	2
 1397              		.global	AR0234_Context_Init
 1399              	AR0234_Context_Init:
 1400              	.LFB19:
 498:../ar0234.c   **** 
 499:../ar0234.c   **** void AR0234_Context_Init ()
 500:../ar0234.c   **** {
 1401              		.loc 1 500 0
 1402              		.cfi_startproc
 1403              		@ args = 0, pretend = 0, frame = 0
 1404              		@ frame_needed = 1, uses_anonymous_args = 0
 1405 0bcc 00482DE9 		stmfd	sp!, {fp, lr}
 1406              	.LCFI38:
 1407              		.cfi_def_cfa_offset 8
 1408              		.cfi_offset 11, -8
 1409              		.cfi_offset 14, -4
 1410 0bd0 04B08DE2 		add	fp, sp, #4
 1411              	.LCFI39:
 1412              		.cfi_def_cfa 11, 4
 501:../ar0234.c   **** 	AR0234_TxnInit();
 1413              		.loc 1 501 0
 1414 0bd4 09FDFFEB 		bl	AR0234_TxnInit
 502:../ar0234.c   **** 	glTempSensorEnabled = CyFalse;
 1415              		.loc 1 502 0
 1416 0bd8 C0309FE5 		ldr	r3, .L87
 1417 0bdc 0020A0E3 		mov	r2, #0
 1418 0be0 002083E5 		str	r2, [r3]
 503:../ar0234.c   **** 	glTempCalibrationValid = CyFalse;
 1419              		.loc 1 503 0
 1420 0be4 B8309FE5 		ldr	r3, .L87+4
 1421 0be8 0020A0E3 		mov	r2, #0
 1422 0bec 002083E5 		str	r2, [r3]
 504:../ar0234.c   **** 	glTempCalibSensor1 = 0;
 1423              		.loc 1 504 0
 1424 0bf0 B0309FE5 		ldr	r3, .L87+8
 1425 0bf4 0020A0E3 		mov	r2, #0
 1426 0bf8 B020C3E1 		strh	r2, [r3]	@ movhi
 505:../ar0234.c   **** 	glTempCalibSensor2 = 0;
 1427              		.loc 1 505 0
 1428 0bfc A8309FE5 		ldr	r3, .L87+12
 1429 0c00 0020A0E3 		mov	r2, #0
 1430 0c04 B020C3E1 		strh	r2, [r3]	@ movhi
 506:../ar0234.c   **** 
 507:../ar0234.c   **** 	AR0234ContextConfig.laserExposureSensor1 = 0x0093;   //MONO
 1431              		.loc 1 507 0
 1432 0c08 A0309FE5 		ldr	r3, .L87+16
 1433 0c0c 9320A0E3 		mov	r2, #147
 1434 0c10 B020C3E1 		strh	r2, [r3]	@ movhi
 508:../ar0234.c   **** 	AR0234ContextConfig.laserExposureSensor2 = 0x0093;   //RGB
 1435              		.loc 1 508 0
 1436 0c14 94309FE5 		ldr	r3, .L87+16
 1437 0c18 9320A0E3 		mov	r2, #147
 1438 0c1c B620C3E1 		strh	r2, [r3, #6]	@ movhi
 509:../ar0234.c   **** 	AR0234ContextConfig.whiteLightExposureSensor1 = 0x0126;
 1439              		.loc 1 509 0
 1440 0c20 88309FE5 		ldr	r3, .L87+16
 1441 0c24 88209FE5 		ldr	r2, .L87+20
 1442 0c28 B220C3E1 		strh	r2, [r3, #2]	@ movhi
 510:../ar0234.c   **** 	AR0234ContextConfig.whiteLightExposureSensor2 = 0x0126;
 1443              		.loc 1 510 0
 1444 0c2c 7C309FE5 		ldr	r3, .L87+16
 1445 0c30 7C209FE5 		ldr	r2, .L87+20
 1446 0c34 B820C3E1 		strh	r2, [r3, #8]	@ movhi
 511:../ar0234.c   **** 	AR0234ContextConfig.infraredLightExposureSensor1 = 0x0126;
 1447              		.loc 1 511 0
 1448 0c38 70309FE5 		ldr	r3, .L87+16
 1449 0c3c 70209FE5 		ldr	r2, .L87+20
 1450 0c40 B420C3E1 		strh	r2, [r3, #4]	@ movhi
 512:../ar0234.c   **** 	AR0234ContextConfig.infraredLightExposureSensor2 = 0x0126;
 1451              		.loc 1 512 0
 1452 0c44 64309FE5 		ldr	r3, .L87+16
 1453 0c48 64209FE5 		ldr	r2, .L87+20
 1454 0c4c BA20C3E1 		strh	r2, [r3, #10]	@ movhi
 513:../ar0234.c   **** 
 514:../ar0234.c   **** 	AR0234ContextConfig.laserGainSensor1 = 0x0080;
 1455              		.loc 1 514 0
 1456 0c50 58309FE5 		ldr	r3, .L87+16
 1457 0c54 8020A0E3 		mov	r2, #128
 1458 0c58 BC20C3E1 		strh	r2, [r3, #12]	@ movhi
 515:../ar0234.c   **** 	AR0234ContextConfig.laserGainSensor2 = 0x0080;
 1459              		.loc 1 515 0
 1460 0c5c 4C309FE5 		ldr	r3, .L87+16
 1461 0c60 8020A0E3 		mov	r2, #128
 1462 0c64 B221C3E1 		strh	r2, [r3, #18]	@ movhi
 516:../ar0234.c   **** 	AR0234ContextConfig.whiteLightGainSensor1 = 0x0080;
 1463              		.loc 1 516 0
 1464 0c68 40309FE5 		ldr	r3, .L87+16
 1465 0c6c 8020A0E3 		mov	r2, #128
 1466 0c70 BE20C3E1 		strh	r2, [r3, #14]	@ movhi
 517:../ar0234.c   **** 	AR0234ContextConfig.whiteLightGainSensor2 = 0x0080;
 1467              		.loc 1 517 0
 1468 0c74 34309FE5 		ldr	r3, .L87+16
 1469 0c78 8020A0E3 		mov	r2, #128
 1470 0c7c B421C3E1 		strh	r2, [r3, #20]	@ movhi
 518:../ar0234.c   **** 	AR0234ContextConfig.infraredLightGainSensor1 = 0x0080;
 1471              		.loc 1 518 0
 1472 0c80 28309FE5 		ldr	r3, .L87+16
 1473 0c84 8020A0E3 		mov	r2, #128
 1474 0c88 B021C3E1 		strh	r2, [r3, #16]	@ movhi
 519:../ar0234.c   **** 	AR0234ContextConfig.infraredLightGainSensor2 = 0x0080;
 1475              		.loc 1 519 0
 1476 0c8c 1C309FE5 		ldr	r3, .L87+16
 1477 0c90 8020A0E3 		mov	r2, #128
 1478 0c94 B621C3E1 		strh	r2, [r3, #22]	@ movhi
 520:../ar0234.c   **** 
 521:../ar0234.c   **** 	return;
 1479              		.loc 1 521 0
 1480 0c98 0000A0E1 		mov	r0, r0	@ nop
 522:../ar0234.c   **** }
 1481              		.loc 1 522 0
 1482 0c9c 0088BDE8 		ldmfd	sp!, {fp, pc}
 1483              	.L88:
 1484              		.align	2
 1485              	.L87:
 1486 0ca0 40000000 		.word	glTempSensorEnabled
 1487 0ca4 44000000 		.word	glTempCalibrationValid
 1488 0ca8 48000000 		.word	glTempCalibSensor1
 1489 0cac 4A000000 		.word	glTempCalibSensor2
 1490 0cb0 00000000 		.word	AR0234ContextConfig
 1491 0cb4 26010000 		.word	294
 1492              		.cfi_endproc
 1493              	.LFE19:
 1495              	.Letext0:
 1496              		.file 2 "c:\\program files (x86)\\cypress\\ez-usb fx3 sdk\\1.3\\arm gcc\\arm-none-eabi\\include\\s
 1497              		.file 3 "C:\\Program Files (x86)\\Cypress\\EZ-USB FX3 SDK\\1.3\\firmware\\u3p_firmware\\inc/cyu3ty
 1498              		.file 4 "C:\\Program Files (x86)\\Cypress\\EZ-USB FX3 SDK\\1.3\\firmware\\u3p_firmware\\inc/tx_por
 1499              		.file 5 "C:\\Program Files (x86)\\Cypress\\EZ-USB FX3 SDK\\1.3\\firmware\\u3p_firmware\\inc/tx_api
 1500              		.file 6 "C:\\Program Files (x86)\\Cypress\\EZ-USB FX3 SDK\\1.3\\firmware\\u3p_firmware\\inc/cyu3i2
 1501              		.file 7 "../ar0234.h"
 1502              		.file 8 "C:\\Program Files (x86)\\Cypress\\EZ-USB FX3 SDK\\1.3\\firmware\\u3p_firmware\\inc/cyu3dm
 1503              		.file 9 "C:\\Program Files (x86)\\Cypress\\EZ-USB FX3 SDK\\1.3\\firmware\\u3p_firmware\\inc/cyu3er
DEFINED SYMBOLS
                            *ABS*:00000000 ar0234.c
                            *COM*:00000040 glAr0234Buffer
                            *COM*:00000038 AR0234ContextConfig
C:\Users\liuxin\AppData\Local\Temp\ccYet3iL.s:19     .data:00000000 $d
C:\Users\liuxin\AppData\Local\Temp\ccYet3iL.s:22     .data:00000000 glLastTempSensor1
C:\Users\liuxin\AppData\Local\Temp\ccYet3iL.s:27     .data:00000004 glLastTempSensor2
C:\Users\liuxin\AppData\Local\Temp\ccYet3iL.s:30     .bss:00000000 $d
C:\Users\liuxin\AppData\Local\Temp\ccYet3iL.s:31     .bss:00000000 glIsTempMonitorActive
C:\Users\liuxin\AppData\Local\Temp\ccYet3iL.s:34     .bss:00000004 glAr0234TxnMutex
C:\Users\liuxin\AppData\Local\Temp\ccYet3iL.s:37     .bss:0000003c glAr0234TxnMutexReady
C:\Users\liuxin\AppData\Local\Temp\ccYet3iL.s:40     .bss:00000040 glTempSensorEnabled
C:\Users\liuxin\AppData\Local\Temp\ccYet3iL.s:43     .bss:00000044 glTempCalibrationValid
C:\Users\liuxin\AppData\Local\Temp\ccYet3iL.s:46     .bss:00000048 glTempCalibSensor1
C:\Users\liuxin\AppData\Local\Temp\ccYet3iL.s:49     .bss:0000004a glTempCalibSensor2
C:\Users\liuxin\AppData\Local\Temp\ccYet3iL.s:52     .text:00000000 $a
C:\Users\liuxin\AppData\Local\Temp\ccYet3iL.s:54     .text:00000000 AR0234_TxnInit
C:\Users\liuxin\AppData\Local\Temp\ccYet3iL.s:93     .text:00000048 $d
C:\Users\liuxin\AppData\Local\Temp\ccYet3iL.s:98     .text:00000050 $a
C:\Users\liuxin\AppData\Local\Temp\ccYet3iL.s:100    .text:00000050 AR0234_TxnLock
C:\Users\liuxin\AppData\Local\Temp\ccYet3iL.s:129    .text:00000078 $d
C:\Users\liuxin\AppData\Local\Temp\ccYet3iL.s:134    .text:00000080 $a
C:\Users\liuxin\AppData\Local\Temp\ccYet3iL.s:136    .text:00000080 AR0234_TxnUnlock
C:\Users\liuxin\AppData\Local\Temp\ccYet3iL.s:164    .text:000000a4 $d
C:\Users\liuxin\AppData\Local\Temp\ccYet3iL.s:169    .text:000000ac $a
C:\Users\liuxin\AppData\Local\Temp\ccYet3iL.s:172    .text:000000ac TemperatureMonitor_Start
C:\Users\liuxin\AppData\Local\Temp\ccYet3iL.s:197    .text:000000c8 $d
C:\Users\liuxin\AppData\Local\Temp\ccYet3iL.s:201    .text:000000cc $a
C:\Users\liuxin\AppData\Local\Temp\ccYet3iL.s:204    .text:000000cc CyFxUsbI2cTransfer_AR0234_WR
C:\Users\liuxin\AppData\Local\Temp\ccYet3iL.s:289    .text:00000198 CyFxUsbI2cTransfer_AR0234_RD
C:\Users\liuxin\AppData\Local\Temp\ccYet3iL.s:368    .text:00000250 AR0234_Write_Sensor1
C:\Users\liuxin\AppData\Local\Temp\ccYet3iL.s:445    .text:00000308 AR0234_read_sensor1
C:\Users\liuxin\AppData\Local\Temp\ccYet3iL.s:498    .text:00000380 AR0234_Write_Sensor2
C:\Users\liuxin\AppData\Local\Temp\ccYet3iL.s:575    .text:00000438 CyFxGetSensor1param
C:\Users\liuxin\AppData\Local\Temp\ccYet3iL.s:677    .text:0000053c CyFxGetSensor2param
C:\Users\liuxin\AppData\Local\Temp\ccYet3iL.s:776    .text:00000638 TemperatureSensor_Enable
C:\Users\liuxin\AppData\Local\Temp\ccYet3iL.s:813    .text:0000067c $d
C:\Users\liuxin\AppData\Local\Temp\ccYet3iL.s:817    .text:00000680 $a
C:\Users\liuxin\AppData\Local\Temp\ccYet3iL.s:820    .text:00000680 TemperatureSensor_ReadCalibration
C:\Users\liuxin\AppData\Local\Temp\ccYet3iL.s:874    .text:000006fc $d
C:\Users\liuxin\AppData\Local\Temp\ccYet3iL.s:878    .text:00000700 $a
C:\Users\liuxin\AppData\Local\Temp\ccYet3iL.s:881    .text:00000700 TemperatureSensor_ReadRawValue
C:\Users\liuxin\AppData\Local\Temp\ccYet3iL.s:935    .text:0000077c $d
C:\Users\liuxin\AppData\Local\Temp\ccYet3iL.s:943    .text:00000780 $a
C:\Users\liuxin\AppData\Local\Temp\ccYet3iL.s:946    .text:00000780 TemperatureSensor_CalculateTemperature
C:\Users\liuxin\AppData\Local\Temp\ccYet3iL.s:998    .text:00000800 $d
C:\Users\liuxin\AppData\Local\Temp\ccYet3iL.s:1003   .text:00000808 $a
C:\Users\liuxin\AppData\Local\Temp\ccYet3iL.s:1006   .text:00000808 TemperatureSensor_ReadTemperature
C:\Users\liuxin\AppData\Local\Temp\ccYet3iL.s:1140   .text:00000968 $d
C:\Users\liuxin\AppData\Local\Temp\ccYet3iL.s:1149   .text:00000980 $a
C:\Users\liuxin\AppData\Local\Temp\ccYet3iL.s:1152   .text:00000980 TemperatureMonitor_GetLastTemperature
C:\Users\liuxin\AppData\Local\Temp\ccYet3iL.s:1197   .text:000009d8 $d
C:\Users\liuxin\AppData\Local\Temp\ccYet3iL.s:1204   .text:000009e0 $a
C:\Users\liuxin\AppData\Local\Temp\ccYet3iL.s:1207   .text:000009e0 TemperatureMonitor_Process
C:\Users\liuxin\AppData\Local\Temp\ccYet3iL.s:1286   .text:00000aa8 $d
C:\Users\liuxin\AppData\Local\Temp\ccYet3iL.s:1294   .text:00000abc $a
C:\Users\liuxin\AppData\Local\Temp\ccYet3iL.s:1297   .text:00000abc AR0234_DumpCoreModeRegisters_Sequential100ms
C:\Users\liuxin\AppData\Local\Temp\ccYet3iL.s:1388   .text:00000bb8 $d
C:\Users\liuxin\AppData\Local\Temp\ccYet3iL.s:1396   .text:00000bcc $a
C:\Users\liuxin\AppData\Local\Temp\ccYet3iL.s:1399   .text:00000bcc AR0234_Context_Init
C:\Users\liuxin\AppData\Local\Temp\ccYet3iL.s:1486   .text:00000ca0 $d
                     .debug_frame:00000010 $d

UNDEFINED SYMBOLS
_txe_mutex_create
_txe_mutex_get
_txe_mutex_put
CyU3PI2cTransmitBytes
CyU3PI2cReceiveBytes
CyFxSpiProtoWrite8
CyFxSpiProtoRead8
_tx_thread_sleep
CyFxSpiProtoReadSelectedStatus8
__aeabi_ui2f
__aeabi_fsub
__aeabi_fmul
__aeabi_fadd
_tx_time_get
__aeabi_fcmpgt
__aeabi_fcmplt
