   1              		.cpu arm926ej-s
   2              		.fpu softvfp
   3              		.eabi_attribute 20, 1
   4              		.eabi_attribute 21, 1
   5              		.eabi_attribute 23, 3
   6              		.eabi_attribute 24, 1
   7              		.eabi_attribute 25, 1
   8              		.eabi_attribute 26, 1
   9              		.eabi_attribute 30, 6
  10              		.eabi_attribute 34, 0
  11              		.eabi_attribute 18, 4
  12              		.file	"cyfxslfifousbdscr.c"
  13              		.text
  14              	.Ltext0:
  15              		.cfi_sections	.debug_frame
  16              		.global	CyFxUSB30DeviceDscr
  17              		.section	.rodata
  18              		.align	5
  21              	CyFxUSB30DeviceDscr:
  22 0000 12       		.byte	18
  23 0001 01       		.byte	1
  24 0002 00       		.byte	0
  25 0003 03       		.byte	3
  26 0004 00       		.byte	0
  27 0005 00       		.byte	0
  28 0006 00       		.byte	0
  29 0007 09       		.byte	9
  30 0008 B4       		.byte	-76
  31 0009 04       		.byte	4
  32 000a F1       		.byte	-15
  33 000b 00       		.byte	0
  34 000c 00       		.byte	0
  35 000d 00       		.byte	0
  36 000e 01       		.byte	1
  37 000f 02       		.byte	2
  38 0010 00       		.byte	0
  39 0011 01       		.byte	1
  40              		.global	CyFxUSB20DeviceDscr
  41 0012 00000000 		.align	5
  41      00000000 
  41      00000000 
  41      0000
  44              	CyFxUSB20DeviceDscr:
  45 0020 12       		.byte	18
  46 0021 01       		.byte	1
  47 0022 10       		.byte	16
  48 0023 02       		.byte	2
  49 0024 00       		.byte	0
  50 0025 00       		.byte	0
  51 0026 00       		.byte	0
  52 0027 40       		.byte	64
  53 0028 B4       		.byte	-76
  54 0029 04       		.byte	4
  55 002a F1       		.byte	-15
  56 002b 00       		.byte	0
  57 002c 00       		.byte	0
  58 002d 00       		.byte	0
  59 002e 01       		.byte	1
  60 002f 02       		.byte	2
  61 0030 00       		.byte	0
  62 0031 01       		.byte	1
  63              		.global	CyFxUSBBOSDscr
  64 0032 00000000 		.align	5
  64      00000000 
  64      00000000 
  64      0000
  67              	CyFxUSBBOSDscr:
  68 0040 05       		.byte	5
  69 0041 0F       		.byte	15
  70 0042 16       		.byte	22
  71 0043 00       		.byte	0
  72 0044 02       		.byte	2
  73 0045 07       		.byte	7
  74 0046 10       		.byte	16
  75 0047 02       		.byte	2
  76 0048 02       		.byte	2
  77 0049 00       		.byte	0
  78 004a 00       		.byte	0
  79 004b 00       		.byte	0
  80 004c 0A       		.byte	10
  81 004d 10       		.byte	16
  82 004e 03       		.byte	3
  83 004f 00       		.byte	0
  84 0050 0E       		.byte	14
  85 0051 00       		.byte	0
  86 0052 03       		.byte	3
  87 0053 00       		.byte	0
  88 0054 00       		.byte	0
  89 0055 00       		.byte	0
  90              		.global	CyFxUSBDeviceQualDscr
  91 0056 00000000 		.align	5
  91      00000000 
  91      0000
  94              	CyFxUSBDeviceQualDscr:
  95 0060 0A       		.byte	10
  96 0061 06       		.byte	6
  97 0062 00       		.byte	0
  98 0063 02       		.byte	2
  99 0064 00       		.byte	0
 100 0065 00       		.byte	0
 101 0066 00       		.byte	0
 102 0067 40       		.byte	64
 103 0068 01       		.byte	1
 104 0069 00       		.byte	0
 105              		.global	CyFxUSBSSConfigDscr
 106 006a 00000000 		.align	5
 106      00000000 
 106      00000000 
 106      00000000 
 106      00000000 
 109              	CyFxUSBSSConfigDscr:
 110 0080 09       		.byte	9
 111 0081 02       		.byte	2
 112 0082 2C       		.byte	44
 113 0083 00       		.byte	0
 114 0084 01       		.byte	1
 115 0085 01       		.byte	1
 116 0086 00       		.byte	0
 117 0087 80       		.byte	-128
 118 0088 32       		.byte	50
 119 0089 09       		.byte	9
 120 008a 04       		.byte	4
 121 008b 00       		.byte	0
 122 008c 00       		.byte	0
 123 008d 02       		.byte	2
 124 008e FF       		.byte	-1
 125 008f 00       		.byte	0
 126 0090 00       		.byte	0
 127 0091 00       		.byte	0
 128 0092 07       		.byte	7
 129 0093 05       		.byte	5
 130 0094 81       		.byte	-127
 131 0095 02       		.byte	2
 132 0096 00       		.byte	0
 133 0097 04       		.byte	4
 134 0098 00       		.byte	0
 135 0099 06       		.byte	6
 136 009a 30       		.byte	48
 137 009b 0F       		.byte	15
 138 009c 00       		.byte	0
 139 009d 00       		.byte	0
 140 009e 00       		.byte	0
 141 009f 07       		.byte	7
 142 00a0 05       		.byte	5
 143 00a1 82       		.byte	-126
 144 00a2 02       		.byte	2
 145 00a3 00       		.byte	0
 146 00a4 04       		.byte	4
 147 00a5 00       		.byte	0
 148 00a6 06       		.byte	6
 149 00a7 30       		.byte	48
 150 00a8 00       		.byte	0
 151 00a9 00       		.byte	0
 152 00aa 00       		.byte	0
 153 00ab 00       		.byte	0
 154              		.global	CyFxUSBHSConfigDscr
 155 00ac 00000000 		.align	5
 155      00000000 
 155      00000000 
 155      00000000 
 155      00000000 
 158              	CyFxUSBHSConfigDscr:
 159 00c0 09       		.byte	9
 160 00c1 02       		.byte	2
 161 00c2 27       		.byte	39
 162 00c3 00       		.byte	0
 163 00c4 01       		.byte	1
 164 00c5 01       		.byte	1
 165 00c6 00       		.byte	0
 166 00c7 80       		.byte	-128
 167 00c8 32       		.byte	50
 168 00c9 09       		.byte	9
 169 00ca 04       		.byte	4
 170 00cb 00       		.byte	0
 171 00cc 00       		.byte	0
 172 00cd 03       		.byte	3
 173 00ce FF       		.byte	-1
 174 00cf 00       		.byte	0
 175 00d0 00       		.byte	0
 176 00d1 00       		.byte	0
 177 00d2 07       		.byte	7
 178 00d3 05       		.byte	5
 179 00d4 01       		.byte	1
 180 00d5 02       		.byte	2
 181 00d6 00       		.byte	0
 182 00d7 02       		.byte	2
 183 00d8 00       		.byte	0
 184 00d9 07       		.byte	7
 185 00da 05       		.byte	5
 186 00db 81       		.byte	-127
 187 00dc 02       		.byte	2
 188 00dd 00       		.byte	0
 189 00de 02       		.byte	2
 190 00df 00       		.byte	0
 191 00e0 07       		.byte	7
 192 00e1 05       		.byte	5
 193 00e2 82       		.byte	-126
 194 00e3 02       		.byte	2
 195 00e4 00       		.byte	0
 196 00e5 02       		.byte	2
 197 00e6 00       		.byte	0
 198              		.global	CyFxUSBFSConfigDscr
 199 00e7 00000000 		.align	5
 199      00000000 
 199      00000000 
 199      00000000 
 199      00000000 
 202              	CyFxUSBFSConfigDscr:
 203 0100 09       		.byte	9
 204 0101 02       		.byte	2
 205 0102 27       		.byte	39
 206 0103 00       		.byte	0
 207 0104 01       		.byte	1
 208 0105 01       		.byte	1
 209 0106 00       		.byte	0
 210 0107 80       		.byte	-128
 211 0108 32       		.byte	50
 212 0109 09       		.byte	9
 213 010a 04       		.byte	4
 214 010b 00       		.byte	0
 215 010c 00       		.byte	0
 216 010d 03       		.byte	3
 217 010e FF       		.byte	-1
 218 010f 00       		.byte	0
 219 0110 00       		.byte	0
 220 0111 00       		.byte	0
 221 0112 07       		.byte	7
 222 0113 05       		.byte	5
 223 0114 01       		.byte	1
 224 0115 02       		.byte	2
 225 0116 40       		.byte	64
 226 0117 00       		.byte	0
 227 0118 00       		.byte	0
 228 0119 07       		.byte	7
 229 011a 05       		.byte	5
 230 011b 81       		.byte	-127
 231 011c 02       		.byte	2
 232 011d 40       		.byte	64
 233 011e 00       		.byte	0
 234 011f 00       		.byte	0
 235 0120 07       		.byte	7
 236 0121 05       		.byte	5
 237 0122 82       		.byte	-126
 238 0123 02       		.byte	2
 239 0124 40       		.byte	64
 240 0125 00       		.byte	0
 241 0126 00       		.byte	0
 242              		.global	CyFxUSBStringLangIDDscr
 243 0127 00000000 		.align	5
 243      00000000 
 243      00000000 
 243      00000000 
 243      00000000 
 246              	CyFxUSBStringLangIDDscr:
 247 0140 04       		.byte	4
 248 0141 03       		.byte	3
 249 0142 09       		.byte	9
 250 0143 04       		.byte	4
 251              		.global	CyFxUSBManufactureDscr
 252 0144 00000000 		.align	5
 252      00000000 
 252      00000000 
 252      00000000 
 252      00000000 
 255              	CyFxUSBManufactureDscr:
 256 0160 10       		.byte	16
 257 0161 03       		.byte	3
 258 0162 43       		.byte	67
 259 0163 00       		.byte	0
 260 0164 79       		.byte	121
 261 0165 00       		.byte	0
 262 0166 70       		.byte	112
 263 0167 00       		.byte	0
 264 0168 72       		.byte	114
 265 0169 00       		.byte	0
 266 016a 65       		.byte	101
 267 016b 00       		.byte	0
 268 016c 73       		.byte	115
 269 016d 00       		.byte	0
 270 016e 73       		.byte	115
 271 016f 00       		.byte	0
 272              		.global	CyFxUSBProductDscr
 273 0170 00000000 		.align	5
 273      00000000 
 273      00000000 
 273      00000000 
 276              	CyFxUSBProductDscr:
 277 0180 08       		.byte	8
 278 0181 03       		.byte	3
 279 0182 46       		.byte	70
 280 0183 00       		.byte	0
 281 0184 58       		.byte	88
 282 0185 00       		.byte	0
 283 0186 33       		.byte	51
 284 0187 00       		.byte	0
 285              		.comm	CyFxUsbDscrAlignBuffer,32,32
 286 0188 00000000 		.text
 286      00000000 
 286      00000000 
 286      00000000 
 286      00000000 
 287              	.Letext0:
 288              		.file 1 "C:\\Program Files (x86)\\Cypress\\EZ-USB FX3 SDK\\1.3\\firmware\\u3p_firmware\\inc/cyu3us
 289              		.file 2 "../cyfxslfifousbdscr.c"
 290              		.file 3 "c:\\program files (x86)\\cypress\\ez-usb fx3 sdk\\1.3\\arm gcc\\arm-none-eabi\\include\\s
DEFINED SYMBOLS
                            *ABS*:00000000 cyfxslfifousbdscr.c
C:\Users\liuxin\AppData\Local\Temp\ccSSXQaT.s:21     .rodata:00000000 CyFxUSB30DeviceDscr
C:\Users\liuxin\AppData\Local\Temp\ccSSXQaT.s:18     .rodata:00000000 $d
C:\Users\liuxin\AppData\Local\Temp\ccSSXQaT.s:44     .rodata:00000020 CyFxUSB20DeviceDscr
C:\Users\liuxin\AppData\Local\Temp\ccSSXQaT.s:67     .rodata:00000040 CyFxUSBBOSDscr
C:\Users\liuxin\AppData\Local\Temp\ccSSXQaT.s:94     .rodata:00000060 CyFxUSBDeviceQualDscr
C:\Users\liuxin\AppData\Local\Temp\ccSSXQaT.s:109    .rodata:00000080 CyFxUSBSSConfigDscr
C:\Users\liuxin\AppData\Local\Temp\ccSSXQaT.s:158    .rodata:000000c0 CyFxUSBHSConfigDscr
C:\Users\liuxin\AppData\Local\Temp\ccSSXQaT.s:202    .rodata:00000100 CyFxUSBFSConfigDscr
C:\Users\liuxin\AppData\Local\Temp\ccSSXQaT.s:246    .rodata:00000140 CyFxUSBStringLangIDDscr
C:\Users\liuxin\AppData\Local\Temp\ccSSXQaT.s:255    .rodata:00000160 CyFxUSBManufactureDscr
C:\Users\liuxin\AppData\Local\Temp\ccSSXQaT.s:276    .rodata:00000180 CyFxUSBProductDscr
                            *COM*:00000020 CyFxUsbDscrAlignBuffer

NO UNDEFINED SYMBOLS
